Archive member included to satisfy reference by file (symbol)

/usr/local/bin/../lib/gcc/arm-none-eabi/5.2.1/armv7-m/libgcc.a(_ashldi3.o)
                              build/zoul/remote-revb/obj/mmc.o (__aeabi_llsl)
/usr/local/bin/../lib/gcc/arm-none-eabi/5.2.1/armv7-m/libgcc.a(_arm_addsubsf3.o)
                              build/zoul/remote-revb/obj/power-mgmt.o (__aeabi_fsub)
/usr/local/bin/../lib/gcc/arm-none-eabi/5.2.1/armv7-m/libgcc.a(_arm_muldivsf3.o)
                              build/zoul/remote-revb/obj/power-mgmt.o (__aeabi_fmul)
/usr/local/bin/../lib/gcc/arm-none-eabi/5.2.1/armv7-m/libgcc.a(_arm_fixunssfsi.o)
                              build/zoul/remote-revb/obj/power-mgmt.o (__aeabi_f2uiz)
/usr/local/bin/../lib/gcc/arm-none-eabi/5.2.1/armv7-m/libgcc.a(_aeabi_uldivmod.o)
                              build/zoul/remote-revb/obj/spi-legacy.o (__aeabi_uldivmod)
/usr/local/bin/../lib/gcc/arm-none-eabi/5.2.1/armv7-m/libgcc.a(_udivmoddi4.o)
                              /usr/local/bin/../lib/gcc/arm-none-eabi/5.2.1/armv7-m/libgcc.a(_aeabi_uldivmod.o) (__udivmoddi4)
/usr/local/bin/../lib/gcc/arm-none-eabi/5.2.1/armv7-m/libgcc.a(_dvmd_tls.o)
                              /usr/local/bin/../lib/gcc/arm-none-eabi/5.2.1/armv7-m/libgcc.a(_aeabi_uldivmod.o) (__aeabi_ldiv0)
/usr/local/bin/../lib/gcc/arm-none-eabi/5.2.1/../../../../arm-none-eabi/lib/armv7-m/libc.a(lib_a-malloc.o)
                              build/zoul/remote-revb/obj/syscall.o (malloc)
/usr/local/bin/../lib/gcc/arm-none-eabi/5.2.1/../../../../arm-none-eabi/lib/armv7-m/libc.a(lib_a-mallocr.o)
                              /usr/local/bin/../lib/gcc/arm-none-eabi/5.2.1/../../../../arm-none-eabi/lib/armv7-m/libc.a(lib_a-malloc.o) (_malloc_r)
/usr/local/bin/../lib/gcc/arm-none-eabi/5.2.1/../../../../arm-none-eabi/lib/armv7-m/libc.a(lib_a-memcmp.o)
                              build/zoul/remote-revb/obj/linkaddr.o (memcmp)
/usr/local/bin/../lib/gcc/arm-none-eabi/5.2.1/../../../../arm-none-eabi/lib/armv7-m/libc.a(lib_a-memcpy.o)
                              build/zoul/remote-revb/obj/ecc-algorithm.o (memcpy)
/usr/local/bin/../lib/gcc/arm-none-eabi/5.2.1/../../../../arm-none-eabi/lib/armv7-m/libc.a(lib_a-memmove.o)
                              build/zoul/remote-revb/obj/uip-icmp6.o (memmove)
/usr/local/bin/../lib/gcc/arm-none-eabi/5.2.1/../../../../arm-none-eabi/lib/armv7-m/libc.a(lib_a-memset.o)
                              build/zoul/remote-revb/obj/udma.o (memset)
/usr/local/bin/../lib/gcc/arm-none-eabi/5.2.1/../../../../arm-none-eabi/lib/armv7-m/libc.a(lib_a-mlock.o)
                              /usr/local/bin/../lib/gcc/arm-none-eabi/5.2.1/../../../../arm-none-eabi/lib/armv7-m/libc.a(lib_a-mallocr.o) (__malloc_lock)
/usr/local/bin/../lib/gcc/arm-none-eabi/5.2.1/../../../../arm-none-eabi/lib/armv7-m/libc.a(lib_a-reent.o)
                              build/zoul/remote-revb/obj/syscalls.o (errno)
/usr/local/bin/../lib/gcc/arm-none-eabi/5.2.1/../../../../arm-none-eabi/lib/armv7-m/libc.a(lib_a-sbrkr.o)
                              /usr/local/bin/../lib/gcc/arm-none-eabi/5.2.1/../../../../arm-none-eabi/lib/armv7-m/libc.a(lib_a-mallocr.o) (_sbrk_r)
/usr/local/bin/../lib/gcc/arm-none-eabi/5.2.1/../../../../arm-none-eabi/lib/armv7-m/libc.a(lib_a-strcmp.o)
                              build/zoul/remote-revb/obj/cfs-coffee.o (strcmp)
/usr/local/bin/../lib/gcc/arm-none-eabi/5.2.1/../../../../arm-none-eabi/lib/armv7-m/libc.a(lib_a-strlen-stub.o)
                              build/zoul/remote-revb/obj/sensors.o (strlen)
/usr/local/bin/../lib/gcc/arm-none-eabi/5.2.1/../../../../arm-none-eabi/lib/armv7-m/libc.a(lib_a-strncmp.o)
                              build/zoul/remote-revb/obj/sensors.o (strncmp)
/usr/local/bin/../lib/gcc/arm-none-eabi/5.2.1/../../../../arm-none-eabi/lib/armv7-m/libc.a(lib_a-strncpy.o)
                              build/zoul/remote-revb/obj/cfs-coffee.o (strncpy)
/usr/local/bin/../lib/gcc/arm-none-eabi/5.2.1/../../../../arm-none-eabi/lib/armv7-m/libc.a(lib_a-freer.o)
                              /usr/local/bin/../lib/gcc/arm-none-eabi/5.2.1/../../../../arm-none-eabi/lib/armv7-m/libc.a(lib_a-malloc.o) (_free_r)
/usr/local/bin/../lib/gcc/arm-none-eabi/5.2.1/../../../../arm-none-eabi/lib/armv7-m/libc.a(lib_a-impure.o)
                              /usr/local/bin/../lib/gcc/arm-none-eabi/5.2.1/../../../../arm-none-eabi/lib/armv7-m/libc.a(lib_a-malloc.o) (_impure_ptr)

Allocating common symbols
Common symbol       size              file

compower_idle_activity
                    0x10              build/zoul/remote-revb/obj/compower.o
energest_total_time
                    0x28              build/zoul/remote-revb/obj/energest.o
uip_ds6_timer_ra    0x8               build/zoul/remote-revb/obj/uip-ds6.o
rtcc_int1_callback  0x4               build/zoul/remote-revb/obj/rtcc.o
usb_setup_buffer    0x8               build/zoul/remote-revb/obj/usb-core.o
uip_ds6_if          0xf8              build/zoul/remote-revb/obj/uip-ds6.o
[...]
Memory Configuration

Name             Origin             Length             Attributes
FLASH_FW         0x00202000         0x0007dfd4         xr
FLASH_CCA        0x0027ffd4         0x0000002c         xr
NRSRAM           0x20000000         0x00004000         xrw
FRSRAM           0x20004000         0x00004000         xrw
*default*        0x00000000         0xffffffff

Linker script and memory map

LOAD build/zoul/remote-revb/obj/startup-gcc.o
LOAD build/zoul/remote-revb/obj/platform.o
LOAD build/zoul/remote-revb/obj/leds-arch.o
LOAD build/zoul/remote-revb/obj/leds.o
LOAD build/zoul/remote-revb/obj/cc1200-zoul-arch.o
LOAD build/zoul/remote-revb/obj/adc-zoul.o
LOAD build/zoul/remote-revb/obj/board-buttons.o
LOAD build/zoul/remote-revb/obj/zoul-sensors.o
LOAD build/zoul/remote-revb/obj/board.o
LOAD build/zoul/remote-revb/obj/antenna-sw.o
LOAD build/zoul/remote-revb/obj/mmc-arch.o
LOAD build/zoul/remote-revb/obj/rtcc.o
LOAD build/zoul/remote-revb/obj/power-mgmt.o
LOAD build/zoul/remote-revb/obj/soc.o
LOAD build/zoul/remote-revb/obj/clock.o
LOAD build/zoul/remote-revb/obj/rtimer-arch.o
LOAD build/zoul/remote-revb/obj/uart.o
LOAD build/zoul/remote-revb/obj/watchdog.o
LOAD build/zoul/remote-revb/obj/nvic.o
LOAD build/zoul/remote-revb/obj/sys-ctrl.o
LOAD build/zoul/remote-revb/obj/gpio.o
LOAD build/zoul/remote-revb/obj/ioc.o
LOAD build/zoul/remote-revb/obj/spi-legacy.o
LOAD build/zoul/remote-revb/obj/adc.o
LOAD build/zoul/remote-revb/obj/spi-arch.o
LOAD build/zoul/remote-revb/obj/crypto.o
LOAD build/zoul/remote-revb/obj/aes.o
LOAD build/zoul/remote-revb/obj/ecb.o
LOAD build/zoul/remote-revb/obj/cbc.o
LOAD build/zoul/remote-revb/obj/ctr.o
LOAD build/zoul/remote-revb/obj/cbc-mac.o
LOAD build/zoul/remote-revb/obj/gcm.o
LOAD build/zoul/remote-revb/obj/ccm.o
LOAD build/zoul/remote-revb/obj/sha256.o
LOAD build/zoul/remote-revb/obj/gpio-hal-arch.o
LOAD build/zoul/remote-revb/obj/cc2538-aes-128.o
LOAD build/zoul/remote-revb/obj/cc2538-ccm-star.o
LOAD build/zoul/remote-revb/obj/cc2538-rf.o
LOAD build/zoul/remote-revb/obj/udma.o
LOAD build/zoul/remote-revb/obj/lpm.o
LOAD build/zoul/remote-revb/obj/int-master.o
LOAD build/zoul/remote-revb/obj/pka.o
LOAD build/zoul/remote-revb/obj/bignum-driver.o
LOAD build/zoul/remote-revb/obj/ecc-driver.o
LOAD build/zoul/remote-revb/obj/ecc-algorithm.o
LOAD build/zoul/remote-revb/obj/ecc-curve.o
LOAD build/zoul/remote-revb/obj/dbg.o
LOAD build/zoul/remote-revb/obj/ieee-addr.o
LOAD build/zoul/remote-revb/obj/slip-arch.o
LOAD build/zoul/remote-revb/obj/slip.o
LOAD build/zoul/remote-revb/obj/i2c.o
LOAD build/zoul/remote-revb/obj/cc2538-temp-sensor.o
LOAD build/zoul/remote-revb/obj/vdd3-sensor.o
LOAD build/zoul/remote-revb/obj/cfs-coffee.o
LOAD build/zoul/remote-revb/obj/cfs-coffee-arch.o
LOAD build/zoul/remote-revb/obj/pwm.o
LOAD build/zoul/remote-revb/obj/usb-core.o
LOAD build/zoul/remote-revb/obj/cdc-acm.o
LOAD build/zoul/remote-revb/obj/usb-arch.o
LOAD build/zoul/remote-revb/obj/usb-serial.o
LOAD build/zoul/remote-revb/obj/cdc-acm-descriptors.o
LOAD build/zoul/remote-revb/obj/simple-energest.o
LOAD build/zoul/remote-revb/obj/contiki-main.o
LOAD build/zoul/remote-revb/obj/autostart.o
LOAD build/zoul/remote-revb/obj/stimer.o
LOAD build/zoul/remote-revb/obj/atomic.o
LOAD build/zoul/remote-revb/obj/log.o
LOAD build/zoul/remote-revb/obj/energest.o
LOAD build/zoul/remote-revb/obj/etimer.o
LOAD build/zoul/remote-revb/obj/node-id.o
LOAD build/zoul/remote-revb/obj/mutex.o
LOAD build/zoul/remote-revb/obj/ctimer.o
LOAD build/zoul/remote-revb/obj/compower.o
LOAD build/zoul/remote-revb/obj/process.o
LOAD build/zoul/remote-revb/obj/rtimer.o
LOAD build/zoul/remote-revb/obj/timer.o
LOAD build/zoul/remote-revb/obj/stack-check.o
LOAD build/zoul/remote-revb/obj/dbl-circ-list.o
LOAD build/zoul/remote-revb/obj/crc16.o
LOAD build/zoul/remote-revb/obj/ifft.o
LOAD build/zoul/remote-revb/obj/ccm-star.o
LOAD build/zoul/remote-revb/obj/sensors.o
LOAD build/zoul/remote-revb/obj/dbl-list.o
LOAD build/zoul/remote-revb/obj/ringbufindex.o
LOAD build/zoul/remote-revb/obj/list.o
LOAD build/zoul/remote-revb/obj/circular-list.o
LOAD build/zoul/remote-revb/obj/aes-128.o
LOAD build/zoul/remote-revb/obj/trickle-timer.o
LOAD build/zoul/remote-revb/obj/memb.o
LOAD build/zoul/remote-revb/obj/heapmem.o
LOAD build/zoul/remote-revb/obj/random.o
LOAD build/zoul/remote-revb/obj/assert.o
LOAD build/zoul/remote-revb/obj/ringbuf.o
LOAD build/zoul/remote-revb/obj/button-hal.o
LOAD build/zoul/remote-revb/obj/serial-line.o
LOAD build/zoul/remote-revb/obj/spi.o
LOAD build/zoul/remote-revb/obj/nullradio.o
LOAD build/zoul/remote-revb/obj/gpio-hal.o
LOAD build/zoul/remote-revb/obj/queuebuf.o
LOAD build/zoul/remote-revb/obj/nbr-table.o
LOAD build/zoul/remote-revb/obj/packetbuf.o
LOAD build/zoul/remote-revb/obj/netstack.o
LOAD build/zoul/remote-revb/obj/linkaddr.o
LOAD build/zoul/remote-revb/obj/net-debug.o
LOAD build/zoul/remote-revb/obj/link-stats.o
LOAD build/zoul/remote-revb/obj/mac-sequence.o
LOAD build/zoul/remote-revb/obj/mac.o
LOAD build/zoul/remote-revb/obj/frame802154e-ie.o
LOAD build/zoul/remote-revb/obj/framer-802154.o
LOAD build/zoul/remote-revb/obj/nullframer.o
LOAD build/zoul/remote-revb/obj/frame802154.o
LOAD build/zoul/remote-revb/obj/ff.o
LOAD build/zoul/remote-revb/obj/syscall.o
LOAD build/zoul/remote-revb/obj/unicode.o
LOAD build/zoul/remote-revb/obj/diskio.o
LOAD build/zoul/remote-revb/obj/mmc.o
LOAD build/zoul/remote-revb/obj/syscalls.o
LOAD build/zoul/remote-revb/obj/strformat.o
LOAD build/zoul/remote-revb/obj/printf.o
LOAD build/zoul/remote-revb/obj/sprintf.o
LOAD build/zoul/remote-revb/obj/snprintf.o
LOAD build/zoul/remote-revb/obj/puts.o
LOAD build/zoul/remote-revb/obj/putchar.o
LOAD build/zoul/remote-revb/obj/cc1200-868-fsk-1-2kbps.o
LOAD build/zoul/remote-revb/obj/cc1200-802154g-863-870-fsk-50kbps.o
LOAD build/zoul/remote-revb/obj/cc1200.o
LOAD build/zoul/remote-revb/obj/cc1200-868-4gfsk-1000kbps.o
LOAD build/zoul/remote-revb/obj/rgb-led.o
LOAD build/zoul/remote-revb/obj/csma-security.o
LOAD build/zoul/remote-revb/obj/anti-replay.o
LOAD build/zoul/remote-revb/obj/csma.o
LOAD build/zoul/remote-revb/obj/csma-output.o
LOAD build/zoul/remote-revb/obj/ccm-star-packetbuf.o
LOAD build/zoul/remote-revb/obj/uipbuf.o
LOAD build/zoul/remote-revb/obj/uip-icmp6.o
LOAD build/zoul/remote-revb/obj/uip-sr.o
LOAD build/zoul/remote-revb/obj/uip-ds6.o
LOAD build/zoul/remote-revb/obj/uip-packetqueue.o
LOAD build/zoul/remote-revb/obj/tcp-socket.o
LOAD build/zoul/remote-revb/obj/ip64-addr.o
LOAD build/zoul/remote-revb/obj/uip-udp-packet.o
LOAD build/zoul/remote-revb/obj/uip-ds6-route.o
LOAD build/zoul/remote-revb/obj/psock.o
LOAD build/zoul/remote-revb/obj/tcpip.o
LOAD build/zoul/remote-revb/obj/uip6.o
LOAD build/zoul/remote-revb/obj/uip-ds6-nbr.o
LOAD build/zoul/remote-revb/obj/uip-nameserver.o
LOAD build/zoul/remote-revb/obj/uip-nd6.o
LOAD build/zoul/remote-revb/obj/udp-socket.o
LOAD build/zoul/remote-revb/obj/simple-udp.o
LOAD build/zoul/remote-revb/obj/sicslowpan.o
LOAD build/zoul/remote-revb/obj/uiplib.o
LOAD build/zoul/remote-revb/obj/rpl-nbr-policy.o
LOAD build/zoul/remote-revb/obj/rpl-of0.o
LOAD build/zoul/remote-revb/obj/rpl-neighbor.o
LOAD build/zoul/remote-revb/obj/rpl-dag.o
LOAD build/zoul/remote-revb/obj/rpl-timers.o
LOAD build/zoul/remote-revb/obj/rpl-ext-header.o
LOAD build/zoul/remote-revb/obj/rpl.o
LOAD build/zoul/remote-revb/obj/rpl-mrhof.o
LOAD build/zoul/remote-revb/obj/rpl-icmp6.o
LOAD build/zoul/remote-revb/obj/rpl-dag-root.o
LOAD energy-sec.o
START GROUP
LOAD /usr/local/bin/../lib/gcc/arm-none-eabi/5.2.1/../../../../arm-none-eabi/lib/armv7-m/libm.a
END GROUP
START GROUP
LOAD /usr/local/bin/../lib/gcc/arm-none-eabi/5.2.1/armv7-m/libgcc.a
LOAD /usr/local/bin/../lib/gcc/arm-none-eabi/5.2.1/../../../../arm-none-eabi/lib/armv7-m/libc.a
END GROUP

.text           0x00202000     0xa4e3
                0x00202000                _text = .
 *(SORT(.vectors))
 .vectors       0x00202000      0x28c build/zoul/remote-revb/obj/startup-gcc.o
                0x00202000                vectors
 *(SORT(.text*))
 .text.reset_handler
                0x0020228c       0x40 build/zoul/remote-revb/obj/startup-gcc.o
                0x0020228c                reset_handler
 .text.platform_init_stage_two
                0x002022cc       0x4c build/zoul/remote-revb/obj/platform.o
                0x002022cc                platform_init_stage_two
 .text.platform_init_stage_three
                0x00202318       0x8c build/zoul/remote-revb/obj/platform.o
                0x00202318                platform_init_stage_three
 .text.leds_on  0x002023a4       0x60 build/zoul/remote-revb/obj/leds.o
                0x002023a4                leds_on
 .text.leds_off
                0x00202404       0x48 build/zoul/remote-revb/obj/leds.o
                0x00202404                leds_off
 .text.leds_init
                0x0020244c       0x44 build/zoul/remote-revb/obj/leds.o
                0x0020244c                leds_init
 .text.antenna_sw_config
                0x00202490       0x30 build/zoul/remote-revb/obj/antenna-sw.o
                0x00202490                antenna_sw_config
 .text.soc_get_rev
                0x002024c0       0x18 build/zoul/remote-revb/obj/soc.o
                0x002024c0                soc_get_rev
 .text.soc_print_info
                0x002024d8       0x10 build/zoul/remote-revb/obj/soc.o
                0x002024d8                soc_print_info
 .text.update_ticks
                0x002024e8       0x4c build/zoul/remote-revb/obj/clock.o
 .text.clock_init
                0x00202534       0x4c build/zoul/remote-revb/obj/clock.o
                0x00202534                clock_init
 .text.clock_time
                0x00202580       0x14 build/zoul/remote-revb/obj/clock.o
                0x00202580                clock_time
 .text.clock_seconds
                0x00202594       0x14 build/zoul/remote-revb/obj/clock.o
                0x00202594                clock_seconds
 .text.clock_delay_usec
                0x002025a8       0x1c build/zoul/remote-revb/obj/clock.o
                0x002025a8                clock_delay_usec
 .text.clock_adjust
                0x002025c4       0x20 build/zoul/remote-revb/obj/clock.o
                0x002025c4                clock_adjust
 .text.rtimer_arch_next_trigger
                0x002025e4        0xc build/zoul/remote-revb/obj/rtimer-arch.o
                0x002025e4                rtimer_arch_next_trigger
 .text.rtimer_arch_now
                0x002025f0       0x2c build/zoul/remote-revb/obj/rtimer-arch.o
                0x002025f0                rtimer_arch_now
 .text.rtimer_arch_schedule
                0x0020261c       0x58 build/zoul/remote-revb/obj/rtimer-arch.o
                0x0020261c                rtimer_arch_schedule
 .text.rtimer_isr
                0x00202674       0x2c build/zoul/remote-revb/obj/rtimer-arch.o
                0x00202674                rtimer_isr
 .text.permit_pm1
                0x002026a0       0x24 build/zoul/remote-revb/obj/uart.o
 .text.uart_isr
                0x002026c4       0x64 build/zoul/remote-revb/obj/uart.o
 .text.uart_init
                0x00202728      0x1a8 build/zoul/remote-revb/obj/uart.o
                0x00202728                uart_init
 .text.uart_set_input
                0x002028d0       0x10 build/zoul/remote-revb/obj/uart.o
                0x002028d0                uart_set_input
 .text.uart_write_byte
                0x002028e0       0x1c build/zoul/remote-revb/obj/uart.o
                0x002028e0                uart_write_byte
 .text.watchdog_init
                0x002028fc        0xc build/zoul/remote-revb/obj/watchdog.o
                0x002028fc                watchdog_init
 .text.watchdog_start
                0x00202908        0xc build/zoul/remote-revb/obj/watchdog.o
                0x00202908                watchdog_start
 .text.watchdog_periodic
                0x00202914       0x10 build/zoul/remote-revb/obj/watchdog.o
                0x00202914                watchdog_periodic
 .text.nvic_init
                0x00202924       0x10 build/zoul/remote-revb/obj/nvic.o
                0x00202924                nvic_init
 .text.sys_ctrl_init
                0x00202934       0x74 build/zoul/remote-revb/obj/sys-ctrl.o
                0x00202934                sys_ctrl_init
 .text.gpio_port_isr
                0x002029a8       0x4c build/zoul/remote-revb/obj/gpio.o
 .text.ioc_init
                0x002029f4       0x1c build/zoul/remote-revb/obj/ioc.o
                0x002029f4                ioc_init
 .text.ioc_set_over
                0x00202a10       0x14 build/zoul/remote-revb/obj/ioc.o
                0x00202a10                ioc_set_over
 .text.ioc_set_sel
                0x00202a24       0x14 build/zoul/remote-revb/obj/ioc.o
                0x00202a24                ioc_set_sel
 .text.adc_get  0x00202a38       0x78 build/zoul/remote-revb/obj/adc.o
                0x00202a38                adc_get
 .text.permit_pm1
                0x00202ab0       0x10 build/zoul/remote-revb/obj/crypto.o
 .text.crypto_isr
                0x00202ac0       0x28 build/zoul/remote-revb/obj/crypto.o
                0x00202ac0                crypto_isr
 .text.crypto_enable
                0x00202ae8       0x20 build/zoul/remote-revb/obj/crypto.o
                0x00202ae8                crypto_enable
 .text.crypto_init
                0x00202b08       0x3c build/zoul/remote-revb/obj/crypto.o
                0x00202b08                crypto_init
 .text.crypto_disable
                0x00202b44       0x20 build/zoul/remote-revb/obj/crypto.o
                0x00202b44                crypto_disable
 .text.gpio_hal_arch_no_port_pin_cfg_set
                0x00202b64       0xe0 build/zoul/remote-revb/obj/gpio-hal-arch.o
                0x00202b64                gpio_hal_arch_no_port_pin_cfg_set
 .text.receiving_packet
                0x00202c44       0x18 build/zoul/remote-revb/obj/cc2538-rf.o
 .text.pending_packet
                0x00202c5c       0x10 build/zoul/remote-revb/obj/cc2538-rf.o
 .text.energest_switch
                0x00202c6c       0x58 build/zoul/remote-revb/obj/cc2538-rf.o
 .text.set_poll_mode
                0x00202cc4       0x9c build/zoul/remote-revb/obj/cc2538-rf.o
 .text.set_object
                0x00202d60       0x30 build/zoul/remote-revb/obj/cc2538-rf.o
 .text.read     0x00202d90       0xe0 build/zoul/remote-revb/obj/cc2538-rf.o
 .text.get_object
                0x00202e70      0x144 build/zoul/remote-revb/obj/cc2538-rf.o
 .text.off      0x00202fb4       0x74 build/zoul/remote-revb/obj/cc2538-rf.o
 .text.on       0x00203028       0x44 build/zoul/remote-revb/obj/cc2538-rf.o
 .text.set_channel
                0x0020306c       0x38 build/zoul/remote-revb/obj/cc2538-rf.o
 .text.init     0x002030a4       0xe8 build/zoul/remote-revb/obj/cc2538-rf.o
 .text.get_value
                0x0020318c      0x17c build/zoul/remote-revb/obj/cc2538-rf.o
 .text.channel_clear
                0x00203308       0x3c build/zoul/remote-revb/obj/cc2538-rf.o
 .text.prepare  0x00203344       0x68 build/zoul/remote-revb/obj/cc2538-rf.o
 .text.process_thread_cc2538_rf_process
                0x002033ac       0x90 build/zoul/remote-revb/obj/cc2538-rf.o
 .text.transmit
                0x0020343c       0xb4 build/zoul/remote-revb/obj/cc2538-rf.o
 .text.set_value
                0x002034f0      0x18c build/zoul/remote-revb/obj/cc2538-rf.o
 .text.cc2538_rf_rx_tx_isr
                0x0020367c       0x24 build/zoul/remote-revb/obj/cc2538-rf.o
                0x0020367c                cc2538_rf_rx_tx_isr
 .text.cc2538_rf_err_isr
                0x002036a0       0x28 build/zoul/remote-revb/obj/cc2538-rf.o
                0x002036a0                cc2538_rf_err_isr
 .text.udma_init
                0x002036c8       0x34 build/zoul/remote-revb/obj/udma.o
                0x002036c8                udma_init
 .text.udma_set_channel_src
                0x002036fc       0x10 build/zoul/remote-revb/obj/udma.o
                0x002036fc                udma_set_channel_src
 .text.udma_set_channel_dst
                0x0020370c       0x14 build/zoul/remote-revb/obj/udma.o
                0x0020370c                udma_set_channel_dst
 .text.udma_set_channel_control_word
                0x00203720       0x14 build/zoul/remote-revb/obj/udma.o
                0x00203720                udma_set_channel_control_word
 .text.udma_channel_enable
                0x00203734       0x18 build/zoul/remote-revb/obj/udma.o
                0x00203734                udma_channel_enable
 .text.udma_channel_mask_set
                0x0020374c       0x18 build/zoul/remote-revb/obj/udma.o
                0x0020374c                udma_channel_mask_set
 .text.udma_channel_sw_request
                0x00203764       0x18 build/zoul/remote-revb/obj/udma.o
                0x00203764                udma_channel_sw_request
 .text.udma_channel_get_mode
                0x0020377c       0x1c build/zoul/remote-revb/obj/udma.o
                0x0020377c                udma_channel_get_mode
 .text.udma_isr
                0x00203798       0x10 build/zoul/remote-revb/obj/udma.o
                0x00203798                udma_isr
 .text.udma_err_isr
                0x002037a8        0xc build/zoul/remote-revb/obj/udma.o
                0x002037a8                udma_err_isr
 .text.select_32_mhz_xosc
                0x002037b4       0x30 build/zoul/remote-revb/obj/lpm.o
 .text.energest_switch
                0x002037e4       0x58 build/zoul/remote-revb/obj/lpm.o
 .text.lpm_exit
                0x0020383c       0x44 build/zoul/remote-revb/obj/lpm.o
                0x0020383c                lpm_exit
 .text.lpm_enter
                0x00203880       0xd0 build/zoul/remote-revb/obj/lpm.o
                0x00203880                lpm_enter
 .text.lpm_register_peripheral
                0x00203950       0x24 build/zoul/remote-revb/obj/lpm.o
                0x00203950                lpm_register_peripheral
 .text.lpm_init
                0x00203974       0x24 build/zoul/remote-revb/obj/lpm.o
                0x00203974                lpm_init
 .text.pka_isr  0x00203998       0x28 build/zoul/remote-revb/obj/pka.o
                0x00203998                pka_isr
 .text.ieee_addr_cpy_to
                0x002039c0       0x60 build/zoul/remote-revb/obj/ieee-addr.o
                0x002039c0                ieee_addr_cpy_to
 .text.process_thread_simple_energest_process
                0x00203a20       0xfc build/zoul/remote-revb/obj/simple-energest.o
 .text.simple_energest_init
                0x00203b1c       0x60 build/zoul/remote-revb/obj/simple-energest.o
                0x00203b1c                simple_energest_init
 .text.startup.main
                0x00203b7c      0x1f0 build/zoul/remote-revb/obj/contiki-main.o
                0x00203b7c                main
 .text.stimer_expired
                0x00203d6c       0x20 build/zoul/remote-revb/obj/stimer.o
                0x00203d6c                stimer_expired
 .text.log_6addr
                0x00203d8c       0x20 build/zoul/remote-revb/obj/log.o
                0x00203d8c                log_6addr
 .text.log_lladdr
                0x00203dac       0x3c build/zoul/remote-revb/obj/log.o
                0x00203dac                log_lladdr
 .text.energest_init
                0x00203de8       0x40 build/zoul/remote-revb/obj/energest.o
                0x00203de8                energest_init
 .text.energest_flush
                0x00203e28       0x44 build/zoul/remote-revb/obj/energest.o
                0x00203e28                energest_flush
 .text.energest_get_total_time
                0x00203e6c       0x20 build/zoul/remote-revb/obj/energest.o
                0x00203e6c                energest_get_total_time
 .text.update_time
                0x00203e8c       0x44 build/zoul/remote-revb/obj/etimer.o
 .text.etimer_request_poll
                0x00203ed0        0xc build/zoul/remote-revb/obj/etimer.o
                0x00203ed0                etimer_request_poll
 .text.process_thread_etimer_process
                0x00203edc       0xac build/zoul/remote-revb/obj/etimer.o
 .text.add_timer
                0x00203f88       0x40 build/zoul/remote-revb/obj/etimer.o
 .text.etimer_pending
                0x00203fc8       0x10 build/zoul/remote-revb/obj/etimer.o
                0x00203fc8                etimer_pending
 .text.etimer_stop
                0x00203fd8       0x34 build/zoul/remote-revb/obj/etimer.o
                0x00203fd8                etimer_stop
 .text.node_id_init
                0x0020400c       0x18 build/zoul/remote-revb/obj/node-id.o
                0x0020400c                node_id_init
 .text.process_thread_ctimer_process
                0x00204024       0x80 build/zoul/remote-revb/obj/ctimer.o
 .text.ctimer_init
                0x002040a4       0x28 build/zoul/remote-revb/obj/ctimer.o
                0x002040a4                ctimer_init
 .text.ctimer_set_with_process
                0x002040cc       0x44 build/zoul/remote-revb/obj/ctimer.o
                0x002040cc                ctimer_set_with_process
 .text.ctimer_set
                0x00204110       0x14 build/zoul/remote-revb/obj/ctimer.o
                0x00204110                ctimer_set
 .text.ctimer_reset
                0x00204124       0x38 build/zoul/remote-revb/obj/ctimer.o
                0x00204124                ctimer_reset
 .text.ctimer_stop
                0x0020415c       0x2c build/zoul/remote-revb/obj/ctimer.o
                0x0020415c                ctimer_stop
 .text.ctimer_expired
                0x00204188       0x34 build/zoul/remote-revb/obj/ctimer.o
                0x00204188                ctimer_expired
 .text.call_process.part.0
                0x002041bc       0x38 build/zoul/remote-revb/obj/process.o
 .text.exit_process
                0x002041f4       0x80 build/zoul/remote-revb/obj/process.o
 .text.do_poll  0x00204274       0x34 build/zoul/remote-revb/obj/process.o
 .text.process_alloc_event
                0x002042a8       0x10 build/zoul/remote-revb/obj/process.o
                0x002042a8                process_alloc_event
 .text.process_init
                0x002042b8       0x30 build/zoul/remote-revb/obj/process.o
                0x002042b8                process_init
 .text.process_run
                0x002042e8       0x84 build/zoul/remote-revb/obj/process.o
                0x002042e8                process_run
 .text.process_nevents
                0x0020436c       0x14 build/zoul/remote-revb/obj/process.o
                0x0020436c                process_nevents
 .text.process_post
                0x00204380       0x3c build/zoul/remote-revb/obj/process.o
                0x00204380                process_post
 .text.process_post_synch
                0x002043bc       0x14 build/zoul/remote-revb/obj/process.o
                0x002043bc                process_post_synch
 .text.process_start
                0x002043d0       0x30 build/zoul/remote-revb/obj/process.o
                0x002043d0                process_start
 .text.process_poll
                0x00204400       0x18 build/zoul/remote-revb/obj/process.o
                0x00204400                process_poll
 .text.rtimer_run_next
                0x00204418       0x28 build/zoul/remote-revb/obj/rtimer.o
                0x00204418                rtimer_run_next
 .text.stack_check_init
                0x00204440       0x28 build/zoul/remote-revb/obj/stack-check.o
                0x00204440                stack_check_init
 .text.stack_check_get_usage
                0x00204468       0x40 build/zoul/remote-revb/obj/stack-check.o
                0x00204468                stack_check_get_usage
 .text.process_thread_stack_check_process
                0x002044a8       0xac build/zoul/remote-revb/obj/stack-check.o
 .text.process_thread_sensors_process
                0x00204554       0xdc build/zoul/remote-revb/obj/sensors.o
 .text.random_rand
                0x00204630       0x20 build/zoul/remote-revb/obj/random.o
                0x00204630                random_rand
 .text.random_init
                0x00204650       0x7c build/zoul/remote-revb/obj/random.o
                0x00204650                random_init
 .text.duration_exceeded_callback
                0x002046cc       0x34 build/zoul/remote-revb/obj/button-hal.o
 .text.process_thread_button_hal_process
                0x00204700       0x70 build/zoul/remote-revb/obj/button-hal.o
 .text.press_release_handler
                0x00204770       0x18 build/zoul/remote-revb/obj/button-hal.o
 .text.debounce_handler
                0x00204788       0x64 build/zoul/remote-revb/obj/button-hal.o
 .text.button_hal_init
                0x002047ec       0xf4 build/zoul/remote-revb/obj/button-hal.o
                0x002047ec                button_hal_init
 .text.process_thread_serial_line_process
                0x002048e0       0xa0 build/zoul/remote-revb/obj/serial-line.o
 .text.serial_line_input_byte
                0x00204980       0x44 build/zoul/remote-revb/obj/serial-line.o
                0x00204980                serial_line_input_byte
 .text.serial_line_init
                0x002049c4       0x24 build/zoul/remote-revb/obj/serial-line.o
                0x002049c4                serial_line_init
 .text.gpio_hal_register_handler
                0x002049e8        0xc build/zoul/remote-revb/obj/gpio-hal.o
                0x002049e8                gpio_hal_register_handler
 .text.gpio_hal_event_handler
                0x002049f4       0x24 build/zoul/remote-revb/obj/gpio-hal.o
                0x002049f4                gpio_hal_event_handler
 .text.gpio_hal_init
                0x00204a18        0xc build/zoul/remote-revb/obj/gpio-hal.o
                0x00204a18                gpio_hal_init
 .text.queuebuf_init
                0x00204a24       0x1c build/zoul/remote-revb/obj/queuebuf.o
                0x00204a24                queuebuf_init
 .text.queuebuf_numfree
                0x00204a40        0xc build/zoul/remote-revb/obj/queuebuf.o
                0x00204a40                queuebuf_numfree
 .text.queuebuf_new_from_packetbuf
                0x00204a4c       0x44 build/zoul/remote-revb/obj/queuebuf.o
                0x00204a4c                queuebuf_new_from_packetbuf
 .text.queuebuf_free
                0x00204a90       0x2c build/zoul/remote-revb/obj/queuebuf.o
                0x00204a90                queuebuf_free
 .text.queuebuf_to_packetbuf
                0x00204abc       0x30 build/zoul/remote-revb/obj/queuebuf.o
                0x00204abc                queuebuf_to_packetbuf
 .text.index_from_key
                0x00204aec       0x20 build/zoul/remote-revb/obj/nbr-table.o
 .text.index_from_lladdr
                0x00204b0c       0x40 build/zoul/remote-revb/obj/nbr-table.o
 .text.nbr_get_bit.constprop.0
                0x00204b4c       0x2c build/zoul/remote-revb/obj/nbr-table.o
 .text.nbr_table_is_registered
                0x00204b78       0x20 build/zoul/remote-revb/obj/nbr-table.o
                0x00204b78                nbr_table_is_registered
 .text.nbr_table_register
                0x00204b98       0x30 build/zoul/remote-revb/obj/nbr-table.o
                0x00204b98                nbr_table_register
 .text.nbr_table_next
                0x00204bc8       0x48 build/zoul/remote-revb/obj/nbr-table.o
                0x00204bc8                nbr_table_next
 .text.nbr_table_head
                0x00204c10       0x38 build/zoul/remote-revb/obj/nbr-table.o
                0x00204c10                nbr_table_head
 .text.nbr_table_add_lladdr
                0x00204c48      0x16c build/zoul/remote-revb/obj/nbr-table.o
                0x00204c48                nbr_table_add_lladdr
 .text.nbr_table_remove
                0x00204db4       0x2c build/zoul/remote-revb/obj/nbr-table.o
                0x00204db4                nbr_table_remove
 .text.nbr_table_lock
                0x00204de0       0x10 build/zoul/remote-revb/obj/nbr-table.o
                0x00204de0                nbr_table_lock
 .text.nbr_table_unlock
                0x00204df0       0x10 build/zoul/remote-revb/obj/nbr-table.o
                0x00204df0                nbr_table_unlock
 .text.nbr_table_get_lladdr
                0x00204e00       0x24 build/zoul/remote-revb/obj/nbr-table.o
                0x00204e00                nbr_table_get_lladdr
 .text.packetbuf_hdrreduce
                0x00204e24       0x28 build/zoul/remote-revb/obj/packetbuf.o
                0x00204e24                packetbuf_hdrreduce
 .text.packetbuf_set_datalen
                0x00204e4c        0xc build/zoul/remote-revb/obj/packetbuf.o
                0x00204e4c                packetbuf_set_datalen
 .text.packetbuf_hdrptr
                0x00204e58        0x8 build/zoul/remote-revb/obj/packetbuf.o
                0x00204e58                packetbuf_hdrptr
 .text.packetbuf_datalen
                0x00204e60        0xc build/zoul/remote-revb/obj/packetbuf.o
                0x00204e60                packetbuf_datalen
 .text.packetbuf_hdrlen
                0x00204e6c       0x18 build/zoul/remote-revb/obj/packetbuf.o
                0x00204e6c                packetbuf_hdrlen
 .text.packetbuf_dataptr
                0x00204e84       0x10 build/zoul/remote-revb/obj/packetbuf.o
                0x00204e84                packetbuf_dataptr
 .text.packetbuf_copyto
                0x00204e94       0x44 build/zoul/remote-revb/obj/packetbuf.o
                0x00204e94                packetbuf_copyto
 .text.packetbuf_totlen
                0x00204ed8       0x14 build/zoul/remote-revb/obj/packetbuf.o
                0x00204ed8                packetbuf_totlen
 .text.packetbuf_hdralloc
                0x00204eec       0x40 build/zoul/remote-revb/obj/packetbuf.o
                0x00204eec                packetbuf_hdralloc
 .text.packetbuf_attr_clear
                0x00204f2c       0x34 build/zoul/remote-revb/obj/packetbuf.o
                0x00204f2c                packetbuf_attr_clear
 .text.packetbuf_clear
                0x00204f60       0x20 build/zoul/remote-revb/obj/packetbuf.o
                0x00204f60                packetbuf_clear
 .text.packetbuf_copyfrom
                0x00204f80       0x2c build/zoul/remote-revb/obj/packetbuf.o
                0x00204f80                packetbuf_copyfrom
 .text.packetbuf_attr_copyto
                0x00204fac       0x24 build/zoul/remote-revb/obj/packetbuf.o
                0x00204fac                packetbuf_attr_copyto
 .text.packetbuf_attr_copyfrom
                0x00204fd0       0x24 build/zoul/remote-revb/obj/packetbuf.o
                0x00204fd0                packetbuf_attr_copyfrom
 .text.packetbuf_set_attr
                0x00204ff4       0x10 build/zoul/remote-revb/obj/packetbuf.o
                0x00204ff4                packetbuf_set_attr
 .text.packetbuf_attr
                0x00205004        0xc build/zoul/remote-revb/obj/packetbuf.o
                0x00205004                packetbuf_attr
 .text.packetbuf_set_addr
                0x00205010       0x18 build/zoul/remote-revb/obj/packetbuf.o
                0x00205010                packetbuf_set_addr
 .text.packetbuf_addr
                0x00205028       0x10 build/zoul/remote-revb/obj/packetbuf.o
                0x00205028                packetbuf_addr
 .text.packetbuf_holds_broadcast
                0x00205038       0x10 build/zoul/remote-revb/obj/packetbuf.o
                0x00205038                packetbuf_holds_broadcast
 .text.netstack_process_ip_callback
                0x00205048       0x40 build/zoul/remote-revb/obj/netstack.o
                0x00205048                netstack_process_ip_callback
 .text.netstack_init
                0x00205088       0x24 build/zoul/remote-revb/obj/netstack.o
                0x00205088                netstack_init
 .text.periodic
                0x002050ac       0x2c build/zoul/remote-revb/obj/link-stats.o
 .text.link_stats_from_lladdr
                0x002050d8        0xc build/zoul/remote-revb/obj/link-stats.o
                0x002050d8                link_stats_from_lladdr
 .text.link_stats_packet_sent
                0x002050e4       0x74 build/zoul/remote-revb/obj/link-stats.o
                0x002050e4                link_stats_packet_sent
 .text.link_stats_input_callback
                0x00205158       0x50 build/zoul/remote-revb/obj/link-stats.o
                0x00205158                link_stats_input_callback
 .text.link_stats_reset
                0x002051a8       0x24 build/zoul/remote-revb/obj/link-stats.o
                0x002051a8                link_stats_reset
 .text.link_stats_init
                0x002051cc       0x28 build/zoul/remote-revb/obj/link-stats.o
                0x002051cc                link_stats_init
 .text.mac_sequence_is_duplicate
                0x002051f4       0x4c build/zoul/remote-revb/obj/mac-sequence.o
                0x002051f4                mac_sequence_is_duplicate
 .text.mac_sequence_register_seqno
                0x00205240       0x60 build/zoul/remote-revb/obj/mac-sequence.o
                0x00205240                mac_sequence_register_seqno
 .text.create_frame
                0x002052a0       0xd0 build/zoul/remote-revb/obj/framer-802154.o
 .text.frame802154_get_pan_id
                0x00205370        0xc build/zoul/remote-revb/obj/frame802154.o
                0x00205370                frame802154_get_pan_id
 .text.frame802154_parse
                0x0020537c      0x124 build/zoul/remote-revb/obj/frame802154.o
                0x0020537c                frame802154_parse
 .text.fill_space
                0x002054a0       0x34 build/zoul/remote-revb/obj/strformat.o
 .text.format_str_v
                0x002054d4      0x6c8 build/zoul/remote-revb/obj/strformat.o
                0x002054d4                format_str_v
 .text.printf   0x00205b9c       0x20 build/zoul/remote-revb/obj/printf.o
                0x00205b9c                printf
 .text.vsnprintf
                0x00205bbc       0x28 build/zoul/remote-revb/obj/snprintf.o
                0x00205bbc                vsnprintf
 .text.csma_security_create_frame
                0x00205be4       0x18 build/zoul/remote-revb/obj/csma-security.o
                0x00205be4                csma_security_create_frame
 .text.csma_security_parse_frame
                0x00205bfc        0xc build/zoul/remote-revb/obj/csma-security.o
                0x00205bfc                csma_security_parse_frame
 .text.on       0x00205c08        0xc build/zoul/remote-revb/obj/csma.o
 .text.off      0x00205c14        0xc build/zoul/remote-revb/obj/csma.o
 .text.max_payload
                0x00205c20       0x3c build/zoul/remote-revb/obj/csma.o
 .text.init     0x00205c5c       0x20 build/zoul/remote-revb/obj/csma.o
 .text.input_packet
                0x00205c7c       0x60 build/zoul/remote-revb/obj/csma.o
 .text.schedule_transmission
                0x00205cdc       0x38 build/zoul/remote-revb/obj/csma-output.o
 .text.tx_done  0x00205d14       0x84 build/zoul/remote-revb/obj/csma-output.o
 .text.transmit_from_queue
                0x00205d98      0x1ac build/zoul/remote-revb/obj/csma-output.o
 .text.csma_output_packet
                0x00205f44      0x13c build/zoul/remote-revb/obj/csma-output.o
                0x00205f44                csma_output_packet
 .text.csma_output_init
                0x00206080       0x24 build/zoul/remote-revb/obj/csma-output.o
                0x00206080                csma_output_init
 .text.uipbuf_add_ext_hdr
                0x002060a4       0x30 build/zoul/remote-revb/obj/uipbuf.o
                0x002060a4                uipbuf_add_ext_hdr
 .text.uipbuf_set_len
                0x002060d4       0x14 build/zoul/remote-revb/obj/uipbuf.o
                0x002060d4                uipbuf_set_len
 .text.uipbuf_get_attr
                0x002060e8       0x14 build/zoul/remote-revb/obj/uipbuf.o
                0x002060e8                uipbuf_get_attr
 .text.uipbuf_clear_attr
                0x002060fc       0x14 build/zoul/remote-revb/obj/uipbuf.o
                0x002060fc                uipbuf_clear_attr
 .text.uipbuf_clear
                0x00206110       0x20 build/zoul/remote-revb/obj/uipbuf.o
                0x00206110                uipbuf_clear
 .text.uipbuf_init
                0x00206130       0x20 build/zoul/remote-revb/obj/uipbuf.o
                0x00206130                uipbuf_init
 .text.echo_reply_input
                0x00206150       0x6c build/zoul/remote-revb/obj/uip-icmp6.o
 .text.echo_request_input
                0x002061bc       0x98 build/zoul/remote-revb/obj/uip-icmp6.o
 .text.uip_icmp6_input
                0x00206254       0x38 build/zoul/remote-revb/obj/uip-icmp6.o
                0x00206254                uip_icmp6_input
 .text.uip_icmp6_register_input_handler
                0x0020628c        0xc build/zoul/remote-revb/obj/uip-icmp6.o
                0x0020628c                uip_icmp6_register_input_handler
 .text.uip_icmp6_error_output
                0x00206298      0x144 build/zoul/remote-revb/obj/uip-icmp6.o
                0x00206298                uip_icmp6_error_output
 .text.uip_icmp6_send
                0x002063dc       0x7c build/zoul/remote-revb/obj/uip-icmp6.o
                0x002063dc                uip_icmp6_send
 .text.uip_icmp6_init
                0x00206458       0x1c build/zoul/remote-revb/obj/uip-icmp6.o
                0x00206458                uip_icmp6_init
 .text.node_matches_address.part.0
                0x00206474       0x28 build/zoul/remote-revb/obj/uip-sr.o
 .text.uip_sr_get_node
                0x0020649c       0x34 build/zoul/remote-revb/obj/uip-sr.o
                0x0020649c                uip_sr_get_node
 .text.uip_sr_is_addr_reachable
                0x002064d0       0x44 build/zoul/remote-revb/obj/uip-sr.o
                0x002064d0                uip_sr_is_addr_reachable
 .text.uip_sr_update_node
                0x00206514       0xa4 build/zoul/remote-revb/obj/uip-sr.o
                0x00206514                uip_sr_update_node
 .text.uip_sr_init
                0x002065b8       0x24 build/zoul/remote-revb/obj/uip-sr.o
                0x002065b8                uip_sr_init
 .text.uip_sr_periodic
                0x002065dc       0x68 build/zoul/remote-revb/obj/uip-sr.o
                0x002065dc                uip_sr_periodic
 .text.uip_sr_free_all
                0x00206644       0x40 build/zoul/remote-revb/obj/uip-sr.o
                0x00206644                uip_sr_free_all
 .text.uip_ds6_default_prefix
                0x00206684        0x8 build/zoul/remote-revb/obj/uip-ds6.o
                0x00206684                uip_ds6_default_prefix
 .text.uip_ds6_prefix_add
                0x0020668c       0x64 build/zoul/remote-revb/obj/uip-ds6.o
                0x0020668c                uip_ds6_prefix_add
 .text.uip_ds6_is_addr_onlink
                0x002066f0       0x40 build/zoul/remote-revb/obj/uip-ds6.o
                0x002066f0                uip_ds6_is_addr_onlink
 .text.uip_ds6_addr_lookup
                0x00206730       0x2c build/zoul/remote-revb/obj/uip-ds6.o
                0x00206730                uip_ds6_addr_lookup
 .text.uip_ds6_get_link_local
                0x0020675c       0x40 build/zoul/remote-revb/obj/uip-ds6.o
                0x0020675c                uip_ds6_get_link_local
 .text.uip_ds6_maddr_add
                0x0020679c       0x4c build/zoul/remote-revb/obj/uip-ds6.o
                0x0020679c                uip_ds6_maddr_add
 .text.uip_ds6_addr_add
                0x002067e8       0x94 build/zoul/remote-revb/obj/uip-ds6.o
                0x002067e8                uip_ds6_addr_add
 .text.uip_ds6_maddr_lookup
                0x0020687c       0x2c build/zoul/remote-revb/obj/uip-ds6.o
                0x0020687c                uip_ds6_maddr_lookup
 .text.uip_ds6_addr_rm
                0x002068a8       0x44 build/zoul/remote-revb/obj/uip-ds6.o
                0x002068a8                uip_ds6_addr_rm
 .text.uip_ds6_periodic
                0x002068ec       0x4c build/zoul/remote-revb/obj/uip-ds6.o
                0x002068ec                uip_ds6_periodic
 .text.uip_ds6_select_src
                0x00206938       0x94 build/zoul/remote-revb/obj/uip-ds6.o
                0x00206938                uip_ds6_select_src
 .text.uip_ds6_compute_reachable_time
                0x002069cc       0x2c build/zoul/remote-revb/obj/uip-ds6.o
                0x002069cc                uip_ds6_compute_reachable_time
 .text.uip_ds6_init
                0x002069f8      0x118 build/zoul/remote-revb/obj/uip-ds6.o
                0x002069f8                uip_ds6_init
 .text.uip_ds6_route_init
                0x00206b10       0x1c build/zoul/remote-revb/obj/uip-ds6-route.o
                0x00206b10                uip_ds6_route_init
 .text.uip_ds6_defrt_rm
                0x00206b2c       0x38 build/zoul/remote-revb/obj/uip-ds6-route.o
                0x00206b2c                uip_ds6_defrt_rm
 .text.uip_ds6_defrt_lookup
                0x00206b64       0x34 build/zoul/remote-revb/obj/uip-ds6-route.o
                0x00206b64                uip_ds6_defrt_lookup
 .text.uip_ds6_defrt_add
                0x00206b98       0x60 build/zoul/remote-revb/obj/uip-ds6-route.o
                0x00206b98                uip_ds6_defrt_add
 .text.uip_ds6_defrt_choose
                0x00206bf8       0x30 build/zoul/remote-revb/obj/uip-ds6-route.o
                0x00206bf8                uip_ds6_defrt_choose
 .text.uip_ds6_defrt_periodic
                0x00206c28       0x30 build/zoul/remote-revb/obj/uip-ds6-route.o
                0x00206c28                uip_ds6_defrt_periodic
 .text.tcpip_output
                0x00206c58       0x2c build/zoul/remote-revb/obj/tcpip.o
                0x00206c58                tcpip_output
 .text.tcpip_input
                0x00206c84       0x24 build/zoul/remote-revb/obj/tcpip.o
                0x00206c84                tcpip_input
 .text.tcpip_ipv6_output
                0x00206ca8       0xe4 build/zoul/remote-revb/obj/tcpip.o
                0x00206ca8                tcpip_ipv6_output
 .text.packet_input
                0x00206d8c       0x20 build/zoul/remote-revb/obj/tcpip.o
 .text.process_thread_tcpip_process
                0x00206dac       0xbc build/zoul/remote-revb/obj/tcpip.o
 .text.tcpip_uipcall
                0x00206e68       0x2c build/zoul/remote-revb/obj/tcpip.o
                0x00206e68                tcpip_uipcall
 .text.upper_layer_chksum
                0x00206e94       0x54 build/zoul/remote-revb/obj/uip6.o
 .text.unlikely.ext_hdr_options_process
                0x00206ee8       0x7c build/zoul/remote-revb/obj/uip6.o
 .text.unlikely.uip_update_ttl
                0x00206f64       0x24 build/zoul/remote-revb/obj/uip6.o
 .text.uip_init
                0x00206f88       0x38 build/zoul/remote-revb/obj/uip6.o
                0x00206f88                uip_init
 .text.uip_remove_ext_hdr
                0x00206fc0       0x68 build/zoul/remote-revb/obj/uip6.o
                0x00206fc0                uip_remove_ext_hdr
 .text.uip_process
                0x00207028      0x45c build/zoul/remote-revb/obj/uip6.o
                0x00207028                uip_process
 .text.uip_ds6_nbr_rm
                0x00207484       0x24 build/zoul/remote-revb/obj/uip-ds6-nbr.o
                0x00207484                uip_ds6_nbr_rm
 .text.uip_ds6_neighbors_init
                0x002074a8       0x1c build/zoul/remote-revb/obj/uip-ds6-nbr.o
                0x002074a8                uip_ds6_neighbors_init
 .text.uip_ds6_nbr_add
                0x002074c4       0x40 build/zoul/remote-revb/obj/uip-ds6-nbr.o
                0x002074c4                uip_ds6_nbr_add
 .text.uip_ds6_nbr_get_ll
                0x00207504        0xc build/zoul/remote-revb/obj/uip-ds6-nbr.o
                0x00207504                uip_ds6_nbr_get_ll
 .text.uip_ds6_nbr_head
                0x00207510        0xc build/zoul/remote-revb/obj/uip-ds6-nbr.o
                0x00207510                uip_ds6_nbr_head
 .text.uip_ds6_nbr_next
                0x0020751c        0xc build/zoul/remote-revb/obj/uip-ds6-nbr.o
                0x0020751c                uip_ds6_nbr_next
 .text.uip_ds6_nbr_ll_lookup
                0x00207528        0xc build/zoul/remote-revb/obj/uip-ds6-nbr.o
                0x00207528                uip_ds6_nbr_ll_lookup
 .text.ns_input
                0x00207534      0x268 build/zoul/remote-revb/obj/uip-nd6.o
 .text.uip_nd6_init
                0x0020779c        0xc build/zoul/remote-revb/obj/uip-nd6.o
                0x0020779c                uip_nd6_init
 .text.clear_fragments
                0x002077a8       0x3c build/zoul/remote-revb/obj/sicslowpan.o
 .text.sicslowpan_init
                0x002077e4       0x18 build/zoul/remote-revb/obj/sicslowpan.o
                0x002077e4                sicslowpan_init
 .text.set_packet_attrs
                0x002077fc       0x58 build/zoul/remote-revb/obj/sicslowpan.o
 .text.compress_addr_64
                0x00207854       0x90 build/zoul/remote-revb/obj/sicslowpan.o
 .text.addr_context_lookup_by_prefix
                0x002078e4       0x24 build/zoul/remote-revb/obj/sicslowpan.o
 .text.send_packet
                0x00207908       0x24 build/zoul/remote-revb/obj/sicslowpan.o
 .text.fragment_copy_payload_and_send
                0x0020792c       0x6c build/zoul/remote-revb/obj/sicslowpan.o
 .text.output   0x00207998      0x780 build/zoul/remote-revb/obj/sicslowpan.o
 .text.packet_sent
                0x00208118       0x5c build/zoul/remote-revb/obj/sicslowpan.o
 .text.store_fragment
                0x00208174       0x58 build/zoul/remote-revb/obj/sicslowpan.o
 .text.uncompress_addr
                0x002081cc       0x90 build/zoul/remote-revb/obj/sicslowpan.o
 .text.add_fragment
                0x0020825c      0x120 build/zoul/remote-revb/obj/sicslowpan.o
 .text.input    0x0020837c      0x79c build/zoul/remote-revb/obj/sicslowpan.o
 .text.uiplib_ipaddr_snprint
                0x00208b18       0xf0 build/zoul/remote-revb/obj/uiplib.o
                0x00208b18                uiplib_ipaddr_snprint
 .text.update_state
                0x00208c08       0x78 build/zoul/remote-revb/obj/rpl-nbr-policy.o
 .text.rpl_nbr_policy_find_removable
                0x00208c80       0x50 build/zoul/remote-revb/obj/rpl-nbr-policy.o
                0x00208c80                rpl_nbr_policy_find_removable
 .text.remove_neighbor
                0x00208cd0       0x3c build/zoul/remote-revb/obj/rpl-neighbor.o
 .text.rpl_neighbor_get_from_lladdr
                0x00208d0c       0x10 build/zoul/remote-revb/obj/rpl-neighbor.o
                0x00208d0c                rpl_neighbor_get_from_lladdr
 .text.rpl_neighbor_rank_via_nbr
                0x00208d1c       0x18 build/zoul/remote-revb/obj/rpl-neighbor.o
                0x00208d1c                rpl_neighbor_rank_via_nbr
 .text.rpl_neighbor_get_lladdr
                0x00208d34       0x10 build/zoul/remote-revb/obj/rpl-neighbor.o
                0x00208d34                rpl_neighbor_get_lladdr
 .text.best_parent
                0x00208d44       0x94 build/zoul/remote-revb/obj/rpl-neighbor.o
 .text.rpl_neighbor_is_parent
                0x00208dd8       0x18 build/zoul/remote-revb/obj/rpl-neighbor.o
                0x00208dd8                rpl_neighbor_is_parent
 .text.rpl_neighbor_set_preferred_parent
                0x00208df0       0x44 build/zoul/remote-revb/obj/rpl-neighbor.o
                0x00208df0                rpl_neighbor_set_preferred_parent
 .text.rpl_neighbor_remove_all
                0x00208e34       0x2c build/zoul/remote-revb/obj/rpl-neighbor.o
                0x00208e34                rpl_neighbor_remove_all
 .text.rpl_neighbor_get_from_ipaddr
                0x00208e60       0x1c build/zoul/remote-revb/obj/rpl-neighbor.o
                0x00208e60                rpl_neighbor_get_from_ipaddr
 .text.rpl_neighbor_select_best
                0x00208e7c       0x54 build/zoul/remote-revb/obj/rpl-neighbor.o
                0x00208e7c                rpl_neighbor_select_best
 .text.rpl_neighbor_init
                0x00208ed0       0x14 build/zoul/remote-revb/obj/rpl-neighbor.o
                0x00208ed0                rpl_neighbor_init
 .text.init_dag
                0x00208ee4       0x78 build/zoul/remote-revb/obj/rpl-dag.o
 .text.init_dag_from_dio
                0x00208f5c       0x80 build/zoul/remote-revb/obj/rpl-dag.o
 .text.rpl_dag_get_root_ipaddr
                0x00208fdc       0x30 build/zoul/remote-revb/obj/rpl-dag.o
                0x00208fdc                rpl_dag_get_root_ipaddr
 .text.rpl_dag_leave
                0x0020900c       0x54 build/zoul/remote-revb/obj/rpl-dag.o
                0x0020900c                rpl_dag_leave
 .text.rpl_dag_poison_and_leave
                0x00209060       0x10 build/zoul/remote-revb/obj/rpl-dag.o
                0x00209060                rpl_dag_poison_and_leave
 .text.rpl_dag_periodic
                0x00209070       0x48 build/zoul/remote-revb/obj/rpl-dag.o
                0x00209070                rpl_dag_periodic
 .text.rpl_is_addr_in_our_dag
                0x002090b8       0x28 build/zoul/remote-revb/obj/rpl-dag.o
                0x002090b8                rpl_is_addr_in_our_dag
 .text.rpl_local_repair
                0x002090e0       0x34 build/zoul/remote-revb/obj/rpl-dag.o
                0x002090e0                rpl_local_repair
 .text.rpl_global_repair
                0x00209114       0x38 build/zoul/remote-revb/obj/rpl-dag.o
                0x00209114                rpl_global_repair
 .text.rpl_dag_ready_to_advertise
                0x0020914c       0x24 build/zoul/remote-revb/obj/rpl-dag.o
                0x0020914c                rpl_dag_ready_to_advertise
 .text.rpl_dag_update_state
                0x00209170      0x128 build/zoul/remote-revb/obj/rpl-dag.o
                0x00209170                rpl_dag_update_state
 .text.rpl_process_dio
                0x00209298      0x18c build/zoul/remote-revb/obj/rpl-dag.o
                0x00209298                rpl_process_dio
 .text.rpl_process_dis
                0x00209424       0x2c build/zoul/remote-revb/obj/rpl-dag.o
                0x00209424                rpl_process_dis
 .text.rpl_process_dao
                0x00209450       0x4c build/zoul/remote-revb/obj/rpl-dag.o
                0x00209450                rpl_process_dao
 .text.rpl_process_dao_ack
                0x0020949c       0x54 build/zoul/remote-revb/obj/rpl-dag.o
                0x0020949c                rpl_process_dao_ack
 .text.rpl_dag_init_root
                0x002094f0       0xa8 build/zoul/remote-revb/obj/rpl-dag.o
                0x002094f0                rpl_dag_init_root
 .text.rpl_dag_init
                0x00209598       0x10 build/zoul/remote-revb/obj/rpl-dag.o
                0x00209598                rpl_dag_init
 .text.new_dio_interval
                0x002095a8       0x58 build/zoul/remote-revb/obj/rpl-timers.o
 .text.schedule_dao_retransmission
                0x00209600       0x30 build/zoul/remote-revb/obj/rpl-timers.o
 .text.handle_unicast_dio_timer
                0x00209630       0x1c build/zoul/remote-revb/obj/rpl-timers.o
 .text.send_new_dao
                0x0020964c       0x34 build/zoul/remote-revb/obj/rpl-timers.o
 .text.resend_dao
                0x00209680       0x38 build/zoul/remote-revb/obj/rpl-timers.o
 .text.handle_dao_ack_timer
                0x002096b8       0x14 build/zoul/remote-revb/obj/rpl-timers.o
 .text.handle_leaving_timer
                0x002096cc       0x10 build/zoul/remote-revb/obj/rpl-timers.o
 .text.handle_dio_timer
                0x002096dc       0x70 build/zoul/remote-revb/obj/rpl-timers.o
 .text.rpl_timers_schedule_periodic_dis
                0x0020974c       0x38 build/zoul/remote-revb/obj/rpl-timers.o
                0x0020974c                rpl_timers_schedule_periodic_dis
 .text.handle_dis_timer
                0x00209784       0x34 build/zoul/remote-revb/obj/rpl-timers.o
 .text.handle_periodic_timer
                0x002097b8       0x48 build/zoul/remote-revb/obj/rpl-timers.o
 .text.rpl_timers_dio_reset
                0x00209800       0x34 build/zoul/remote-revb/obj/rpl-timers.o
                0x00209800                rpl_timers_dio_reset
 .text.rpl_timers_schedule_unicast_dio
                0x00209834       0x28 build/zoul/remote-revb/obj/rpl-timers.o
                0x00209834                rpl_timers_schedule_unicast_dio
 .text.rpl_timers_schedule_dao
                0x0020985c       0x34 build/zoul/remote-revb/obj/rpl-timers.o
                0x0020985c                rpl_timers_schedule_dao
 .text.rpl_timers_schedule_dao_ack
                0x00209890       0x48 build/zoul/remote-revb/obj/rpl-timers.o
                0x00209890                rpl_timers_schedule_dao_ack
 .text.rpl_timers_notify_dao_ack
                0x002098d8       0x4c build/zoul/remote-revb/obj/rpl-timers.o
                0x002098d8                rpl_timers_notify_dao_ack
 .text.get_probing_target
                0x00209924       0xc0 build/zoul/remote-revb/obj/rpl-timers.o
                0x00209924                get_probing_target
 .text.rpl_schedule_probing
                0x002099e4       0x28 build/zoul/remote-revb/obj/rpl-timers.o
                0x002099e4                rpl_schedule_probing
 .text.rpl_schedule_probing_now
                0x00209a0c       0x2c build/zoul/remote-revb/obj/rpl-timers.o
                0x00209a0c                rpl_schedule_probing_now
 .text.rpl_timers_unschedule_leaving
                0x00209a38       0x24 build/zoul/remote-revb/obj/rpl-timers.o
                0x00209a38                rpl_timers_unschedule_leaving
 .text.rpl_timers_schedule_leaving
                0x00209a5c       0x30 build/zoul/remote-revb/obj/rpl-timers.o
                0x00209a5c                rpl_timers_schedule_leaving
 .text.rpl_timers_init
                0x00209a8c       0x20 build/zoul/remote-revb/obj/rpl-timers.o
                0x00209a8c                rpl_timers_init
 .text.rpl_timers_stop_dag_timers
                0x00209aac       0x44 build/zoul/remote-revb/obj/rpl-timers.o
                0x00209aac                rpl_timers_stop_dag_timers
 .text.rpl_timers_unschedule_state_update
                0x00209af0       0x14 build/zoul/remote-revb/obj/rpl-timers.o
                0x00209af0                rpl_timers_unschedule_state_update
 .text.rpl_timers_schedule_state_update
                0x00209b04       0x1c build/zoul/remote-revb/obj/rpl-timers.o
                0x00209b04                rpl_timers_schedule_state_update
 .text.update_hbh_header
                0x00209b20       0x4c build/zoul/remote-revb/obj/rpl-ext-header.o
 .text.rpl_ext_header_srh_get_next_hop
                0x00209b6c       0x84 build/zoul/remote-revb/obj/rpl-ext-header.o
                0x00209b6c                rpl_ext_header_srh_get_next_hop
 .text.rpl_ext_header_srh_update
                0x00209bf0       0xa4 build/zoul/remote-revb/obj/rpl-ext-header.o
                0x00209bf0                rpl_ext_header_srh_update
 .text.rpl_ext_header_hbh_update
                0x00209c94       0x90 build/zoul/remote-revb/obj/rpl-ext-header.o
                0x00209c94                rpl_ext_header_hbh_update
 .text.rpl_ext_header_remove
                0x00209d24       0xb0 build/zoul/remote-revb/obj/rpl-ext-header.o
                0x00209d24                rpl_ext_header_remove
 .text.rpl_ext_header_update
                0x00209dd4      0x258 build/zoul/remote-revb/obj/rpl-ext-header.o
                0x00209dd4                rpl_ext_header_update
 .text.rpl_has_joined
                0x0020a02c       0x18 build/zoul/remote-revb/obj/rpl.o
                0x0020a02c                rpl_has_joined
 .text.rpl_is_reachable
                0x0020a044       0x18 build/zoul/remote-revb/obj/rpl.o
                0x0020a044                rpl_is_reachable
 .text.rpl_get_leaf_only
                0x0020a05c        0xc build/zoul/remote-revb/obj/rpl.o
                0x0020a05c                rpl_get_leaf_only
 .text.get_sr_node_ipaddr
                0x0020a068       0x2c build/zoul/remote-revb/obj/rpl.o
 .text.set_ip_from_prefix
                0x0020a094       0x2c build/zoul/remote-revb/obj/rpl.o
 .text.init     0x0020a0c0       0x40 build/zoul/remote-revb/obj/rpl.o
 .text.rpl_link_callback
                0x0020a100       0x2c build/zoul/remote-revb/obj/rpl.o
                0x0020a100                rpl_link_callback
 .text.rpl_get_global_address
                0x0020a12c       0x64 build/zoul/remote-revb/obj/rpl.o
                0x0020a12c                rpl_get_global_address
 .text.rpl_reset_prefix
                0x0020a190       0x28 build/zoul/remote-revb/obj/rpl.o
                0x0020a190                rpl_reset_prefix
 .text.rpl_set_prefix_from_addr
                0x0020a1b8       0x70 build/zoul/remote-revb/obj/rpl.o
                0x0020a1b8                rpl_set_prefix_from_addr
 .text.update_metric_container
                0x0020a228        0xc build/zoul/remote-revb/obj/rpl-mrhof.o
 .text.within_hysteresis
                0x0020a234       0x38 build/zoul/remote-revb/obj/rpl-mrhof.o
 .text.rank_via_nbr
                0x0020a26c       0x30 build/zoul/remote-revb/obj/rpl-mrhof.o
 .text.best_parent
                0x0020a29c       0x70 build/zoul/remote-revb/obj/rpl-mrhof.o
 .text.dao_ack_input
                0x0020a30c       0x38 build/zoul/remote-revb/obj/rpl-icmp6.o
 .text.dao_input
                0x0020a344      0x100 build/zoul/remote-revb/obj/rpl-icmp6.o
 .text.dio_input
                0x0020a444      0x214 build/zoul/remote-revb/obj/rpl-icmp6.o
 .text.dis_input
                0x0020a658       0x2c build/zoul/remote-revb/obj/rpl-icmp6.o
 .text.rpl_icmp6_dis_output
                0x0020a684       0x38 build/zoul/remote-revb/obj/rpl-icmp6.o
                0x0020a684                rpl_icmp6_dis_output
 .text.rpl_icmp6_dio_output
                0x0020a6bc      0x1c0 build/zoul/remote-revb/obj/rpl-icmp6.o
                0x0020a6bc                rpl_icmp6_dio_output
 .text.rpl_icmp6_dao_output
                0x0020a87c       0xc4 build/zoul/remote-revb/obj/rpl-icmp6.o
                0x0020a87c                rpl_icmp6_dao_output
 .text.rpl_icmp6_dao_ack_output
                0x0020a940       0x44 build/zoul/remote-revb/obj/rpl-icmp6.o
                0x0020a940                rpl_icmp6_dao_ack_output
 .text.rpl_icmp6_init
                0x0020a984       0x30 build/zoul/remote-revb/obj/rpl-icmp6.o
                0x0020a984                rpl_icmp6_init
 .text.rpl_dag_root_set_prefix
                0x0020a9b4       0x68 build/zoul/remote-revb/obj/rpl-dag-root.o
                0x0020a9b4                rpl_dag_root_set_prefix
 .text.rpl_dag_root_start
                0x0020aa1c       0x68 build/zoul/remote-revb/obj/rpl-dag-root.o
                0x0020aa1c                rpl_dag_root_start
 .text.rpl_dag_root_is_root
                0x0020aa84       0x18 build/zoul/remote-revb/obj/rpl-dag-root.o
                0x0020aa84                rpl_dag_root_is_root
 .text.process_thread_energy_sec_process
                0x0020aa9c       0x48 energy-sec.o
 .text          0x0020aae4       0x30 /usr/local/bin/../lib/gcc/arm-none-eabi/5.2.1/armv7-m/libgcc.a(_aeabi_uldivmod.o)
                0x0020aae4                __aeabi_uldivmod
 .text          0x0020ab14      0x2ec /usr/local/bin/../lib/gcc/arm-none-eabi/5.2.1/armv7-m/libgcc.a(_udivmoddi4.o)
                0x0020ab14                __udivmoddi4
 .text          0x0020ae00        0x4 /usr/local/bin/../lib/gcc/arm-none-eabi/5.2.1/armv7-m/libgcc.a(_dvmd_tls.o)
                0x0020ae00                __aeabi_ldiv0
                0x0020ae00                __aeabi_idiv0
 .text.memcmp   0x0020ae04       0x64 /usr/local/bin/../lib/gcc/arm-none-eabi/5.2.1/../../../../arm-none-eabi/lib/armv7-m/libc.a(lib_a-memcmp.o)
                0x0020ae04                memcmp
 .text          0x0020ae68       0xec /usr/local/bin/../lib/gcc/arm-none-eabi/5.2.1/../../../../arm-none-eabi/lib/armv7-m/libc.a(lib_a-memcpy.o)
                0x0020ae68                memcpy
 .text.memmove  0x0020af54       0xc8 /usr/local/bin/../lib/gcc/arm-none-eabi/5.2.1/../../../../arm-none-eabi/lib/armv7-m/libc.a(lib_a-memmove.o)
                0x0020af54                memmove
 .text.memset   0x0020b01c       0x9c /usr/local/bin/../lib/gcc/arm-none-eabi/5.2.1/../../../../arm-none-eabi/lib/armv7-m/libc.a(lib_a-memset.o)
                0x0020b01c                memset
 .text.default_handler
                0x0020b0b8        0x2 build/zoul/remote-revb/obj/startup-gcc.o
                0x0020b0b8                default_handler
 .text.nmi_handler
                0x0020b0ba        0x6 build/zoul/remote-revb/obj/startup-gcc.o
                0x0020b0ba                nmi_handler
 .text.fade     0x0020b0c0       0x58 build/zoul/remote-revb/obj/platform.o
 .text.platform_init_stage_one
                0x0020b118       0x14 build/zoul/remote-revb/obj/platform.o
                0x0020b118                platform_init_stage_one
 .text.platform_idle
                0x0020b12c        0x4 build/zoul/remote-revb/obj/platform.o
                0x0020b12c                platform_idle
 .text.board_init
                0x0020b130        0x4 build/zoul/remote-revb/obj/board.o
                0x0020b130                board_init
 .text.soc_init
                0x0020b134       0x22 build/zoul/remote-revb/obj/soc.o
                0x0020b134                soc_init
 .text.clock_isr
                0x0020b156        0x4 build/zoul/remote-revb/obj/clock.o
                0x0020b156                clock_isr
 .text.rtimer_arch_init
                0x0020b15a        0x2 build/zoul/remote-revb/obj/rtimer-arch.o
                0x0020b15a                rtimer_arch_init
 .text.uart0_isr
                0x0020b15c        0x6 build/zoul/remote-revb/obj/uart.o
                0x0020b15c                uart0_isr
 .text.uart1_isr
                0x0020b162        0x6 build/zoul/remote-revb/obj/uart.o
                0x0020b162                uart1_isr
 .text.gpio_port_a_isr
                0x0020b168        0x6 build/zoul/remote-revb/obj/gpio.o
                0x0020b168                gpio_port_a_isr
 .text.gpio_port_b_isr
                0x0020b16e        0x6 build/zoul/remote-revb/obj/gpio.o
                0x0020b16e                gpio_port_b_isr
 .text.gpio_port_c_isr
                0x0020b174        0x6 build/zoul/remote-revb/obj/gpio.o
                0x0020b174                gpio_port_c_isr
 .text.gpio_port_d_isr
                0x0020b17a        0x6 build/zoul/remote-revb/obj/gpio.o
                0x0020b17a                gpio_port_d_isr
 .text.send     0x0020b180       0x12 build/zoul/remote-revb/obj/cc2538-rf.o
 .text.enter_pm0
                0x0020b192       0x18 build/zoul/remote-revb/obj/lpm.o
 .text.int_master_read_and_disable
                0x0020b1aa        0x8 build/zoul/remote-revb/obj/int-master.o
                0x0020b1aa                int_master_read_and_disable
 .text.int_master_status_set
                0x0020b1b2        0x6 build/zoul/remote-revb/obj/int-master.o
                0x0020b1b2                int_master_status_set
 .text.dbg_putchar
                0x0020b1b8       0x10 build/zoul/remote-revb/obj/dbg.o
                0x0020b1b8                dbg_putchar
 .text.dbg_send_bytes
                0x0020b1c8       0x20 build/zoul/remote-revb/obj/dbg.o
                0x0020b1c8                dbg_send_bytes
 .text.configure
                0x0020b1e8        0x4 build/zoul/remote-revb/obj/cc2538-temp-sensor.o
 .text.status   0x0020b1ec        0x4 build/zoul/remote-revb/obj/cc2538-temp-sensor.o
 .text.value    0x0020b1f0       0x34 build/zoul/remote-revb/obj/cc2538-temp-sensor.o
 .text.configure
                0x0020b224        0x4 build/zoul/remote-revb/obj/vdd3-sensor.o
 .text.status   0x0020b228        0x4 build/zoul/remote-revb/obj/vdd3-sensor.o
 .text.value    0x0020b22c       0x2a build/zoul/remote-revb/obj/vdd3-sensor.o
 .text.autostart_start
                0x0020b256       0x14 build/zoul/remote-revb/obj/autostart.o
                0x0020b256                autostart_start
 .text.stimer_set
                0x0020b26a        0xe build/zoul/remote-revb/obj/stimer.o
                0x0020b26a                stimer_set
 .text.etimer_set
                0x0020b278       0x12 build/zoul/remote-revb/obj/etimer.o
                0x0020b278                etimer_set
 .text.etimer_reset
                0x0020b28a       0x12 build/zoul/remote-revb/obj/etimer.o
                0x0020b28a                etimer_reset
 .text.etimer_expired
                0x0020b29c        0xa build/zoul/remote-revb/obj/etimer.o
                0x0020b29c                etimer_expired
 .text.call_process
                0x0020b2a6        0xc build/zoul/remote-revb/obj/process.o
 .text.rtimer_init
                0x0020b2b2        0x4 build/zoul/remote-revb/obj/rtimer.o
                0x0020b2b2                rtimer_init
 .text.timer_set
                0x0020b2b6        0xe build/zoul/remote-revb/obj/timer.o
                0x0020b2b6                timer_set
 .text.timer_expired
                0x0020b2c4       0x1c build/zoul/remote-revb/obj/timer.o
                0x0020b2c4                timer_expired
 .text.timer_reset
                0x0020b2e0       0x14 build/zoul/remote-revb/obj/timer.o
                0x0020b2e0                timer_reset
 .text.list_init
                0x0020b2f4        0x6 build/zoul/remote-revb/obj/list.o
                0x0020b2f4                list_init
 .text.list_head
                0x0020b2fa        0x4 build/zoul/remote-revb/obj/list.o
                0x0020b2fa                list_head
 .text.list_tail
                0x0020b2fe       0x10 build/zoul/remote-revb/obj/list.o
                0x0020b2fe                list_tail
 .text.list_remove
                0x0020b30e       0x26 build/zoul/remote-revb/obj/list.o
                0x0020b30e                list_remove
 .text.list_add
                0x0020b334       0x1a build/zoul/remote-revb/obj/list.o
                0x0020b334                list_add
 .text.list_push
                0x0020b34e       0x10 build/zoul/remote-revb/obj/list.o
                0x0020b34e                list_push
 .text.list_length
                0x0020b35e        0xe build/zoul/remote-revb/obj/list.o
                0x0020b35e                list_length
 .text.list_item_next
                0x0020b36c        0x6 build/zoul/remote-revb/obj/list.o
                0x0020b36c                list_item_next
 .text.memb_init
                0x0020b372       0x20 build/zoul/remote-revb/obj/memb.o
                0x0020b372                memb_init
 .text.memb_alloc
                0x0020b392       0x28 build/zoul/remote-revb/obj/memb.o
                0x0020b392                memb_alloc
 .text.memb_free
                0x0020b3ba       0x2a build/zoul/remote-revb/obj/memb.o
                0x0020b3ba                memb_free
 .text.memb_inmemb
                0x0020b3e4       0x1c build/zoul/remote-revb/obj/memb.o
                0x0020b3e4                memb_inmemb
 .text.memb_numfree
                0x0020b400       0x1c build/zoul/remote-revb/obj/memb.o
                0x0020b400                memb_numfree
 .text.ringbuf_init
                0x0020b41c        0xe build/zoul/remote-revb/obj/ringbuf.o
                0x0020b41c                ringbuf_init
 .text.ringbuf_put
                0x0020b42a       0x26 build/zoul/remote-revb/obj/ringbuf.o
                0x0020b42a                ringbuf_put
 .text.ringbuf_get
                0x0020b450       0x20 build/zoul/remote-revb/obj/ringbuf.o
                0x0020b450                ringbuf_get
 .text.button_hal_get_state
                0x0020b470       0x2a build/zoul/remote-revb/obj/button-hal.o
                0x0020b470                button_hal_get_state
 .text.queuebuf_update_attr_from_packetbuf
                0x0020b49a        0xc build/zoul/remote-revb/obj/queuebuf.o
                0x0020b49a                queuebuf_update_attr_from_packetbuf
 .text.item_from_index
                0x0020b4a6       0x14 build/zoul/remote-revb/obj/nbr-table.o
 .text.index_from_item
                0x0020b4ba       0x16 build/zoul/remote-revb/obj/nbr-table.o
 .text.nbr_set_bit
                0x0020b4d0       0x38 build/zoul/remote-revb/obj/nbr-table.o
 .text.nbr_table_get_from_lladdr
                0x0020b508       0x26 build/zoul/remote-revb/obj/nbr-table.o
                0x0020b508                nbr_table_get_from_lladdr
 .text.linkaddr_copy
                0x0020b52e        0x6 build/zoul/remote-revb/obj/linkaddr.o
                0x0020b52e                linkaddr_copy
 .text.linkaddr_cmp
                0x0020b534       0x10 build/zoul/remote-revb/obj/linkaddr.o
                0x0020b534                linkaddr_cmp
 .text.link_stats_is_fresh
                0x0020b544       0x24 build/zoul/remote-revb/obj/link-stats.o
                0x0020b544                link_stats_is_fresh
 .text.guess_etx_from_rssi
                0x0020b568       0x40 build/zoul/remote-revb/obj/link-stats.o
                0x0020b568                guess_etx_from_rssi
 .text.mac_call_sent_callback
                0x0020b5a8       0x18 build/zoul/remote-revb/obj/mac.o
                0x0020b5a8                mac_call_sent_callback
 .text.parse    0x0020b5c0       0x94 build/zoul/remote-revb/obj/framer-802154.o
 .text.framer_802154_setup_params
                0x0020b654       0x84 build/zoul/remote-revb/obj/framer-802154.o
                0x0020b654                framer_802154_setup_params
 .text.create   0x0020b6d8        0x6 build/zoul/remote-revb/obj/framer-802154.o
 .text.hdr_length
                0x0020b6de        0x6 build/zoul/remote-revb/obj/framer-802154.o
 .text.frame802154_has_panid
                0x0020b6e4       0xa6 build/zoul/remote-revb/obj/frame802154.o
                0x0020b6e4                frame802154_has_panid
 .text.field_len
                0x0020b78a       0x84 build/zoul/remote-revb/obj/frame802154.o
 .text.frame802154_is_broadcast_addr
                0x0020b80e       0x1e build/zoul/remote-revb/obj/frame802154.o
                0x0020b80e                frame802154_is_broadcast_addr
 .text.frame802154_hdrlen
                0x0020b82c       0x32 build/zoul/remote-revb/obj/frame802154.o
                0x0020b82c                frame802154_hdrlen
 .text.frame802154_create_fcf
                0x0020b85e       0x60 build/zoul/remote-revb/obj/frame802154.o
                0x0020b85e                frame802154_create_fcf
 .text.frame802154_create
                0x0020b8be       0x94 build/zoul/remote-revb/obj/frame802154.o
                0x0020b8be                frame802154_create
 .text.frame802154_parse_fcf
                0x0020b952       0x66 build/zoul/remote-revb/obj/frame802154.o
                0x0020b952                frame802154_parse_fcf
 .text.write_str
                0x0020b9b8       0x10 build/zoul/remote-revb/obj/printf.o
 .text.buffer_str
                0x0020b9c8       0x28 build/zoul/remote-revb/obj/snprintf.o
 .text.snprintf
                0x0020b9f0       0x1a build/zoul/remote-revb/obj/snprintf.o
                0x0020b9f0                snprintf
 .text.putchar  0x0020ba0a        0xc build/zoul/remote-revb/obj/putchar.o
                0x0020ba0a                putchar
 .text.send_packet
                0x0020ba16        0x4 build/zoul/remote-revb/obj/csma.o
 .text.uipbuf_set_len_field
                0x0020ba1a        0x8 build/zoul/remote-revb/obj/uipbuf.o
                0x0020ba1a                uipbuf_set_len_field
 .text.uipbuf_get_len_field
                0x0020ba22        0xc build/zoul/remote-revb/obj/uipbuf.o
                0x0020ba22                uipbuf_get_len_field
 .text.uipbuf_get_next_header
                0x0020ba2e       0x4e build/zoul/remote-revb/obj/uipbuf.o
                0x0020ba2e                uipbuf_get_next_header
 .text.uipbuf_get_last_header
                0x0020ba7c       0x2c build/zoul/remote-revb/obj/uipbuf.o
                0x0020ba7c                uipbuf_get_last_header
 .text.uipbuf_search_header
                0x0020baa8       0x40 build/zoul/remote-revb/obj/uipbuf.o
                0x0020baa8                uipbuf_search_header
 .text.uip_sr_expire_parent
                0x0020bae8       0x28 build/zoul/remote-revb/obj/uip-sr.o
                0x0020bae8                uip_sr_expire_parent
 .text.uip_ds6_list_loop
                0x0020bb10       0x50 build/zoul/remote-revb/obj/uip-ds6.o
                0x0020bb10                uip_ds6_list_loop
 .text.uip_ds6_maddr_rm
                0x0020bb60        0x8 build/zoul/remote-revb/obj/uip-ds6.o
                0x0020bb60                uip_ds6_maddr_rm
 .text.uip_ds6_set_addr_iid
                0x0020bb68       0x16 build/zoul/remote-revb/obj/uip-ds6.o
                0x0020bb68                uip_ds6_set_addr_iid
 .text.uip_ds6_set_lladdr_from_iid
                0x0020bb7e       0x16 build/zoul/remote-revb/obj/uip-ds6.o
                0x0020bb7e                uip_ds6_set_lladdr_from_iid
 .text.get_match_length
                0x0020bb94       0x3e build/zoul/remote-revb/obj/uip-ds6.o
                0x0020bb94                get_match_length
 .text.uip_ds6_route_nexthop
                0x0020bbd2        0x4 build/zoul/remote-revb/obj/uip-ds6-route.o
                0x0020bbd2                uip_ds6_route_nexthop
 .text.uip_ds6_route_lookup
                0x0020bbd6        0x4 build/zoul/remote-revb/obj/uip-ds6-route.o
                0x0020bbd6                uip_ds6_route_lookup
 .text.uip_ds6_route_rm
                0x0020bbda        0x2 build/zoul/remote-revb/obj/uip-ds6-route.o
                0x0020bbda                uip_ds6_route_rm
 .text.chksum   0x0020bbdc       0x38 build/zoul/remote-revb/obj/uip6.o
 .text.uip_icmp6chksum
                0x0020bc14        0x6 build/zoul/remote-revb/obj/uip6.o
                0x0020bc14                uip_icmp6chksum
 .text.uip_udpchksum
                0x0020bc1a        0x6 build/zoul/remote-revb/obj/uip6.o
                0x0020bc1a                uip_udpchksum
 .text.uip_htonl
                0x0020bc20       0x12 build/zoul/remote-revb/obj/uip6.o
                0x0020bc20                uip_htonl
 .text.uip_ds6_nbr_lookup
                0x0020bc32       0x2c build/zoul/remote-revb/obj/uip-ds6-nbr.o
                0x0020bc32                uip_ds6_nbr_lookup
 .text.uip_ds6_nbr_update_ll
                0x0020bc5e       0x5e build/zoul/remote-revb/obj/uip-ds6-nbr.o
                0x0020bc5e                uip_ds6_nbr_update_ll
 .text.uip_ds6_nbr_ipaddr_from_lladdr
                0x0020bcbc        0x4 build/zoul/remote-revb/obj/uip-ds6-nbr.o
                0x0020bcbc                uip_ds6_nbr_ipaddr_from_lladdr
 .text.uip_ds6_nbr_lladdr_from_ipaddr
                0x0020bcc0       0x12 build/zoul/remote-revb/obj/uip-ds6-nbr.o
                0x0020bcc0                uip_ds6_nbr_lladdr_from_ipaddr
 .text.uip_ds6_link_callback
                0x0020bcd2        0x2 build/zoul/remote-revb/obj/uip-ds6-nbr.o
                0x0020bcd2                uip_ds6_link_callback
 .text.rpl_neighbor_get_ipaddr
                0x0020bcd4        0xe build/zoul/remote-revb/obj/rpl-neighbor.o
                0x0020bcd4                rpl_neighbor_get_ipaddr
 .text.rpl_neighbor_get_link_stats
                0x0020bce2        0xe build/zoul/remote-revb/obj/rpl-neighbor.o
                0x0020bce2                rpl_neighbor_get_link_stats
 .text.rpl_neighbor_is_fresh
                0x0020bcf0        0xe build/zoul/remote-revb/obj/rpl-neighbor.o
                0x0020bcf0                rpl_neighbor_is_fresh
 .text.rpl_process_hbh
                0x0020bcfe       0x1c build/zoul/remote-revb/obj/rpl-dag.o
                0x0020bcfe                rpl_process_hbh
 .text.handle_state_update
                0x0020bd1a        0x4 build/zoul/remote-revb/obj/rpl-timers.o
 .text.get_probing_delay
                0x0020bd1e       0x1a build/zoul/remote-revb/obj/rpl-timers.o
                0x0020bd1e                get_probing_delay
 .text.handle_probing_timer
                0x0020bd38       0x24 build/zoul/remote-revb/obj/rpl-timers.o
 .text.drop_route
                0x0020bd5c        0x2 build/zoul/remote-revb/obj/rpl.o
 .text.neighbor_state_changed
                0x0020bd5e        0x2 build/zoul/remote-revb/obj/rpl.o
 .text.rpl_lollipop_greater_than
                0x0020bd60       0x34 build/zoul/remote-revb/obj/rpl.o
                0x0020bd60                rpl_lollipop_greater_than
 .text.reset    0x0020bd94        0x2 build/zoul/remote-revb/obj/rpl-mrhof.o
 .text.nbr_link_metric
                0x0020bd96       0x12 build/zoul/remote-revb/obj/rpl-mrhof.o
 .text.nbr_has_usable_link
                0x0020bda8       0x12 build/zoul/remote-revb/obj/rpl-mrhof.o
 .text.nbr_path_cost
                0x0020bdba       0x28 build/zoul/remote-revb/obj/rpl-mrhof.o
 .text.nbr_is_acceptable_parent
                0x0020bde2       0x1e build/zoul/remote-revb/obj/rpl-mrhof.o
 .text.get32    0x0020be00       0x18 build/zoul/remote-revb/obj/rpl-icmp6.o
 .text.set32    0x0020be18       0x12 build/zoul/remote-revb/obj/rpl-icmp6.o
 .text.get16    0x0020be2a        0xc build/zoul/remote-revb/obj/rpl-icmp6.o
 .text.set16    0x0020be36        0xa build/zoul/remote-revb/obj/rpl-icmp6.o
 .text.rpl_icmp6_update_nbr_table
                0x0020be40       0x2e build/zoul/remote-revb/obj/rpl-icmp6.o
                0x0020be40                rpl_icmp6_update_nbr_table
 *(SORT(.rodata*))
 *fill*         0x0020be6e        0x2 00000000
 .rodata.uart_regs
                0x0020be70       0x58 build/zoul/remote-revb/obj/uart.o
 .rodata.cc2538_rf_driver
                0x0020bec8       0x38 build/zoul/remote-revb/obj/cc2538-rf.o
                0x0020bec8                cc2538_rf_driver
 .rodata.output_power
                0x0020bf00       0x70 build/zoul/remote-revb/obj/cc2538-rf.o
 .rodata.cc2538_temp_sensor
                0x0020bf70       0x10 build/zoul/remote-revb/obj/cc2538-temp-sensor.o
                0x0020bf70                cc2538_temp_sensor
 .rodata.vdd3_sensor
                0x0020bf80       0x10 build/zoul/remote-revb/obj/vdd3-sensor.o
                0x0020bf80                vdd3_sensor
 .rodata.framer_802154
                0x0020bf90        0xc build/zoul/remote-revb/obj/framer-802154.o
                0x0020bf90                framer_802154
 .rodata.csma_driver
                0x0020bf9c       0x1c build/zoul/remote-revb/obj/csma.o
                0x0020bf9c                csma_driver
 .rodata.sicslowpan_driver
                0x0020bfb8       0x10 build/zoul/remote-revb/obj/sicslowpan.o
                0x0020bfb8                sicslowpan_driver
 .rodata.rpl_lite_driver
                0x0020bfc8       0x54 build/zoul/remote-revb/obj/rpl.o
                0x0020bfc8                rpl_lite_driver
 .rodata.autostart_processes
                0x0020c01c        0x8 energy-sec.o
                0x0020c01c                autostart_processes
 .rodata.linkaddr_null
                0x0020c024        0x8 build/zoul/remote-revb/obj/linkaddr.o
                0x0020c024                linkaddr_null
 .rodata.str1.1
                0x0020c02c       0x3e build/zoul/remote-revb/obj/platform.o
                                 0x42 (size before relaxing)
 .rodata.leds_arch_leds
                0x0020c06a        0x6 build/zoul/remote-revb/obj/leds-arch.o
                0x0020c06a                leds_arch_leds
 .rodata.str1.1
                0x0020c070        0xc build/zoul/remote-revb/obj/board-buttons.o
 .rodata.str1.1
                0x0020c07c       0x11 build/zoul/remote-revb/obj/cc2538-rf.o
 .rodata.str1.1
                0x0020c08d       0x14 build/zoul/remote-revb/obj/cc2538-temp-sensor.o
 .rodata.str1.1
                0x0020c0a1        0x5 build/zoul/remote-revb/obj/vdd3-sensor.o
 .rodata.str1.1
                0x0020c0a6       0x49 build/zoul/remote-revb/obj/simple-energest.o
 .rodata.str1.1
                0x0020c0ef       0xde build/zoul/remote-revb/obj/contiki-main.o
                                 0xf4 (size before relaxing)
 .rodata.str1.1
                0x0020c1cd       0xae build/zoul/remote-revb/obj/log.o
 .rodata.str1.1
                0x0020c27b        0xc build/zoul/remote-revb/obj/etimer.o
 .rodata.str1.1
                0x0020c287        0xf build/zoul/remote-revb/obj/ctimer.o
 .rodata.str1.1
                0x0020c296       0x5b build/zoul/remote-revb/obj/stack-check.o
                                 0x6a (size before relaxing)
 .rodata.str1.1
                0x0020c2f1        0x8 build/zoul/remote-revb/obj/sensors.o
 .rodata.str1.1
                0x0020c2f9       0x13 build/zoul/remote-revb/obj/button-hal.o
 .rodata.str1.1
                0x0020c30c        0xe build/zoul/remote-revb/obj/serial-line.o
 .rodata.buffer.5563
                0x0020c31a       0x10 build/zoul/remote-revb/obj/strformat.o
 .rodata.str1.1
                0x0020c32a       0x35 build/zoul/remote-revb/obj/strformat.o
                                 0x37 (size before relaxing)
 .rodata.buffer.5572
                0x0020c35f       0x10 build/zoul/remote-revb/obj/strformat.o
 .rodata.str1.1
                0x0020c36f        0x5 build/zoul/remote-revb/obj/csma.o
 .rodata.str1.1
                0x0020c374        0xd build/zoul/remote-revb/obj/tcpip.o
 .rodata        0x0020c381        0x2 build/zoul/remote-revb/obj/sicslowpan.o
 .rodata.unc_llconf
                0x0020c383        0x4 build/zoul/remote-revb/obj/sicslowpan.o
                0x0020c383                unc_llconf
 .rodata.llprefix
                0x0020c387        0x2 build/zoul/remote-revb/obj/sicslowpan.o
                0x0020c387                llprefix
 .rodata.unc_mxconf
                0x0020c389        0x4 build/zoul/remote-revb/obj/sicslowpan.o
                0x0020c389                unc_mxconf
 .rodata.str1.1
                0x0020c38d        0xb build/zoul/remote-revb/obj/sicslowpan.o
 .rodata.ttl_values
                0x0020c398        0x4 build/zoul/remote-revb/obj/sicslowpan.o
 .rodata.unc_ctxconf
                0x0020c39c        0x4 build/zoul/remote-revb/obj/sicslowpan.o
                0x0020c39c                unc_ctxconf
 .rodata.str1.1
                0x0020c3a0       0x28 build/zoul/remote-revb/obj/uiplib.o
                                 0x2d (size before relaxing)
 .rodata.str1.1
                0x0020c3c8       0xd7 build/zoul/remote-revb/obj/rpl-dag.o
 .rodata.str1.1
                0x0020c49f        0xc build/zoul/remote-revb/obj/rpl-timers.o
 .rodata.str1.1
                0x0020c4ab        0x9 build/zoul/remote-revb/obj/rpl.o
 .rodata.str1.1
                0x0020c4b4       0x2f energy-sec.o
                0x0020c4e3                _etext = .

.glue_7         0x0020c4e4        0x0
 .glue_7        0x0020c4e4        0x0 linker stubs

.glue_7t        0x0020c4e4        0x0
 .glue_7t       0x0020c4e4        0x0 linker stubs

.vfp11_veneer   0x0020c4e4        0x0
 .vfp11_veneer  0x0020c4e4        0x0 linker stubs

.v4_bx          0x0020c4e4        0x0
 .v4_bx         0x0020c4e4        0x0 linker stubs

.iplt           0x0020c4e4        0x0
 .iplt          0x0020c4e4        0x0 build/zoul/remote-revb/obj/startup-gcc.o

.socdata        0x20004000       0x40
 *(SORT(.udma_channel_control_table))
 .udma_channel_control_table
                0x20004000       0x40 build/zoul/remote-revb/obj/udma.o

.data           0x20004040      0x220 load address 0x0020c4e4
                0x20004040                _data = .
 *(SORT(.data*))
 .data.button_user
                0x20004040       0x50 build/zoul/remote-revb/obj/board-buttons.o
 .data.button_hal_buttons
                0x20004090        0x8 build/zoul/remote-revb/obj/board-buttons.o
                0x20004090                button_hal_buttons
 .data.sensors  0x20004098        0xc build/zoul/remote-revb/obj/zoul-sensors.o
                0x20004098                sensors
 .data.cc2538_rf_process
                0x200040a4       0x10 build/zoul/remote-revb/obj/cc2538-rf.o
                0x200040a4                cc2538_rf_process
 .data.simple_energest_process
                0x200040b4       0x10 build/zoul/remote-revb/obj/simple-energest.o
                0x200040b4                simple_energest_process
 .data.curr_log_level_main
                0x200040c4        0x4 build/zoul/remote-revb/obj/log.o
                0x200040c4                curr_log_level_main
 .data.etimer_process
                0x200040c8       0x10 build/zoul/remote-revb/obj/etimer.o
                0x200040c8                etimer_process
 .data.ctimer_process
                0x200040d8       0x10 build/zoul/remote-revb/obj/ctimer.o
                0x200040d8                ctimer_process
 .data.stack_check_process
                0x200040e8       0x10 build/zoul/remote-revb/obj/stack-check.o
                0x200040e8                stack_check_process
 .data.sensors_process
                0x200040f8       0x10 build/zoul/remote-revb/obj/sensors.o
                0x200040f8                sensors_process
 .data.button_hal_process
                0x20004108       0x10 build/zoul/remote-revb/obj/button-hal.o
                0x20004108                button_hal_process
 .data.serial_line_process
                0x20004118       0x10 build/zoul/remote-revb/obj/serial-line.o
                0x20004118                serial_line_process
 .data.bufmem   0x20004128        0xc build/zoul/remote-revb/obj/queuebuf.o
 .data.buframmem
                0x20004134        0xc build/zoul/remote-revb/obj/queuebuf.o
 .data.neighbor_addr_mem
                0x20004140        0xc build/zoul/remote-revb/obj/nbr-table.o
 .data.link_stats_struct
                0x2000414c       0x10 build/zoul/remote-revb/obj/link-stats.o
 .data.ctxt     0x2000415c        0x8 build/zoul/remote-revb/obj/printf.o
 .data.metadata_memb
                0x20004164        0xc build/zoul/remote-revb/obj/csma-output.o
 .data.packet_memb
                0x20004170        0xc build/zoul/remote-revb/obj/csma-output.o
 .data.neighbor_memb
                0x2000417c        0xc build/zoul/remote-revb/obj/csma-output.o
 .data.echo_request_handler
                0x20004188        0xc build/zoul/remote-revb/obj/uip-icmp6.o
 .data.echo_reply_handler
                0x20004194        0xc build/zoul/remote-revb/obj/uip-icmp6.o
 .data.nodememb
                0x200041a0        0xc build/zoul/remote-revb/obj/uip-sr.o
 .data.defaultroutermemb
                0x200041ac        0xc build/zoul/remote-revb/obj/uip-ds6-route.o
 .data.tcpip_process
                0x200041b8       0x10 build/zoul/remote-revb/obj/tcpip.o
                0x200041b8                tcpip_process
 .data.ds6_neighbors_struct
                0x200041c8       0x10 build/zoul/remote-revb/obj/uip-ds6-nbr.o
 .data.ns_input_handler
                0x200041d8        0xc build/zoul/remote-revb/obj/uip-nd6.o
 .data.rpl_neighbors
                0x200041e4        0x4 build/zoul/remote-revb/obj/rpl-neighbor.o
                0x200041e4                rpl_neighbors
 .data.rpl_neighbors_struct
                0x200041e8       0x10 build/zoul/remote-revb/obj/rpl-neighbor.o
 .data.rpl_mrhof
                0x200041f8       0x24 build/zoul/remote-revb/obj/rpl-mrhof.o
                0x200041f8                rpl_mrhof
 .data.dao_ack_handler
                0x2000421c        0xc build/zoul/remote-revb/obj/rpl-icmp6.o
 .data.dis_handler
                0x20004228        0xc build/zoul/remote-revb/obj/rpl-icmp6.o
 .data.dao_handler
                0x20004234        0xc build/zoul/remote-revb/obj/rpl-icmp6.o
 .data.dio_handler
                0x20004240        0xc build/zoul/remote-revb/obj/rpl-icmp6.o
 .data.energy_sec_process
                0x2000424c       0x10 energy-sec.o
                0x2000424c                energy_sec_process
 .data.mac_pan_id
                0x2000425c        0x2 build/zoul/remote-revb/obj/frame802154.o
 .data.send_on_cca
                0x2000425e        0x1 build/zoul/remote-revb/obj/cc2538-rf.o
 .data.rf_channel
                0x2000425f        0x1 build/zoul/remote-revb/obj/cc2538-rf.o
                0x20004260                _edata = .
                0x0020c4e4                _ldata = LOADADDR (.data)

.igot.plt       0x20004260        0x0 load address 0x0020c704
 .igot.plt      0x20004260        0x0 build/zoul/remote-revb/obj/startup-gcc.o

.ARM.exidx      0x0020c704        0x8
 *(SORT(.ARM.exidx*))
 .ARM.exidx     0x0020c704        0x8 /usr/local/bin/../lib/gcc/arm-none-eabi/5.2.1/armv7-m/libgcc.a(_udivmoddi4.o)

.bss            0x20004260     0x2287
                0x20004260                _bss = .
 *(SORT(.bss*))
 .bss.rt_ticks_startup
                0x20004260        0x8 build/zoul/remote-revb/obj/clock.o
 .bss.rt_ticks_epoch
                0x20004268        0x8 build/zoul/remote-revb/obj/clock.o
 .bss.next_trigger
                0x20004270        0x4 build/zoul/remote-revb/obj/rtimer-arch.o
 .bss.input_handler
                0x20004274        0x8 build/zoul/remote-revb/obj/uart.o
 .bss.ioc_sel   0x2000427c        0x4 build/zoul/remote-revb/obj/ioc.o
 .bss.ioc_over  0x20004280        0x4 build/zoul/remote-revb/obj/ioc.o
 .bss.notification_process
                0x20004284        0x4 build/zoul/remote-revb/obj/crypto.o
 .bss.prev_MDMTEST1
                0x20004288        0x4 build/zoul/remote-revb/obj/cc2538-rf.o
 .bss.prev_FRMCTRL0
                0x2000428c        0x4 build/zoul/remote-revb/obj/cc2538-rf.o
 .bss.periph_permit_pm1_funcs
                0x20004290       0x14 build/zoul/remote-revb/obj/lpm.o
 .bss.notification_process
                0x200042a4        0x4 build/zoul/remote-revb/obj/pka.o
 .bss.last_time
                0x200042a8        0x4 build/zoul/remote-revb/obj/simple-energest.o
 .bss.last_cpu  0x200042ac        0x4 build/zoul/remote-revb/obj/simple-energest.o
 .bss.last_deep_lpm
                0x200042b0        0x4 build/zoul/remote-revb/obj/simple-energest.o
 .bss.last_lpm  0x200042b4        0x4 build/zoul/remote-revb/obj/simple-energest.o
 .bss.last_tx   0x200042b8        0x4 build/zoul/remote-revb/obj/simple-energest.o
 .bss.periodic_timer.5558
                0x200042bc       0x10 build/zoul/remote-revb/obj/simple-energest.o
 .bss.last_rx   0x200042cc        0x4 build/zoul/remote-revb/obj/simple-energest.o
 .bss.timerlist
                0x200042d0        0x4 build/zoul/remote-revb/obj/etimer.o
 .bss.next_expiration
                0x200042d4        0x4 build/zoul/remote-revb/obj/etimer.o
 .bss.ctimer_list_list
                0x200042d8        0x4 build/zoul/remote-revb/obj/ctimer.o
 .bss.process_current
                0x200042dc        0x4 build/zoul/remote-revb/obj/process.o
                0x200042dc                process_current
 .bss.process_list
                0x200042e0        0x4 build/zoul/remote-revb/obj/process.o
                0x200042e0                process_list
 .bss.events    0x200042e4      0x180 build/zoul/remote-revb/obj/process.o
 .bss.next_rtimer
                0x20004464        0x4 build/zoul/remote-revb/obj/rtimer.o
 .bss.et.5888   0x20004468       0x10 build/zoul/remote-revb/obj/stack-check.o
 .bss.i.5546    0x20004478        0x4 build/zoul/remote-revb/obj/sensors.o
 .bss.events.5547
                0x2000447c        0x4 build/zoul/remote-revb/obj/sensors.o
 .bss.button_event_handler
                0x20004480        0xc build/zoul/remote-revb/obj/button-hal.o
 .bss.pmask     0x2000448c        0x4 build/zoul/remote-revb/obj/button-hal.o
 .bss.ptr.5531  0x20004490        0x4 build/zoul/remote-revb/obj/serial-line.o
 .bss.rxbuf     0x20004494        0x8 build/zoul/remote-revb/obj/serial-line.o
 .bss.handlers_list
                0x2000449c        0x4 build/zoul/remote-revb/obj/gpio-hal.o
 .bss.bufmem_memb_mem
                0x200044a0       0x20 build/zoul/remote-revb/obj/queuebuf.o
 .bss.nbr_table_keys_list
                0x200044c0        0x4 build/zoul/remote-revb/obj/nbr-table.o
 .bss.neighbor_addr_mem_memb_mem
                0x200044c4       0xc0 build/zoul/remote-revb/obj/nbr-table.o
 .bss.all_tables
                0x20004584       0x20 build/zoul/remote-revb/obj/nbr-table.o
 .bss.num_tables
                0x200045a4        0x4 build/zoul/remote-revb/obj/nbr-table.o
 .bss.packetbuf_aligned
                0x200045a8       0x80 build/zoul/remote-revb/obj/packetbuf.o
 .bss.ip_processor_list_list
                0x20004628        0x4 build/zoul/remote-revb/obj/netstack.o
 .bss._link_stats_mem
                0x2000462c       0xc0 build/zoul/remote-revb/obj/link-stats.o
 .bss.received_seqnos
                0x200046ec      0x100 build/zoul/remote-revb/obj/mac-sequence.o
 .bss.metadata_memb_memb_mem
                0x200047ec       0x60 build/zoul/remote-revb/obj/csma-output.o
 .bss.neighbor_list_list
                0x2000484c        0x4 build/zoul/remote-revb/obj/csma-output.o
 .bss.packet_memb_memb_mem
                0x20004850       0x60 build/zoul/remote-revb/obj/csma-output.o
 .bss.neighbor_memb_memb_mem
                0x200048b0       0x70 build/zoul/remote-revb/obj/csma-output.o
 .bss.echo_reply_callback_list_list
                0x20004920        0x4 build/zoul/remote-revb/obj/uip-icmp6.o
 .bss.input_handler_list_list
                0x20004924        0x4 build/zoul/remote-revb/obj/uip-icmp6.o
 .bss.num_nodes
                0x20004928        0x4 build/zoul/remote-revb/obj/uip-sr.o
 .bss.nodememb_memb_mem
                0x2000492c      0x180 build/zoul/remote-revb/obj/uip-sr.o
 .bss.nodelist_list
                0x20004aac        0x4 build/zoul/remote-revb/obj/uip-sr.o
 .bss.locmaddr  0x20004ab0        0x4 build/zoul/remote-revb/obj/uip-ds6.o
 .bss.locprefix
                0x20004ab4        0x4 build/zoul/remote-revb/obj/uip-ds6.o
 .bss.locaddr   0x20004ab8        0x4 build/zoul/remote-revb/obj/uip-ds6.o
 .bss.defaultroutermemb_memb_mem
                0x20004abc       0x40 build/zoul/remote-revb/obj/uip-ds6-route.o
 .bss.defaultrouterlist_list
                0x20004afc        0x4 build/zoul/remote-revb/obj/uip-ds6-route.o
 .bss.periodic  0x20004b00       0x10 build/zoul/remote-revb/obj/tcpip.o
 .bss.nbr       0x20004b10        0x4 build/zoul/remote-revb/obj/uip-nd6.o
 .bss.nd6_opt_llao
                0x20004b14        0x4 build/zoul/remote-revb/obj/uip-nd6.o
 .bss.addr      0x20004b18        0x4 build/zoul/remote-revb/obj/uip-nd6.o
 .bss.callback  0x20004b1c        0x4 build/zoul/remote-revb/obj/sicslowpan.o
 .bss.context   0x20004b20        0x4 build/zoul/remote-revb/obj/sicslowpan.o
 .bss.last_rssi
                0x20004b24        0x4 build/zoul/remote-revb/obj/sicslowpan.o
 .bss.hc06_ptr  0x20004b28        0x4 build/zoul/remote-revb/obj/sicslowpan.o
 .bss.packetbuf_ptr