Archive member included because of file (symbol)

build/sky/contiki-ng-sky.a(uart1-putchar.o)
                              build/sky/obj/contiki-main.o (putchar)
build/sky/contiki-ng-sky.a(platform.o)
                              build/sky/obj/contiki-main.o (platform_init_stage_one)
build/sky/contiki-ng-sky.a(msp430.o)
                              build/sky/contiki-ng-sky.a(platform.o) (msp430_dco_required)
build/sky/contiki-ng-sky.a(clock.o)
                              build/sky/obj/contiki-main.o (clock_init)
build/sky/contiki-ng-sky.a(leds.o)
                              build/sky/contiki-ng-sky.a(platform.o) (leds_init)
build/sky/contiki-ng-sky.a(leds-arch.o)
                              build/sky/contiki-ng-sky.a(leds.o) (leds_arch_init)
build/sky/contiki-ng-sky.a(watchdog.o)
                              build/sky/obj/contiki-main.o (watchdog_start)
build/sky/contiki-ng-sky.a(rtimer-arch.o)
                              build/sky/contiki-ng-sky.a(platform.o) (rtimer_arch_now)
build/sky/contiki-ng-sky.a(simple-energest)
                              build/sky/obj/contiki-main.o (simple_energest_init)
build/sky/contiki-ng-sky.a(autostart.o)
                              build/sky/obj/contiki-main.o (autostart_start)
build/sky/contiki-ng-sky.a(log.o)
                              build/sky/obj/contiki-main.o (log_6addr)
build/sky/contiki-ng-sky.a(energest.o)
                              build/sky/obj/contiki-main.o (energest_init)
build/sky/contiki-ng-sky.a(etimer.o)
                              build/sky/contiki-ng-sky.a(clock.o) (etimer_request_poll)
build/sky/contiki-ng-sky.a(node-id.o)
                              build/sky/obj/contiki-main.o (node_id_init)
build/sky/contiki-ng-sky.a(ctimer.o)
                              build/sky/obj/contiki-main.o (ctimer_init)
build/sky/contiki-ng-sky.a(process.o)
                              build/sky/contiki-ng-sky.a(etimer.o) (process_current)
build/sky/contiki-ng-sky.a(rtimer.o)
                              build/sky/obj/contiki-main.o (rtimer_init)
build/sky/contiki-ng-sky.a(timer.o)
                              build/sky/contiki-ng-sky.a(platform.o) (timer_set)
build/sky/contiki-ng-sky.a(list.o)
                              build/sky/contiki-ng-sky.a(ctimer.o) (list_init)
build/sky/contiki-ng-sky.a(random.o)
                              build/sky/contiki-ng-sky.a(platform.o) (random_init)
build/sky/contiki-ng-sky.a(queuebuf.o)
                              build/sky/obj/contiki-main.o (queuebuf_init)
build/sky/contiki-ng-sky.a(packetbuf.o)
                              build/sky/contiki-ng-sky.a(queuebuf.o) (packetbuf_copyto)
build/sky/contiki-ng-sky.a(netstack.o)
                              build/sky/obj/contiki-main.o (netstack_init)
build/sky/contiki-ng-sky.a(linkaddr.o)
                              build/sky/contiki-ng-sky.a(platform.o) (linkaddr_copy)
build/sky/contiki-ng-sky.a(csma.o)
                              build/sky/obj/contiki-main.o (csma_driver)
build/sky/contiki-ng-sky.a(csma-output.o)
                              build/sky/contiki-ng-sky.a(csma.o) (csma_output_packet)
build/sky/contiki-ng-sky.a(uip-ds6.o)
                              build/sky/obj/contiki-main.o (uip_ds6_get_link_local)
build/sky/contiki-ng-sky.a(uip-ds6-route.o)
                              build/sky/contiki-ng-sky.a(uip-ds6.o) (uip_ds6_route_init)
build/sky/contiki-ng-sky.a(tcpip.o)
                              build/sky/obj/contiki-main.o (tcpip_process)
build/sky/contiki-ng-sky.a(uip6.o)
                              build/sky/contiki-ng-sky.a(tcpip.o) (uip_aligned_buf)
build/sky/contiki-ng-sky.a(uip-ds6-nbr.o)
                              build/sky/contiki-ng-sky.a(uip-ds6.o) (uip_ds6_neighbors_init)
build/sky/contiki-ng-sky.a(uip-nd6.o)
                              build/sky/contiki-ng-sky.a(uip6.o) (uip_nd6_init)
build/sky/contiki-ng-sky.a(simple-udp.o)
                              server-node.o (simple_udp_register)
build/sky/contiki-ng-sky.a(sicslowpan.o)
                              build/sky/obj/contiki-main.o (sicslowpan_driver)
build/sky/contiki-ng-sky.a(uiplib.o)
                              build/sky/contiki-ng-sky.a(log.o) (uiplib_ipaddr_snprint)
build/sky/contiki-ng-sky.a(rpl.o)
                              server-node.o (rpl_lite_driver)
build/sky/contiki-ng-sky.a(rpl-icmp6.o)
                              build/sky/contiki-ng-sky.a(rpl.o) (rpl_icmp6_init)
build/sky/contiki-ng-sky.a(rpl-dag-root.o)
                              build/sky/contiki-ng-sky.a(rpl.o) (rpl_dag_root_set_prefix)
build/sky/contiki-ng-sky.a(contiki-sky-pla)
                              build/sky/contiki-ng-sky.a(platform.o) (init_platform)
build/sky/contiki-ng-sky.a(button-sensor.o)
                              build/sky/contiki-ng-sky.a(contiki-sky-pla) (button_sensor)
build/sky/contiki-ng-sky.a(ds2411.o)
                              build/sky/contiki-ng-sky.a(platform.o) (ds2411_init)
build/sky/contiki-ng-sky.a(xmem.o)
[...]
Memory Configuration

Name             Origin             Length             Attributes
sfr              0x00000000         0x00000010
peripheral_8bit  0x00000010         0x000000f0
peripheral_16bit 0x00000100         0x00000100
ram_mirror       0x00000200         0x00000800         xw
infomem          0x00001000         0x00000100
infob            0x00001000         0x00000080
infoa            0x00001080         0x00000080
ram              0x00001100         0x00002800         xw
rom              0x00004000         0x0000bfe0         xr
vectors          0x0000ffe0         0x00000020
bsl              0x00000000         0x00000000
infoc            0x00000000         0x00000000
infod            0x00000000         0x00000000
ram2             0x00000000         0x00000000         xw
usbram           0x00000000         0x00000000         xw
far_rom          0x00000000         0x00000000
*default*        0x00000000         0xffffffff

Linker script and memory map

LOAD /usr/local/bin/../lib/gcc/msp430/4.7.2/mmpy-16/crt0ivtbl16.o
                0x00002e0e                _stack = _end
LOAD server-node.o
LOAD build/sky/obj/contiki-main.o
LOAD build/sky/contiki-ng-sky.a
LOAD /usr/local/bin/../lib/gcc/msp430/4.7.2/mmpy-16/libgcc.a
LOAD /usr/local/bin/../lib/gcc/msp430/4.7.2/../../../../msp430/lib/mmpy-16/libc.a
LOAD /usr/local/bin/../lib/gcc/msp430/4.7.2/mmpy-16/libgcc.a
LOAD /usr/local/bin/../lib/gcc/msp430/4.7.2/mmpy-16/libcrt0.a
                0x00000080                PROVIDE (__info_segment_size, 0x80)
                0x00001000                PROVIDE (__infob, 0x1000)
                0x00001080                PROVIDE (__infoa, 0x1080)
                0x00000000                __IE1 = 0x0
                0x00000002                __IFG1 = 0x2
                0x00000004                __ME1 = 0x4
                0x00000001                __IE2 = 0x1
                0x00000003                __IFG2 = 0x3
                0x00000005                __ME2 = 0x5
                0x00000120                __WDTCTL = 0x120
                0x00000130                __MPY = 0x130
                0x00000132                __MPYS = 0x132
                0x00000134                __MAC = 0x134
                0x00000136                __MACS = 0x136
                0x00000138                __OP2 = 0x138
                0x0000013a                __RESLO = 0x13a
                0x0000013c                __RESHI = 0x13c
                0x0000013e                __SUMEXT = 0x13e
                0x00000020                __P1IN = 0x20
                0x00000021                __P1OUT = 0x21
                0x00000022                __P1DIR = 0x22
                0x00000023                __P1IFG = 0x23
                0x00000024                __P1IES = 0x24
                0x00000025                __P1IE = 0x25
                0x00000026                __P1SEL = 0x26
                0x00000028                __P2IN = 0x28
                0x00000029                __P2OUT = 0x29
                0x0000002a                __P2DIR = 0x2a
                0x0000002b                __P2IFG = 0x2b
                0x0000002c                __P2IES = 0x2c
                0x0000002d                __P2IE = 0x2d
                0x0000002e                __P2SEL = 0x2e
                0x00000018                __P3IN = 0x18
                0x00000019                __P3OUT = 0x19
                0x0000001a                __P3DIR = 0x1a
                0x0000001b                __P3SEL = 0x1b
                0x0000001c                __P4IN = 0x1c
                0x0000001d                __P4OUT = 0x1d
                0x0000001e                __P4DIR = 0x1e
                0x0000001f                __P4SEL = 0x1f
                0x00000030                __P5IN = 0x30
                0x00000031                __P5OUT = 0x31
                0x00000032                __P5DIR = 0x32
                0x00000033                __P5SEL = 0x33
                0x00000034                __P6IN = 0x34
                0x00000035                __P6OUT = 0x35
                0x00000036                __P6DIR = 0x36
                0x00000037                __P6SEL = 0x37
                0x00000070                __U0CTL = 0x70
                0x00000071                __U0TCTL = 0x71
                0x00000072                __U0RCTL = 0x72
                0x00000073                __U0MCTL = 0x73
                0x00000074                __U0BR0 = 0x74
                0x00000075                __U0BR1 = 0x75
                0x00000076                __U0RXBUF = 0x76
                0x00000077                __U0TXBUF = 0x77
                0x00000078                __U1CTL = 0x78
                0x00000079                __U1TCTL = 0x79
                0x0000007a                __U1RCTL = 0x7a
                0x0000007b                __U1MCTL = 0x7b
                0x0000007c                __U1BR0 = 0x7c
                0x0000007d                __U1BR1 = 0x7d
                0x0000007e                __U1RXBUF = 0x7e
                0x0000007f                __U1TXBUF = 0x7f
                0x00000050                __I2CIE = 0x50
                0x00000051                __I2CIFG = 0x51
                0x00000052                __I2CNDAT = 0x52
                0x00000071                __I2CTCTL = 0x71
                0x00000072                __I2CDCTL = 0x72
                0x00000073                __I2CPSC = 0x73
                0x00000074                __I2CSCLH = 0x74
                0x00000075                __I2CSCLL = 0x75
                0x00000076                __I2CDRB = 0x76
                0x00000076                __I2CDRW = 0x76
                0x00000118                __I2COA = 0x118
                0x0000011a                __I2CSA = 0x11a
                0x0000011c                __I2CIV = 0x11c
                0x0000012e                __TAIV = 0x12e
                0x00000160                __TACTL = 0x160
                0x00000162                __TACCTL0 = 0x162
                0x00000164                __TACCTL1 = 0x164
                0x00000166                __TACCTL2 = 0x166
                0x00000170                __TAR = 0x170
                0x00000172                __TACCR0 = 0x172
                0x00000174                __TACCR1 = 0x174
                0x00000176                __TACCR2 = 0x176
                0x0000011e                __TBIV = 0x11e
                0x00000180                __TBCTL = 0x180
                0x00000182                __TBCCTL0 = 0x182
                0x00000184                __TBCCTL1 = 0x184
                0x00000186                __TBCCTL2 = 0x186
                0x00000188                __TBCCTL3 = 0x188
                0x0000018a                __TBCCTL4 = 0x18a
                0x0000018c                __TBCCTL5 = 0x18c
                0x0000018e                __TBCCTL6 = 0x18e
                0x00000190                __TBR = 0x190
                0x00000192                __TBCCR0 = 0x192
                0x00000194                __TBCCR1 = 0x194
                0x00000196                __TBCCR2 = 0x196
                0x00000198                __TBCCR3 = 0x198
                0x0000019a                __TBCCR4 = 0x19a
                0x0000019c                __TBCCR5 = 0x19c
                0x0000019e                __TBCCR6 = 0x19e
                0x00000056                __DCOCTL = 0x56
                0x00000057                __BCSCTL1 = 0x57
                0x00000058                __BCSCTL2 = 0x58
                0x00000055                __SVSCTL = 0x55
                0x00000128                __FCTL1 = 0x128
                0x0000012a                __FCTL2 = 0x12a
                0x0000012c                __FCTL3 = 0x12c
                0x00000059                __CACTL1 = 0x59
                0x0000005a                __CACTL2 = 0x5a
                0x0000005b                __CAPD = 0x5b
                0x000001a0                __ADC12CTL0 = 0x1a0
                0x000001a2                __ADC12CTL1 = 0x1a2
                0x000001a4                __ADC12IFG = 0x1a4
                0x000001a6                __ADC12IE = 0x1a6
                0x000001a8                __ADC12IV = 0x1a8
                0x00000140                __ADC12MEM0 = 0x140
                0x00000142                __ADC12MEM1 = 0x142
                0x00000144                __ADC12MEM2 = 0x144
                0x00000146                __ADC12MEM3 = 0x146
                0x00000148                __ADC12MEM4 = 0x148
                0x0000014a                __ADC12MEM5 = 0x14a
                0x0000014c                __ADC12MEM6 = 0x14c
                0x0000014e                __ADC12MEM7 = 0x14e
                0x00000150                __ADC12MEM8 = 0x150
                0x00000152                __ADC12MEM9 = 0x152
                0x00000154                __ADC12MEM10 = 0x154
                0x00000156                __ADC12MEM11 = 0x156
                0x00000158                __ADC12MEM12 = 0x158
                0x0000015a                __ADC12MEM13 = 0x15a
                0x0000015c                __ADC12MEM14 = 0x15c
                0x0000015e                __ADC12MEM15 = 0x15e
                0x00000080                __ADC12MCTL0 = 0x80
                0x00000081                __ADC12MCTL1 = 0x81
                0x00000082                __ADC12MCTL2 = 0x82
                0x00000083                __ADC12MCTL3 = 0x83
                0x00000084                __ADC12MCTL4 = 0x84
                0x00000085                __ADC12MCTL5 = 0x85
                0x00000086                __ADC12MCTL6 = 0x86
                0x00000087                __ADC12MCTL7 = 0x87
                0x00000088                __ADC12MCTL8 = 0x88
                0x00000089                __ADC12MCTL9 = 0x89
                0x0000008a                __ADC12MCTL10 = 0x8a
                0x0000008b                __ADC12MCTL11 = 0x8b
                0x0000008c                __ADC12MCTL12 = 0x8c
                0x0000008d                __ADC12MCTL13 = 0x8d
                0x0000008e                __ADC12MCTL14 = 0x8e
                0x0000008f                __ADC12MCTL15 = 0x8f
                0x000001c0                __DAC12_0CTL = 0x1c0
                0x000001c2                __DAC12_1CTL = 0x1c2
                0x000001c8                __DAC12_0DAT = 0x1c8
                0x000001ca                __DAC12_1DAT = 0x1ca
                0x00000122                __DMACTL0 = 0x122
                0x00000124                __DMACTL1 = 0x124
                0x000001e0                __DMA0CTL = 0x1e0
                0x000001e8                __DMA1CTL = 0x1e8
                0x000001f0                __DMA2CTL = 0x1f0
                0x000001e2                __DMA0SA = 0x1e2
                0x000001e4                __DMA0DA = 0x1e4
                0x000001e6                __DMA0SZ = 0x1e6
                0x000001ea                __DMA1SA = 0x1ea
                0x000001ec                __DMA1DA = 0x1ec
                0x000001ee                __DMA1SZ = 0x1ee
                0x000001f2                __DMA2SA = 0x1f2
                0x000001f4                __DMA2DA = 0x1f4
                0x000001f6                __DMA2SZ = 0x1f6

.hash
 *(.hash)

.dynsym
 *(.dynsym)

.dynstr
 *(.dynstr)

.gnu.version
 *(.gnu.version)

.gnu.version_d
 *(.gnu.version_d)

.gnu.version_r
 *(.gnu.version_r)

.rel.init
 *(.rel.init)

.rela.init
 *(.rela.init)

.rel.fini
 *(.rel.fini)

.rela.fini
 *(.rela.fini)

.rel.text
 *(.rel.text .rel.text.* .rel.gnu.linkonce.t.*)

.rela.text
 *(.rela.text .rela.text.* .rela.gnu.linkonce.t.*)

.rel.rodata
 *(.rel.rodata .rel.rodata.* .rel.gnu.linkonce.r.*)

.rela.rodata
 *(.rela.rodata .rela.rodata.* .rela.gnu.linkonce.r.*)

.rel.data
 *(.rel.data .rel.data.* .rel.gnu.linkonce.d.*)

.rela.data
 *(.rela.data .rela.data.* .rela.gnu.linkonce.d.*)

.rel.bss
 *(.rel.bss .rel.bss.* .rel.gnu.linkonce.b.*)

.rela.bss
 *(.rela.bss .rela.bss.* .rela.gnu.linkonce.b.*)

.rel.ctors
 *(.rel.ctors)

.rela.ctors
 *(.rela.ctors)

.rel.dtors
 *(.rel.dtors)

.rela.dtors
 *(.rela.dtors)

.rel.got
 *(.rel.got)

.rela.got
 *(.rela.got)

.rel.plt
 *(.rel.plt)

.rela.plt
 *(.rela.plt)

.text           0x00004000     0xa658
                0x00004000                . = ALIGN (0x2)
 *(.init .init.*)
 *(.init0)
 .init0         0x00004000        0x0 /usr/local/bin/../lib/gcc/msp430/4.7.2/mmpy-16/libcrt0.a(_reset_vector__.o)
                0x00004000                _reset_vector__
 *(.init1)
 .init1         0x00004000        0xc /usr/local/bin/../lib/gcc/msp430/4.7.2/mmpy-16/libcrt0.a(__watchdog_support.o)
                0x00004000                __watchdog_support
 *(.init2)
 .init2         0x0000400c        0x4 /usr/local/bin/../lib/gcc/msp430/4.7.2/mmpy-16/libcrt0.a(__init_stack.o)
                0x0000400c                __init_stack
 *(.init3)
 .init3         0x00004010        0x0 /usr/local/bin/../lib/gcc/msp430/4.7.2/mmpy-16/libcrt0.a(__low_level_init.o)
                0x00004010                __low_level_init
 *(.init4)
 .init4         0x00004010       0x18 /usr/local/bin/../lib/gcc/msp430/4.7.2/mmpy-16/libcrt0.a(_copy_data.o)
                0x00004010                __do_copy_data
 .init4         0x00004028       0x16 /usr/local/bin/../lib/gcc/msp430/4.7.2/mmpy-16/libcrt0.a(_clear_bss.o)
                0x00004028                __do_clear_bss
 *(.init5)
 *(.init6)
 *(.init7)
 *(.init8)
 *(.init9)
 .init9         0x0000403e      0x232 build/sky/obj/contiki-main.o
                0x0000403e                main
 *(.fini9)
 .fini9         0x00004270        0x0 /usr/local/bin/../lib/gcc/msp430/4.7.2/mmpy-16/libcrt0.a(__stop_progExec__.o)
                0x00004270                __stop_progExec__
 *(.fini8)
 *(.fini7)
 *(.fini6)
 *(.fini5)
 *(.fini4)
 *(.fini3)
 *(.fini2)
 *(.fini1)
 *(.fini0)
 .fini0         0x00004270        0x6 /usr/local/bin/../lib/gcc/msp430/4.7.2/mmpy-16/libcrt0.a(_endless_loop__.o)
                0x00004270                _endless_loop__
 *(.fini .fini.*)
                0x00004276                . = ALIGN (0x2)
                0x00004276                __ctors_start = .
 *(.ctors)
                0x00004276                __ctors_end = .
                0x00004276                __dtors_start = .
 *(.dtors)
                0x00004276                __dtors_end = .
                0x00004276                . = ALIGN (0x2)
 *(.text .text.* .gnu.linkonce.t.*)
 .text          0x00004276        0x4 /usr/local/bin/../lib/gcc/msp430/4.7.2/mmpy-16/crt0ivtbl16.o
                0x00004276                __isr_14
                0x00004276                __isr_11
                0x00004276                __isr_2
                0x00004276                __isr_7
                0x00004276                __isr_0
                0x00004276                __isr_8
                0x00004276                __isr_3
                0x00004276                __isr_12
                0x00004276                __isr_13
                0x00004276                __isr_9
 .text.process_thread_udp_server_process
                0x0000427a       0x32 server-node.o
 .text.udp_rx_callback
                0x000042ac       0x42 server-node.o
 .text.putchar  0x000042ee       0x10 build/sky/contiki-ng-sky.a(uart1-putchar.o)
                0x000042ee                putchar
 .text.energest_switch
                0x000042fe       0x6e build/sky/contiki-ng-sky.a(platform.o)
 .text.platform_init_stage_one
                0x0000436c       0x12 build/sky/contiki-ng-sky.a(platform.o)
                0x0000436c                platform_init_stage_one
 .text.platform_init_stage_two
                0x0000437e       0x64 build/sky/contiki-ng-sky.a(platform.o)
                0x0000437e                platform_init_stage_two
 .text.platform_init_stage_three
                0x000043e2       0x7a build/sky/contiki-ng-sky.a(platform.o)
                0x000043e2                platform_init_stage_three
 .text.platform_idle
                0x0000445c       0x64 build/sky/contiki-ng-sky.a(platform.o)
                0x0000445c                platform_idle
 .text.msp430_init_dco
                0x000044c0       0x82 build/sky/contiki-ng-sky.a(msp430.o)
                0x000044c0                msp430_init_dco
 .text.msp430_add_lpm_req
                0x00004542        0xc build/sky/contiki-ng-sky.a(msp430.o)
                0x00004542                msp430_add_lpm_req
 .text.msp430_cpu_init
                0x0000454e       0x2a build/sky/contiki-ng-sky.a(msp430.o)
                0x0000454e                msp430_cpu_init
 .text.splhigh_
                0x00004578        0x8 build/sky/contiki-ng-sky.a(msp430.o)
                0x00004578                splhigh_
 .text.msp430_sync_dco
                0x00004580       0x6c build/sky/contiki-ng-sky.a(msp430.o)
                0x00004580                msp430_sync_dco
 .text.timera1  0x000045ec       0xdc build/sky/contiki-ng-sky.a(clock.o)
                0x000045ec                __isr_5
                0x000045ec                timera1
 .text.clock_time
                0x000046c8       0x1a build/sky/contiki-ng-sky.a(clock.o)
                0x000046c8                clock_time
 .text.clock_init
                0x000046e2       0x28 build/sky/contiki-ng-sky.a(clock.o)
                0x000046e2                clock_init
 .text.clock_delay
                0x0000470a        0xc build/sky/contiki-ng-sky.a(clock.o)
                0x0000470a                clock_delay
 .text.clock_seconds
                0x00004716       0x1a build/sky/contiki-ng-sky.a(clock.o)
                0x00004716                clock_seconds
 .text.leds_init
                0x00004730        0x6 build/sky/contiki-ng-sky.a(leds.o)
                0x00004730                leds_init
 .text.leds_on  0x00004736       0x12 build/sky/contiki-ng-sky.a(leds.o)
                0x00004736                leds_on
 .text.leds_off
                0x00004748       0x12 build/sky/contiki-ng-sky.a(leds.o)
                0x00004748                leds_off
 .text.leds_arch_init
                0x0000475a        0xe build/sky/contiki-ng-sky.a(leds-arch.o)
                0x0000475a                leds_arch_init
 .text.leds_arch_get
                0x00004768       0x34 build/sky/contiki-ng-sky.a(leds-arch.o)
                0x00004768                leds_arch_get
 .text.leds_arch_set
                0x0000479c       0x3e build/sky/contiki-ng-sky.a(leds-arch.o)
                0x0000479c                leds_arch_set
 .text.watchdog_interrupt
                0x000047da        0x6 build/sky/contiki-ng-sky.a(watchdog.o)
                0x000047da                __isr_10
                0x000047da                watchdog_interrupt
 .text.watchdog_start
                0x000047e0       0x14 build/sky/contiki-ng-sky.a(watchdog.o)
                0x000047e0                watchdog_start
 .text.watchdog_periodic
                0x000047f4       0x12 build/sky/contiki-ng-sky.a(watchdog.o)
                0x000047f4                watchdog_periodic
 .text.watchdog_stop
                0x00004806       0x16 build/sky/contiki-ng-sky.a(watchdog.o)
                0x00004806                watchdog_stop
 .text.watchdog_init
                0x0000481c       0x12 build/sky/contiki-ng-sky.a(watchdog.o)
                0x0000481c                watchdog_init
 .text.timera0  0x0000482e       0x2e build/sky/contiki-ng-sky.a(rtimer-arch.o)
                0x0000482e                __isr_6
                0x0000482e                timera0
 .text.rtimer_arch_init
                0x0000485c        0xe build/sky/contiki-ng-sky.a(rtimer-arch.o)
                0x0000485c                rtimer_arch_init
 .text.rtimer_arch_now
                0x0000486a        0xe build/sky/contiki-ng-sky.a(rtimer-arch.o)
                0x0000486a                rtimer_arch_now
 .text.rtimer_arch_schedule
                0x00004878        0x6 build/sky/contiki-ng-sky.a(rtimer-arch.o)
                0x00004878                rtimer_arch_schedule
 .text.process_thread_simple_energest_process
                0x0000487e      0x230 build/sky/contiki-ng-sky.a(simple-energest)
 .text.simple_energest_init
                0x00004aae       0x68 build/sky/contiki-ng-sky.a(simple-energest)
                0x00004aae                simple_energest_init
 .text.autostart_start
                0x00004b16       0x16 build/sky/contiki-ng-sky.a(autostart.o)
                0x00004b16                autostart_start
 .text.log_6addr
                0x00004b2c       0x32 build/sky/contiki-ng-sky.a(log.o)
                0x00004b2c                log_6addr
 .text.log_lladdr
                0x00004b5e       0x44 build/sky/contiki-ng-sky.a(log.o)
                0x00004b5e                log_lladdr
 .text.energest_init
                0x00004ba2       0x40 build/sky/contiki-ng-sky.a(energest.o)
                0x00004ba2                energest_init
 .text.energest_flush
                0x00004be2       0x5c build/sky/contiki-ng-sky.a(energest.o)
                0x00004be2                energest_flush
 .text.energest_get_total_time
                0x00004c3e       0x38 build/sky/contiki-ng-sky.a(energest.o)
                0x00004c3e                energest_get_total_time
 .text.update_time
                0x00004c76       0x78 build/sky/contiki-ng-sky.a(etimer.o)
 .text.etimer_request_poll
                0x00004cee        0xa build/sky/contiki-ng-sky.a(etimer.o)
                0x00004cee                etimer_request_poll
 .text.process_thread_etimer_process
                0x00004cf8       0xcc build/sky/contiki-ng-sky.a(etimer.o)
 .text.add_timer
                0x00004dc4       0x40 build/sky/contiki-ng-sky.a(etimer.o)
 .text.etimer_set
                0x00004e04       0x12 build/sky/contiki-ng-sky.a(etimer.o)
                0x00004e04                etimer_set
 .text.etimer_reset
                0x00004e16       0x12 build/sky/contiki-ng-sky.a(etimer.o)
                0x00004e16                etimer_reset
 .text.etimer_expired
                0x00004e28        0xe build/sky/contiki-ng-sky.a(etimer.o)
                0x00004e28                etimer_expired
 .text.etimer_pending
                0x00004e36        0xc build/sky/contiki-ng-sky.a(etimer.o)
                0x00004e36                etimer_pending
 .text.etimer_next_expiration_time
                0x00004e42       0x16 build/sky/contiki-ng-sky.a(etimer.o)
                0x00004e42                etimer_next_expiration_time
 .text.etimer_stop
                0x00004e58       0x3e build/sky/contiki-ng-sky.a(etimer.o)
                0x00004e58                etimer_stop
 .text.node_id_init
                0x00004e96       0x14 build/sky/contiki-ng-sky.a(node-id.o)
                0x00004e96                node_id_init
 .text.process_thread_ctimer_process
                0x00004eaa       0xa8 build/sky/contiki-ng-sky.a(ctimer.o)
 .text.ctimer_init
                0x00004f52       0x18 build/sky/contiki-ng-sky.a(ctimer.o)
                0x00004f52                ctimer_init
 .text.ctimer_set_with_process
                0x00004f6a       0x4e build/sky/contiki-ng-sky.a(ctimer.o)
                0x00004f6a                ctimer_set_with_process
 .text.ctimer_set
                0x00004fb8       0x10 build/sky/contiki-ng-sky.a(ctimer.o)
                0x00004fb8                ctimer_set
 .text.ctimer_reset
                0x00004fc8       0x30 build/sky/contiki-ng-sky.a(ctimer.o)
                0x00004fc8                ctimer_reset
 .text.ctimer_stop
                0x00004ff8       0x28 build/sky/contiki-ng-sky.a(ctimer.o)
                0x00004ff8                ctimer_stop
 .text.ctimer_expired
                0x00005020       0x30 build/sky/contiki-ng-sky.a(ctimer.o)
                0x00005020                ctimer_expired
 .text.call_process
                0x00005050       0x46 build/sky/contiki-ng-sky.a(process.o)
 .text.exit_process
                0x00005096       0x96 build/sky/contiki-ng-sky.a(process.o)
 .text.do_poll  0x0000512c       0x30 build/sky/contiki-ng-sky.a(process.o)
 .text.process_alloc_event
                0x0000515c        0xe build/sky/contiki-ng-sky.a(process.o)
                0x0000515c                process_alloc_event
 .text.process_init
                0x0000516a       0x18 build/sky/contiki-ng-sky.a(process.o)
                0x0000516a                process_init
 .text.process_run
                0x00005182       0x92 build/sky/contiki-ng-sky.a(process.o)
                0x00005182                process_run
 .text.process_nevents
                0x00005214        0xe build/sky/contiki-ng-sky.a(process.o)
                0x00005214                process_nevents
 .text.process_post
                0x00005222       0x42 build/sky/contiki-ng-sky.a(process.o)
                0x00005222                process_post
 .text.process_post_synch
                0x00005264       0x12 build/sky/contiki-ng-sky.a(process.o)
                0x00005264                process_post_synch
 .text.process_start
                0x00005276       0x36 build/sky/contiki-ng-sky.a(process.o)
                0x00005276                process_start
 .text.process_poll
                0x000052ac       0x18 build/sky/contiki-ng-sky.a(process.o)
                0x000052ac                process_poll
 .text.rtimer_init
                0x000052c4        0x6 build/sky/contiki-ng-sky.a(rtimer.o)
                0x000052c4                rtimer_init
 .text.rtimer_run_next
                0x000052ca       0x26 build/sky/contiki-ng-sky.a(rtimer.o)
                0x000052ca                rtimer_run_next
 .text.timer_set
                0x000052f0       0x1c build/sky/contiki-ng-sky.a(timer.o)
                0x000052f0                timer_set
 .text.timer_expired
                0x0000530c       0x2a build/sky/contiki-ng-sky.a(timer.o)
                0x0000530c                timer_expired
 .text.timer_reset
                0x00005336       0x1c build/sky/contiki-ng-sky.a(timer.o)
                0x00005336                timer_reset
 .text.list_init
                0x00005352        0x6 build/sky/contiki-ng-sky.a(list.o)
                0x00005352                list_init
 .text.list_head
                0x00005358        0x4 build/sky/contiki-ng-sky.a(list.o)
                0x00005358                list_head
 .text.list_tail
                0x0000535c       0x12 build/sky/contiki-ng-sky.a(list.o)
                0x0000535c                list_tail
 .text.list_remove
                0x0000536e       0x34 build/sky/contiki-ng-sky.a(list.o)
                0x0000536e                list_remove
 .text.list_push
                0x000053a2       0x1a build/sky/contiki-ng-sky.a(list.o)
                0x000053a2                list_push
 .text.list_add
                0x000053bc       0x2a build/sky/contiki-ng-sky.a(list.o)
                0x000053bc                list_add
 .text.list_length
                0x000053e6       0x10 build/sky/contiki-ng-sky.a(list.o)
                0x000053e6                list_length
 .text.list_item_next
                0x000053f6        0xc build/sky/contiki-ng-sky.a(list.o)
                0x000053f6                list_item_next
 .text.random_init
                0x00005402        0x6 build/sky/contiki-ng-sky.a(random.o)
                0x00005402                random_init
 .text.random_rand
                0x00005408        0x6 build/sky/contiki-ng-sky.a(random.o)
                0x00005408                random_rand
 .text.queuebuf_init
                0x0000540e       0x12 build/sky/contiki-ng-sky.a(queuebuf.o)
                0x0000540e                queuebuf_init
 .text.queuebuf_numfree
                0x00005420        0xa build/sky/contiki-ng-sky.a(queuebuf.o)
                0x00005420                queuebuf_numfree
 .text.queuebuf_new_from_packetbuf
                0x0000542a       0x52 build/sky/contiki-ng-sky.a(queuebuf.o)
                0x0000542a                queuebuf_new_from_packetbuf
 .text.queuebuf_update_attr_from_packetbuf
                0x0000547c       0x12 build/sky/contiki-ng-sky.a(queuebuf.o)
                0x0000547c                queuebuf_update_attr_from_packetbuf
 .text.queuebuf_free
                0x0000548e       0x2a build/sky/contiki-ng-sky.a(queuebuf.o)
                0x0000548e                queuebuf_free
 .text.queuebuf_to_packetbuf
                0x000054b8       0x32 build/sky/contiki-ng-sky.a(queuebuf.o)
                0x000054b8                queuebuf_to_packetbuf
 .text.packetbuf_hdrreduce
                0x000054ea       0x1a build/sky/contiki-ng-sky.a(packetbuf.o)
                0x000054ea                packetbuf_hdrreduce
 .text.packetbuf_set_datalen
                0x00005504        0x6 build/sky/contiki-ng-sky.a(packetbuf.o)
                0x00005504                packetbuf_set_datalen
 .text.packetbuf_hdrptr
                0x0000550a        0x6 build/sky/contiki-ng-sky.a(packetbuf.o)
                0x0000550a                packetbuf_hdrptr
 .text.packetbuf_datalen
                0x00005510        0x6 build/sky/contiki-ng-sky.a(packetbuf.o)
                0x00005510                packetbuf_datalen
 .text.packetbuf_hdrlen
                0x00005516        0xa build/sky/contiki-ng-sky.a(packetbuf.o)
                0x00005516                packetbuf_hdrlen
 .text.packetbuf_dataptr
                0x00005520        0xc build/sky/contiki-ng-sky.a(packetbuf.o)
                0x00005520                packetbuf_dataptr
 .text.packetbuf_copyto
                0x0000552c       0x46 build/sky/contiki-ng-sky.a(packetbuf.o)
                0x0000552c                packetbuf_copyto
 .text.packetbuf_totlen
                0x00005572        0xc build/sky/contiki-ng-sky.a(packetbuf.o)
                0x00005572                packetbuf_totlen
 .text.packetbuf_hdralloc
                0x0000557e       0x3c build/sky/contiki-ng-sky.a(packetbuf.o)
                0x0000557e                packetbuf_hdralloc
 .text.packetbuf_attr_clear
                0x000055ba       0x28 build/sky/contiki-ng-sky.a(packetbuf.o)
                0x000055ba                packetbuf_attr_clear
 .text.packetbuf_clear
                0x000055e2       0x12 build/sky/contiki-ng-sky.a(packetbuf.o)
                0x000055e2                packetbuf_clear
 .text.packetbuf_copyfrom
                0x000055f4       0x2e build/sky/contiki-ng-sky.a(packetbuf.o)
                0x000055f4                packetbuf_copyfrom
 .text.packetbuf_attr_copyto
                0x00005622       0x22 build/sky/contiki-ng-sky.a(packetbuf.o)
                0x00005622                packetbuf_attr_copyto
 .text.packetbuf_attr_copyfrom
                0x00005644       0x24 build/sky/contiki-ng-sky.a(packetbuf.o)
                0x00005644                packetbuf_attr_copyfrom
 .text.packetbuf_set_attr
                0x00005668        0xc build/sky/contiki-ng-sky.a(packetbuf.o)
                0x00005668                packetbuf_set_attr
 .text.packetbuf_attr
                0x00005674        0xa build/sky/contiki-ng-sky.a(packetbuf.o)
                0x00005674                packetbuf_attr
 .text.packetbuf_set_addr
                0x0000567e       0x18 build/sky/contiki-ng-sky.a(packetbuf.o)
                0x0000567e                packetbuf_set_addr
 .text.packetbuf_addr
                0x00005696       0x12 build/sky/contiki-ng-sky.a(packetbuf.o)
                0x00005696                packetbuf_addr
 .text.packetbuf_holds_broadcast
                0x000056a8        0xe build/sky/contiki-ng-sky.a(packetbuf.o)
                0x000056a8                packetbuf_holds_broadcast
 .text.netstack_process_ip_callback
                0x000056b6       0x4e build/sky/contiki-ng-sky.a(netstack.o)
                0x000056b6                netstack_process_ip_callback
 .text.netstack_init
                0x00005704        0xe build/sky/contiki-ng-sky.a(netstack.o)
                0x00005704                netstack_init
 .text.linkaddr_copy
                0x00005712        0x8 build/sky/contiki-ng-sky.a(linkaddr.o)
                0x00005712                linkaddr_copy
 .text.linkaddr_cmp
                0x0000571a       0x12 build/sky/contiki-ng-sky.a(linkaddr.o)
                0x0000571a                linkaddr_cmp
 .text.linkaddr_set_node_addr
                0x0000572c        0xc build/sky/contiki-ng-sky.a(linkaddr.o)
                0x0000572c                linkaddr_set_node_addr
 .text.on       0x00005738        0x6 build/sky/contiki-ng-sky.a(csma.o)
 .text.off      0x0000573e        0x6 build/sky/contiki-ng-sky.a(csma.o)
 .text.max_payload
                0x00005744       0x38 build/sky/contiki-ng-sky.a(csma.o)
 .text.send_packet
                0x0000577c        0x6 build/sky/contiki-ng-sky.a(csma.o)
 .text.init     0x00005782       0x1c build/sky/contiki-ng-sky.a(csma.o)
 .text.input_packet
                0x0000579e       0x58 build/sky/contiki-ng-sky.a(csma.o)
 .text.schedule_transmission
                0x000057f6       0x70 build/sky/contiki-ng-sky.a(csma-output.o)
 .text.tx_done  0x00005866       0x9a build/sky/contiki-ng-sky.a(csma-output.o)
 .text.transmit_from_queue
                0x00005900      0x1bc build/sky/contiki-ng-sky.a(csma-output.o)
 .text.csma_output_packet
                0x00005abc      0x184 build/sky/contiki-ng-sky.a(csma-output.o)
                0x00005abc                csma_output_packet
 .text.csma_output_init
                0x00005c40       0x1a build/sky/contiki-ng-sky.a(csma-output.o)
                0x00005c40                csma_output_init
 .text.uip_ds6_default_prefix
                0x00005c5a        0x6 build/sky/contiki-ng-sky.a(uip-ds6.o)
                0x00005c5a                uip_ds6_default_prefix
 .text.uip_ds6_list_loop
                0x00005c60       0x92 build/sky/contiki-ng-sky.a(uip-ds6.o)
                0x00005c60                uip_ds6_list_loop
 .text.uip_ds6_prefix_add
                0x00005cf2       0x80 build/sky/contiki-ng-sky.a(uip-ds6.o)
                0x00005cf2                uip_ds6_prefix_add
 .text.uip_ds6_is_addr_onlink
                0x00005d72       0x54 build/sky/contiki-ng-sky.a(uip-ds6.o)
                0x00005d72                uip_ds6_is_addr_onlink
 .text.uip_ds6_addr_lookup
                0x00005dc6       0x2a build/sky/contiki-ng-sky.a(uip-ds6.o)
                0x00005dc6                uip_ds6_addr_lookup
 .text.uip_ds6_get_link_local
                0x00005df0       0x3e build/sky/contiki-ng-sky.a(uip-ds6.o)
                0x00005df0                uip_ds6_get_link_local
 .text.uip_ds6_maddr_add
                0x00005e2e       0x4c build/sky/contiki-ng-sky.a(uip-ds6.o)
                0x00005e2e                uip_ds6_maddr_add
 .text.uip_ds6_addr_add
                0x00005e7a       0xc4 build/sky/contiki-ng-sky.a(uip-ds6.o)
                0x00005e7a                uip_ds6_addr_add
 .text.uip_ds6_maddr_rm
                0x00005f3e        0xa build/sky/contiki-ng-sky.a(uip-ds6.o)
                0x00005f3e                uip_ds6_maddr_rm
 .text.uip_ds6_maddr_lookup
                0x00005f48       0x2a build/sky/contiki-ng-sky.a(uip-ds6.o)
                0x00005f48                uip_ds6_maddr_lookup
 .text.uip_ds6_addr_rm
                0x00005f72       0x54 build/sky/contiki-ng-sky.a(uip-ds6.o)
                0x00005f72                uip_ds6_addr_rm
 .text.uip_ds6_periodic
                0x00005fc6       0x46 build/sky/contiki-ng-sky.a(uip-ds6.o)
                0x00005fc6                uip_ds6_periodic
 .text.uip_ds6_set_addr_iid
                0x0000600c       0x14 build/sky/contiki-ng-sky.a(uip-ds6.o)
                0x0000600c                uip_ds6_set_addr_iid
 .text.uip_ds6_set_lladdr_from_iid
                0x00006020       0x14 build/sky/contiki-ng-sky.a(uip-ds6.o)
                0x00006020                uip_ds6_set_lladdr_from_iid
 .text.get_match_length
                0x00006034       0x44 build/sky/contiki-ng-sky.a(uip-ds6.o)
                0x00006034                get_match_length
 .text.uip_ds6_select_src
                0x00006078       0xaa build/sky/contiki-ng-sky.a(uip-ds6.o)
                0x00006078                uip_ds6_select_src
 .text.uip_ds6_compute_reachable_time
                0x00006122       0x3e build/sky/contiki-ng-sky.a(uip-ds6.o)
                0x00006122                uip_ds6_compute_reachable_time
 .text.uip_ds6_init
                0x00006160      0x164 build/sky/contiki-ng-sky.a(uip-ds6.o)
                0x00006160                uip_ds6_init
 .text.uip_ds6_route_init
                0x000062c4       0x12 build/sky/contiki-ng-sky.a(uip-ds6-route.o)
                0x000062c4                uip_ds6_route_init
 .text.uip_ds6_route_nexthop
                0x000062d6        0x4 build/sky/contiki-ng-sky.a(uip-ds6-route.o)
                0x000062d6                uip_ds6_route_nexthop
 .text.uip_ds6_route_lookup
                0x000062da        0x4 build/sky/contiki-ng-sky.a(uip-ds6-route.o)
                0x000062da                uip_ds6_route_lookup
 .text.uip_ds6_route_rm
                0x000062de        0x2 build/sky/contiki-ng-sky.a(uip-ds6-route.o)
                0x000062de                uip_ds6_route_rm
 .text.uip_ds6_defrt_rm
                0x000062e0       0x3c build/sky/contiki-ng-sky.a(uip-ds6-route.o)
                0x000062e0                uip_ds6_defrt_rm
 .text.uip_ds6_defrt_lookup
                0x0000631c       0x40 build/sky/contiki-ng-sky.a(uip-ds6-route.o)
                0x0000631c                uip_ds6_defrt_lookup
 .text.uip_ds6_defrt_add
                0x0000635c       0x72 build/sky/contiki-ng-sky.a(uip-ds6-route.o)
                0x0000635c                uip_ds6_defrt_add
 .text.uip_ds6_defrt_choose
                0x000063ce       0x3a build/sky/contiki-ng-sky.a(uip-ds6-route.o)
                0x000063ce                uip_ds6_defrt_choose
 .text.uip_ds6_defrt_periodic
                0x00006408       0x38 build/sky/contiki-ng-sky.a(uip-ds6-route.o)
                0x00006408                uip_ds6_defrt_periodic
 .text.tcpip_output
                0x00006440       0x22 build/sky/contiki-ng-sky.a(tcpip.o)
                0x00006440                tcpip_output
 .text.udp_new  0x00006462       0x1a build/sky/contiki-ng-sky.a(tcpip.o)
                0x00006462                udp_new
 .text.tcpip_input
                0x0000647c       0x1e build/sky/contiki-ng-sky.a(tcpip.o)
                0x0000647c                tcpip_input
 .text.tcpip_ipv6_output
                0x0000649a      0x114 build/sky/contiki-ng-sky.a(tcpip.o)
                0x0000649a                tcpip_ipv6_output
 .text.packet_input.part.3
                0x000065ae       0x12 build/sky/contiki-ng-sky.a(tcpip.o)
 .text.process_thread_tcpip_process
                0x000065c0       0xcc build/sky/contiki-ng-sky.a(tcpip.o)
 .text.tcpip_uipcall
                0x0000668c       0x2a build/sky/contiki-ng-sky.a(tcpip.o)
                0x0000668c                tcpip_uipcall
 .text.chksum   0x000066b6       0x32 build/sky/contiki-ng-sky.a(uip6.o)
 .text.upper_layer_chksum
                0x000066e8       0x58 build/sky/contiki-ng-sky.a(uip6.o)
 .text.ext_hdr_options_process
                0x00006740       0xa4 build/sky/contiki-ng-sky.a(uip6.o)
 .text.uip_check_mtu
                0x000067e4       0x1e build/sky/contiki-ng-sky.a(uip6.o)
 .text.uip_update_ttl
                0x00006802       0x24 build/sky/contiki-ng-sky.a(uip6.o)
 .text.uip_icmp6chksum
                0x00006826        0xa build/sky/contiki-ng-sky.a(uip6.o)
                0x00006826                uip_icmp6chksum
 .text.uip_udpchksum
                0x00006830        0xa build/sky/contiki-ng-sky.a(uip6.o)
                0x00006830                uip_udpchksum
 .text.uip_init
                0x0000683a       0x3c build/sky/contiki-ng-sky.a(uip6.o)
                0x0000683a                uip_init
 .text.uip_remove_ext_hdr
                0x00006876       0x5e build/sky/contiki-ng-sky.a(uip6.o)
                0x00006876                uip_remove_ext_hdr
 .text.uip_udp_new
                0x000068d4       0xac build/sky/contiki-ng-sky.a(uip6.o)
                0x000068d4                uip_udp_new
 .text.uip_process
                0x00006980      0x4be build/sky/contiki-ng-sky.a(uip6.o)
                0x00006980                uip_process
 .text.uip_htonl
                0x00006e3e       0x2e build/sky/contiki-ng-sky.a(uip6.o)
                0x00006e3e                uip_htonl
 .text.uip_ds6_nbr_rm
                0x00006e6c       0x1e build/sky/contiki-ng-sky.a(uip-ds6-nbr.o)
                0x00006e6c                uip_ds6_nbr_rm
 .text.uip_ds6_neighbors_init
                0x00006e8a       0x12 build/sky/contiki-ng-sky.a(uip-ds6-nbr.o)
                0x00006e8a                uip_ds6_neighbors_init
 .text.uip_ds6_nbr_add
                0x00006e9c       0x3e build/sky/contiki-ng-sky.a(uip-ds6-nbr.o)
                0x00006e9c                uip_ds6_nbr_add
 .text.uip_ds6_nbr_get_ll
                0x00006eda        0xc build/sky/contiki-ng-sky.a(uip-ds6-nbr.o)
                0x00006eda                uip_ds6_nbr_get_ll
 .text.uip_ds6_nbr_head
                0x00006ee6        0xa build/sky/contiki-ng-sky.a(uip-ds6-nbr.o)
                0x00006ee6                uip_ds6_nbr_head
 .text.uip_ds6_nbr_next
                0x00006ef0        0xc build/sky/contiki-ng-sky.a(uip-ds6-nbr.o)
                0x00006ef0                uip_ds6_nbr_next
 .text.uip_ds6_nbr_lookup
                0x00006efc       0x3a build/sky/contiki-ng-sky.a(uip-ds6-nbr.o)
                0x00006efc                uip_ds6_nbr_lookup
 .text.uip_ds6_nbr_ll_lookup
                0x00006f36        0xc build/sky/contiki-ng-sky.a(uip-ds6-nbr.o)
                0x00006f36                uip_ds6_nbr_ll_lookup
 .text.uip_ds6_nbr_update_ll
                0x00006f42       0x76 build/sky/contiki-ng-sky.a(uip-ds6-nbr.o)
                0x00006f42                uip_ds6_nbr_update_ll
 .text.uip_ds6_nbr_ipaddr_from_lladdr
                0x00006fb8        0x6 build/sky/contiki-ng-sky.a(uip-ds6-nbr.o)
                0x00006fb8                uip_ds6_nbr_ipaddr_from_lladdr
 .text.uip_ds6_nbr_lladdr_from_ipaddr
                0x00006fbe       0x12 build/sky/contiki-ng-sky.a(uip-ds6-nbr.o)
                0x00006fbe                uip_ds6_nbr_lladdr_from_ipaddr
 .text.uip_ds6_link_callback
                0x00006fd0        0x2 build/sky/contiki-ng-sky.a(uip-ds6-nbr.o)
                0x00006fd0                uip_ds6_link_callback
 .text.ns_input
                0x00006fd2      0x286 build/sky/contiki-ng-sky.a(uip-nd6.o)
 .text.uip_nd6_init
                0x00007258        0xa build/sky/contiki-ng-sky.a(uip-nd6.o)
                0x00007258                uip_nd6_init
 .text.process_thread_simple_udp_process
                0x00007262       0xb8 build/sky/contiki-ng-sky.a(simple-udp.o)
 .text.simple_udp_register
                0x0000731a       0x96 build/sky/contiki-ng-sky.a(simple-udp.o)
                0x0000731a                simple_udp_register
 .text.clear_fragments
                0x000073b0       0x40 build/sky/contiki-ng-sky.a(sicslowpan.o)
 .text.addr_context_lookup_by_number
                0x000073f0       0x16 build/sky/contiki-ng-sky.a(sicslowpan.o)
 .text.sicslowpan_init
                0x00007406       0x18 build/sky/contiki-ng-sky.a(sicslowpan.o)
                0x00007406                sicslowpan_init
 .text.set_packet_attrs
                0x0000741e       0x66 build/sky/contiki-ng-sky.a(sicslowpan.o)
 .text.compress_addr_64
                0x00007484       0xae build/sky/contiki-ng-sky.a(sicslowpan.o)
 .text.addr_context_lookup_by_prefix
                0x00007532       0x20 build/sky/contiki-ng-sky.a(sicslowpan.o)
 .text.send_packet
                0x00007552       0x1a build/sky/contiki-ng-sky.a(sicslowpan.o)
 .text.fragment_copy_payload_and_send
                0x0000756c       0x66 build/sky/contiki-ng-sky.a(sicslowpan.o)
 .text.output   0x000075d2      0x7c6 build/sky/contiki-ng-sky.a(sicslowpan.o)
 .text.packet_sent
                0x00007d98       0x56 build/sky/contiki-ng-sky.a(sicslowpan.o)
 .text.store_fragment
                0x00007dee       0xb4 build/sky/contiki-ng-sky.a(sicslowpan.o)
 .text.add_fragment
                0x00007ea2      0x1fc build/sky/contiki-ng-sky.a(sicslowpan.o)
 .text.uncompress_addr
                0x0000809e       0xb4 build/sky/contiki-ng-sky.a(sicslowpan.o)
 .text.input    0x00008152      0x8b0 build/sky/contiki-ng-sky.a(sicslowpan.o)
 .text.uiplib_ipaddr_snprint
                0x00008a02      0x12c build/sky/contiki-ng-sky.a(uiplib.o)
                0x00008a02                uiplib_ipaddr_snprint
 .text.rpl_has_joined
                0x00008b2e       0x12 build/sky/contiki-ng-sky.a(rpl.o)
                0x00008b2e                rpl_has_joined
 .text.rpl_is_reachable
                0x00008b40       0x12 build/sky/contiki-ng-sky.a(rpl.o)
                0x00008b40                rpl_is_reachable
 .text.neighbor_state_changed
                0x00008b52        0x2 build/sky/contiki-ng-sky.a(rpl.o)
 .text.drop_route
                0x00008b54        0x2 build/sky/contiki-ng-sky.a(rpl.o)
 .text.rpl_get_leaf_only
                0x00008b56        0x6 build/sky/contiki-ng-sky.a(rpl.o)
                0x00008b56                rpl_get_leaf_only
 .text.get_sr_node_ipaddr
                0x00008b5c       0x34 build/sky/contiki-ng-sky.a(rpl.o)
 .text.init     0x00008b90       0x42 build/sky/contiki-ng-sky.a(rpl.o)
 .text.set_ip_from_prefix
                0x00008bd2       0x38 build/sky/contiki-ng-sky.a(rpl.o)
 .text.rpl_link_callback
                0x00008c0a       0x1e build/sky/contiki-ng-sky.a(rpl.o)
                0x00008c0a                rpl_link_callback
 .text.rpl_lollipop_greater_than
                0x00008c28       0x3c build/sky/contiki-ng-sky.a(rpl.o)
                0x00008c28                rpl_lollipop_greater_than
 .text.rpl_get_global_address
                0x00008c64       0xbe build/sky/contiki-ng-sky.a(rpl.o)
                0x00008c64                rpl_get_global_address
 .text.rpl_reset_prefix
                0x00008d22       0x24 build/sky/contiki-ng-sky.a(rpl.o)
                0x00008d22                rpl_reset_prefix
 .text.rpl_set_prefix_from_addr
                0x00008d46       0x92 build/sky/contiki-ng-sky.a(rpl.o)
                0x00008d46                rpl_set_prefix_from_addr
 .text.get32    0x00008dd8       0x46 build/sky/contiki-ng-sky.a(rpl-icmp6.o)
 .text.set32    0x00008e1e       0x2a build/sky/contiki-ng-sky.a(rpl-icmp6.o)
 .text.get16    0x00008e48        0xe build/sky/contiki-ng-sky.a(rpl-icmp6.o)
 .text.set16    0x00008e56       0x10 build/sky/contiki-ng-sky.a(rpl-icmp6.o)
 .text.dao_ack_input
                0x00008e66       0x30 build/sky/contiki-ng-sky.a(rpl-icmp6.o)
 .text.dao_input
                0x00008e96      0x13c build/sky/contiki-ng-sky.a(rpl-icmp6.o)
 .text.dio_input
                0x00008fd2      0x29c build/sky/contiki-ng-sky.a(rpl-icmp6.o)
 .text.dis_input
                0x0000926e       0x1e build/sky/contiki-ng-sky.a(rpl-icmp6.o)
 .text.rpl_icmp6_update_nbr_table
                0x0000928c       0x36 build/sky/contiki-ng-sky.a(rpl-icmp6.o)
                0x0000928c                rpl_icmp6_update_nbr_table
 .text.rpl_icmp6_dis_output
                0x000092c2       0x34 build/sky/contiki-ng-sky.a(rpl-icmp6.o)
                0x000092c2                rpl_icmp6_dis_output
 .text.rpl_icmp6_dio_output
                0x000092f6      0x23a build/sky/contiki-ng-sky.a(rpl-icmp6.o)
                0x000092f6                rpl_icmp6_dio_output
 .text.rpl_icmp6_dao_output
                0x00009530       0xe2 build/sky/contiki-ng-sky.a(rpl-icmp6.o)
                0x00009530                rpl_icmp6_dao_output
 .text.rpl_icmp6_dao_ack_output
                0x00009612       0x4e build/sky/contiki-ng-sky.a(rpl-icmp6.o)
                0x00009612                rpl_icmp6_dao_ack_output
 .text.rpl_icmp6_init
                0x00009660       0x22 build/sky/contiki-ng-sky.a(rpl-icmp6.o)
                0x00009660                rpl_icmp6_init
 .text.rpl_dag_root_set_prefix
                0x00009682       0x62 build/sky/contiki-ng-sky.a(rpl-dag-root.o)
                0x00009682                rpl_dag_root_set_prefix
 .text.rpl_dag_root_start
                0x000096e4       0x8e build/sky/contiki-ng-sky.a(rpl-dag-root.o)
                0x000096e4                rpl_dag_root_start
 .text.rpl_dag_root_is_root
                0x00009772       0x14 build/sky/contiki-ng-sky.a(rpl-dag-root.o)
                0x00009772                rpl_dag_root_is_root
 .text.init_platform
                0x00009786        0xc build/sky/contiki-ng-sky.a(contiki-sky-pla)
                0x00009786                init_platform
 .text.status   0x00009792       0x18 build/sky/contiki-ng-sky.a(button-sensor.o)
 .text.value    0x000097aa       0x20 build/sky/contiki-ng-sky.a(button-sensor.o)
 .text.configure
                0x000097ca       0x4c build/sky/contiki-ng-sky.a(button-sensor.o)
 .text.irq_p2   0x00009816       0x46 build/sky/contiki-ng-sky.a(button-sensor.o)
                0x00009816                irq_p2
                0x00009816                __isr_1
 .text.owreadb  0x0000985c       0x50 build/sky/contiki-ng-sky.a(ds2411.o)
 .text.ds2411_init
                0x000098ac      0x120 build/sky/contiki-ng-sky.a(ds2411.o)
                0x000098ac                ds2411_init
 .text.xmem_init
                0x000099cc       0x3c build/sky/contiki-ng-sky.a(xmem.o)
                0x000099cc                xmem_init
 .text.process_thread_sensors_process
                0x00009a08       0xc2 build/sky/contiki-ng-sky.a(sensors.o)
 .text.sensors_changed
                0x00009aca       0x2a build/sky/contiki-ng-sky.a(sensors.o)
                0x00009aca                sensors_changed
 .text.get_object
                0x00009af4        0x4 build/sky/contiki-ng-sky.a(cc2420.o)
 .text.set_object
                0x00009af8        0x4 build/sky/contiki-ng-sky.a(cc2420.o)
 .text.strobe   0x00009afc       0x1c build/sky/contiki-ng-sky.a(cc2420.o)
 .text.getreg   0x00009b18       0x4c build/sky/contiki-ng-sky.a(cc2420.o)
 .text.setreg   0x00009b64       0x4c build/sky/contiki-ng-sky.a(cc2420.o)
 .text.write_ram
                0x00009bb0       0x7c build/sky/contiki-ng-sky.a(cc2420.o)
 .text.write_fifo_buf
                0x00009c2c       0x3c build/sky/contiki-ng-sky.a(cc2420.o)
 .text.get_status
                0x00009c68       0x20 build/sky/contiki-ng-sky.a(cc2420.o)
 .text.cc2420_receiving_packet
                0x00009c88        0xc build/sky/contiki-ng-sky.a(cc2420.o)
 .text.pending_packet
                0x00009c94        0x8 build/sky/contiki-ng-sky.a(cc2420.o)
 .text.wait_for_transmission
                0x00009c9c       0x22 build/sky/contiki-ng-sky.a(cc2420.o)
 .text.wait_for_status
                0x00009cbe       0x28 build/sky/contiki-ng-sky.a(cc2420.o)
 .text.getrxdata
                0x00009ce6       0x50 build/sky/contiki-ng-sky.a(cc2420.o)
 .text.flushrx  0x00009d36       0x1a build/sky/contiki-ng-sky.a(cc2420.o)
 .text.energest_on
                0x00009d50       0x28 build/sky/contiki-ng-sky.a(cc2420.o)
 .text.on       0x00009d78       0x20 build/sky/contiki-ng-sky.a(cc2420.o)
 .text.energest_off
                0x00009d98       0x9c build/sky/contiki-ng-sky.a(cc2420.o)
 .text.off      0x00009e34       0x2e build/sky/contiki-ng-sky.a(cc2420.o)
 .text.RELEASE_LOCK
                0x00009e62       0x28 build/sky/contiki-ng-sky.a(cc2420.o)
 .text.set_key  0x00009e8a       0x18 build/sky/contiki-ng-sky.a(cc2420.o)
 .text.set_frame_filtering
                0x00009ea2       0x30 build/sky/contiki-ng-sky.a(cc2420.o)
 .text.set_auto_ack
                0x00009ed2       0x30 build/sky/contiki-ng-sky.a(cc2420.o)
 .text.set_poll_mode
                0x00009f02       0x2c build/sky/contiki-ng-sky.a(cc2420.o)
 .text.cc2420_prepare
                0x00009f2e       0x46 build/sky/contiki-ng-sky.a(cc2420.o)
 .text.cc2420_on
                0x00009f74       0x22 build/sky/contiki-ng-sky.a(cc2420.o)
                0x00009f74                cc2420_on
 .text.cc2420_transmit
                0x00009f96       0x8a build/sky/contiki-ng-sky.a(cc2420.o)
 .text.cc2420_send
                0x0000a020       0x12 build/sky/contiki-ng-sky.a(cc2420.o)
 .text.cc2420_off
                0x0000a032       0x30 build/sky/contiki-ng-sky.a(cc2420.o)
                0x0000a032                cc2420_off
 .text.cc2420_cca
                0x0000a062       0x68 build/sky/contiki-ng-sky.a(cc2420.o)
 .text.cc2420_read
                0x0000a0ca       0xbe build/sky/contiki-ng-sky.a(cc2420.o)
 .text.process_thread_cc2420_process
                0x0000a188       0x62 build/sky/contiki-ng-sky.a(cc2420.o)
 .text.encrypt  0x0000a1ea       0x88 build/sky/contiki-ng-sky.a(cc2420.o)
 .text.cc2420_set_channel
                0x0000a272       0x3c build/sky/contiki-ng-sky.a(cc2420.o)
                0x0000a272                cc2420_set_channel
 .text.cc2420_set_pan_addr
                0x0000a2ae       0x4c build/sky/contiki-ng-sky.a(cc2420.o)
                0x0000a2ae                cc2420_set_pan_addr
 .text.cc2420_interrupt
                0x0000a2fa       0x16 build/sky/contiki-ng-sky.a(cc2420.o)
                0x0000a2fa                cc2420_interrupt
 .text.cc2420_set_txpower
                0x0000a310       0x2c build/sky/contiki-ng-sky.a(cc2420.o)
                0x0000a310                cc2420_set_txpower
 .text.cc2420_get_txpower
                0x0000a33c       0x1e build/sky/contiki-ng-sky.a(cc2420.o)
                0x0000a33c                cc2420_get_txpower
 .text.cc2420_rssi
                0x0000a35a       0x4c build/sky/contiki-ng-sky.a(cc2420.o)
                0x0000a35a                cc2420_rssi
 .text.get_value
                0x0000a3a6      0x11e build/sky/contiki-ng-sky.a(cc2420.o)
 .text.cc2420_set_cca_threshold
                0x0000a4c4       0x16 build/sky/contiki-ng-sky.a(cc2420.o)
                0x0000a4c4                cc2420_set_cca_threshold
 .text.set_value
                0x0000a4da      0x150 build/sky/contiki-ng-sky.a(cc2420.o)
 .text.cc2420_init
                0x0000a62a       0xea build/sky/contiki-ng-sky.a(cc2420.o)
                0x0000a62a                cc2420_init
 .text.cc2420_port1_interrupt
                0x0000a714       0x20 build/sky/contiki-ng-sky.a(cc2420-arch.o)
                0x0000a714                __isr_4
                0x0000a714                cc2420_port1_interrupt
 .text.cc2420_arch_init
                0x0000a734       0x1a build/sky/contiki-ng-sky.a(cc2420-arch.o)
                0x0000a734                cc2420_arch_init
 .text.uart1_active
                0x0000a74e       0x18 build/sky/contiki-ng-sky.a(uart1.o)
                0x0000a74e                uart1_active
 .text.uart1_writeb
                0x0000a766       0x18 build/sky/contiki-ng-sky.a(uart1.o)
                0x0000a766                uart1_writeb
 .text.uart1_init
                0x0000a77e       0xf4 build/sky/contiki-ng-sky.a(uart1.o)
                0x0000a77e                uart1_init
 .text.stimer_set
                0x0000a872       0x1c build/sky/contiki-ng-sky.a(stimer.o)
                0x0000a872                stimer_set
 .text.stimer_expired
                0x0000a88e       0x30 build/sky/contiki-ng-sky.a(stimer.o)
                0x0000a88e                stimer_expired
 .text.memb_init
                0x0000a8be       0x36 build/sky/contiki-ng-sky.a(memb.o)
                0x0000a8be                memb_init
 .text.memb_alloc
                0x0000a8f4       0x3e build/sky/contiki-ng-sky.a(memb.o)
                0x0000a8f4                memb_alloc
 .text.memb_free
                0x0000a932       0x32 build/sky/contiki-ng-sky.a(memb.o)
                0x0000a932                memb_free
 .text.memb_inmemb
                0x0000a964       0x2a build/sky/contiki-ng-sky.a(memb.o)
                0x0000a964                memb_inmemb
 .text.memb_numfree
                0x0000a98e       0x26 build/sky/contiki-ng-sky.a(memb.o)
                0x0000a98e                memb_numfree
 .text.item_from_index
                0x0000a9b4       0x2a build/sky/contiki-ng-sky.a(nbr-table.o)
 .text.index_from_key
                0x0000a9de       0x26 build/sky/contiki-ng-sky.a(nbr-table.o)
 .text.index_from_item
                0x0000aa04       0x1e build/sky/contiki-ng-sky.a(nbr-table.o)
 .text.nbr_set_bit
                0x0000aa22       0x58 build/sky/contiki-ng-sky.a(nbr-table.o)
 .text.index_from_lladdr
                0x0000aa7a       0x42 build/sky/contiki-ng-sky.a(nbr-table.o)
 .text.nbr_get_bit.constprop.0
                0x0000aabc       0x2e build/sky/contiki-ng-sky.a(nbr-table.o)
 .text.nbr_table_is_registered
                0x0000aaea       0x22 build/sky/contiki-ng-sky.a(nbr-table.o)
                0x0000aaea                nbr_table_is_registered
 .text.nbr_table_register
                0x0000ab0c       0x40 build/sky/contiki-ng-sky.a(nbr-table.o)
                0x0000ab0c                nbr_table_register
 .text.nbr_table_next
                0x0000ab4c       0x54 build/sky/contiki-ng-sky.a(nbr-table.o)
                0x0000ab4c                nbr_table_next
 .text.nbr_table_head
                0x0000aba0       0x3a build/sky/contiki-ng-sky.a(nbr-table.o)
                0x0000aba0                nbr_table_head
 .text.nbr_table_add_lladdr
                0x0000abda      0x168 build/sky/contiki-ng-sky.a(nbr-table.o)
                0x0000abda                nbr_table_add_lladdr
 .text.nbr_table_get_from_lladdr
                0x0000ad42       0x2c build/sky/contiki-ng-sky.a(nbr-table.o)
                0x0000ad42                nbr_table_get_from_lladdr
 .text.nbr_table_remove
                0x0000ad6e       0x32 build/sky/contiki-ng-sky.a(nbr-table.o)
                0x0000ad6e                nbr_table_remove
 .text.nbr_table_lock
                0x0000ada0       0x10 build/sky/contiki-ng-sky.a(nbr-table.o)
                0x0000ada0                nbr_table_lock
 .text.nbr_table_unlock
                0x0000adb0       0x10 build/sky/contiki-ng-sky.a(nbr-table.o)
                0x0000adb0                nbr_table_unlock
 .text.nbr_table_get_lladdr
                0x0000adc0       0x22 build/sky/contiki-ng-sky.a(nbr-table.o)
                0x0000adc0                nbr_table_get_lladdr
 .text.periodic
                0x0000ade2       0x28 build/sky/contiki-ng-sky.a(link-stats.o)
 .text.link_stats_from_lladdr
                0x0000ae0a        0xc build/sky/contiki-ng-sky.a(link-stats.o)
                0x0000ae0a                link_stats_from_lladdr
 .text.link_stats_is_fresh
                0x0000ae16       0x30 build/sky/contiki-ng-sky.a(link-stats.o)
                0x0000ae16                link_stats_is_fresh
 .text.guess_etx_from_rssi
                0x0000ae46       0x42 build/sky/contiki-ng-sky.a(link-stats.o)
                0x0000ae46                guess_etx_from_rssi
 .text.link_stats_packet_sent
                0x0000ae88       0xda build/sky/contiki-ng-sky.a(link-stats.o)
                0x0000ae88                link_stats_packet_sent
 .text.link_stats_input_callback
                0x0000af62       0xb4 build/sky/contiki-ng-sky.a(link-stats.o)
                0x0000af62                link_stats_input_callback
 .text.link_stats_reset
                0x0000b016       0x2a build/sky/contiki-ng-sky.a(link-stats.o)
                0x0000b016                link_stats_reset
 .text.link_stats_init
                0x0000b040       0x22 build/sky/contiki-ng-sky.a(link-stats.o)
                0x0000b040                link_stats_init
 .text.mac_sequence_is_duplicate
                0x0000b062       0x84 build/sky/contiki-ng-sky.a(mac-sequence.o)
                0x0000b062                mac_sequence_is_duplicate
 .text.mac_sequence_register_seqno
                0x0000b0e6       0x90 build/sky/contiki-ng-sky.a(mac-sequence.o)
                0x0000b0e6                mac_sequence_register_seqno
 .text.mac_call_sent_callback
                0x0000b176       0x14 build/sky/contiki-ng-sky.a(mac.o)
                0x0000b176                mac_call_sent_callback
 .text.parse    0x0000b18a       0xa0 build/sky/contiki-ng-sky.a(framer-802154.o)
 .text.framer_802154_setup_params
                0x0000b22a       0xb8 build/sky/contiki-ng-sky.a(framer-802154.o)
                0x0000b22a                framer_802154_setup_params
 .text.create_frame
                0x0000b2e2       0xde build/sky/contiki-ng-sky.a(framer-802154.o)
 .text.create   0x0000b3c0        0x8 build/sky/contiki-ng-sky.a(framer-802154.o)
 .text.hdr_length
                0x0000b3c8        0x8 build/sky/contiki-ng-sky.a(framer-802154.o)
 .text.frame802154_get_pan_id
                0x0000b3d0        0x6 build/sky/contiki-ng-sky.a(frame802154.o)
                0x0000b3d0                frame802154_get_pan_id
 .text.frame802154_has_panid
                0x0000b3d6       0xe0 build/sky/contiki-ng-sky.a(frame802154.o)
                0x0000b3d6                frame802154_has_panid
 .text.field_len
                0x0000b4b6       0xac build/sky/contiki-ng-sky.a(frame802154.o)
 .text.frame802154_is_broadcast_addr
                0x0000b562       0x28 build/sky/contiki-ng-sky.a(frame802154.o)
                0x0000b562                frame802154_is_broadcast_addr
 .text.frame802154_hdrlen
                0x0000b58a       0x32 build/sky/contiki-ng-sky.a(frame802154.o)
                0x0000b58a                frame802154_hdrlen
 .text.frame802154_create_fcf
                0x0000b5bc       0x96 build/sky/contiki-ng-sky.a(frame802154.o)
                0x0000b5bc                frame802154_create_fcf
 .text.frame802154_create
                0x0000b652       0xe4 build/sky/contiki-ng-sky.a(frame802154.o)
                0x0000b652                frame802154_create
 .text.frame802154_parse_fcf
                0x0000b736       0xbc build/sky/contiki-ng-sky.a(frame802154.o)
                0x0000b736                frame802154_parse_fcf
 .text.frame802154_parse
                0x0000b7f2      0x168 build/sky/contiki-ng-sky.a(frame802154.o)
                0x0000b7f2                frame802154_parse
 .text.csma_security_create_frame
                0x0000b95a       0x10 build/sky/contiki-ng-sky.a(csma-security.o)
                0x0000b95a                csma_security_create_frame
 .text.csma_security_parse_frame
                0x0000b96a        0x6 build/sky/contiki-ng-sky.a(csma-security.o)
                0x0000b96a                csma_security_parse_frame
 .text.uipbuf_add_ext_hdr
                0x0000b970       0x1c build/sky/contiki-ng-sky.a(uipbuf.o)
                0x0000b970                uipbuf_add_ext_hdr
 .text.uipbuf_set_len
                0x0000b98c       0x12 build/sky/contiki-ng-sky.a(uipbuf.o)
                0x0000b98c                uipbuf_set_len
 .text.uipbuf_set_len_field
                0x0000b99e        0xe build/sky/contiki-ng-sky.a(uipbuf.o)
                0x0000b99e                uipbuf_set_len_field
 .text.uipbuf_get_len_field
                0x0000b9ac        0xe build/sky/contiki-ng-sky.a(uipbuf.o)
                0x0000b9ac                uipbuf_get_len_field
 .text.uipbuf_get_next_header
                0x0000b9ba       0x62 build/sky/contiki-ng-sky.a(uipbuf.o)
                0x0000b9ba                uipbuf_get_next_header
 .text.uipbuf_get_last_header
                0x0000ba1c       0x3e build/sky/contiki-ng-sky.a(uipbuf.o)
                0x0000ba1c                uipbuf_get_last_header
 .text.uipbuf_search_header
                0x0000ba5a       0x4e build/sky/contiki-ng-sky.a(uipbuf.o)
                0x0000ba5a                uipbuf_search_header
 .text.uipbuf_get_attr
                0x0000baa8       0x14 build/sky/contiki-ng-sky.a(uipbuf.o)
                0x0000baa8                uipbuf_get_attr
 .text.uipbuf_clear_attr
                0x0000babc       0x12 build/sky/contiki-ng-sky.a(uipbuf.o)
                0x0000babc                uipbuf_clear_attr
 .text.uipbuf_clear
                0x0000bace       0x12 build/sky/contiki-ng-sky.a(uipbuf.o)
                0x0000bace                uipbuf_clear
 .text.uipbuf_init
                0x0000bae0       0x1a build/sky/contiki-ng-sky.a(uipbuf.o)
                0x0000bae0                uipbuf_init
 .text.echo_reply_input
                0x0000bafa       0x68 build/sky/contiki-ng-sky.a(uip-icmp6.o)
 .text.echo_request_input
                0x0000bb62       0x86 build/sky/contiki-ng-sky.a(uip-icmp6.o)
 .text.uip_icmp6_input
                0x0000bbe8       0x48 build/sky/contiki-ng-sky.a(uip-icmp6.o)
                0x0000bbe8                uip_icmp6_input
 .text.uip_icmp6_register_input_handler
                0x0000bc30        0xc build/sky/contiki-ng-sky.a(uip-icmp6.o)
                0x0000bc30                uip_icmp6_register_input_handler
 .text.uip_icmp6_error_output
                0x0000bc3c      0x146 build/sky/contiki-ng-sky.a(uip-icmp6.o)
                0x0000bc3c                uip_icmp6_error_output
 .text.uip_icmp6_send
                0x0000bd82       0x94 build/sky/contiki-ng-sky.a(uip-icmp6.o)
                0x0000bd82                uip_icmp6_send
 .text.uip_icmp6_init
                0x0000be16       0x12 build/sky/contiki-ng-sky.a(uip-icmp6.o)
                0x0000be16                uip_icmp6_init
 .text.node_matches_address.part.0
                0x0000be28       0x2e build/sky/contiki-ng-sky.a(uip-sr.o)
 .text.uip_sr_get_node
                0x0000be56       0x44 build/sky/contiki-ng-sky.a(uip-sr.o)
                0x0000be56                uip_sr_get_node
 .text.uip_sr_is_addr_reachable
                0x0000be9a       0x4e build/sky/contiki-ng-sky.a(uip-sr.o)
                0x0000be9a                uip_sr_is_addr_reachable
 .text.uip_sr_expire_parent
                0x0000bee8       0x42 build/sky/contiki-ng-sky.a(uip-sr.o)
                0x0000bee8                uip_sr_expire_parent
 .text.uip_sr_update_node
                0x0000bf2a       0xbc build/sky/contiki-ng-sky.a(uip-sr.o)
                0x0000bf2a                uip_sr_update_node
 .text.uip_sr_init
                0x0000bfe6       0x16 build/sky/contiki-ng-sky.a(uip-sr.o)
                0x0000bfe6                uip_sr_init
 .text.uip_sr_periodic
                0x0000bffc       0x9a build/sky/contiki-ng-sky.a(uip-sr.o)
                0x0000bffc                uip_sr_periodic
 .text.uip_sr_free_all
                0x0000c096       0x3c build/sky/contiki-ng-sky.a(uip-sr.o)
                0x0000c096                uip_sr_free_all
 .text.update_state
                0x0000c0d2       0x78 build/sky/contiki-ng-sky.a(rpl-nbr-policy.)
 .text.rpl_nbr_policy_find_removable
                0x0000c14a       0x50 build/sky/contiki-ng-sky.a(rpl-nbr-policy.)
                0x0000c14a                rpl_nbr_policy_find_removable
 .text.remove_neighbor
                0x0000c19a       0x24 build/sky/contiki-ng-sky.a(rpl-neighbor.o)
 .text.rpl_neighbor_get_from_lladdr
                0x0000c1be        0xc build/sky/contiki-ng-sky.a(rpl-neighbor.o)
                0x0000c1be                rpl_neighbor_get_from_lladdr
 .text.rpl_neighbor_rank_via_nbr
                0x0000c1ca       0x18 build/sky/contiki-ng-sky.a(rpl-neighbor.o)
                0x0000c1ca                rpl_neighbor_rank_via_nbr
 .text.rpl_neighbor_get_lladdr
                0x0000c1e2        0xc build/sky/contiki-ng-sky.a(rpl-neighbor.o)
                0x0000c1e2                rpl_neighbor_get_lladdr
 .text.rpl_neighbor_get_ipaddr
                0x0000c1ee        0xa build/sky/contiki-ng-sky.a(rpl-neighbor.o)
                0x0000c1ee                rpl_neighbor_get_ipaddr
 .text.rpl_neighbor_get_link_stats
                0x0000c1f8        0xa build/sky/contiki-ng-sky.a(rpl-neighbor.o)
                0x0000c1f8                rpl_neighbor_get_link_stats
 .text.rpl_neighbor_is_fresh
                0x0000c202        0xa build/sky/contiki-ng-sky.a(rpl-neighbor.o)
                0x0000c202                rpl_neighbor_is_fresh
 .text.best_parent
                0x0000c20c       0xb4 build/sky/contiki-ng-sky.a(rpl-neighbor.o)
 .text.rpl_neighbor_is_parent
                0x0000c2c0       0x18 build/sky/contiki-ng-sky.a(rpl-neighbor.o)
                0x0000c2c0                rpl_neighbor_is_parent
 .text.rpl_neighbor_set_preferred_parent
                0x0000c2d8       0x44 build/sky/contiki-ng-sky.a(rpl-neighbor.o)
                0x0000c2d8                rpl_neighbor_set_preferred_parent
 .text.rpl_neighbor_remove_all
                0x0000c31c       0x2a build/sky/contiki-ng-sky.a(rpl-neighbor.o)
                0x0000c31c                rpl_neighbor_remove_all
 .text.rpl_neighbor_get_from_ipaddr
                0x0000c346       0x14 build/sky/contiki-ng-sky.a(rpl-neighbor.o)
                0x0000c346                rpl_neighbor_get_from_ipaddr
 .text.rpl_neighbor_select_best
                0x0000c35a       0x54 build/sky/contiki-ng-sky.a(rpl-neighbor.o)
                0x0000c35a                rpl_neighbor_select_best
 .text.rpl_neighbor_init
                0x0000c3ae        0xe build/sky/contiki-ng-sky.a(rpl-neighbor.o)
                0x0000c3ae                rpl_neighbor_init
 .text.init_dag
                0x0000c3bc       0x84 build/sky/contiki-ng-sky.a(rpl-dag.o)
 .text.init_dag_from_dio
                0x0000c440       0x94 build/sky/contiki-ng-sky.a(rpl-dag.o)
 .text.rpl_dag_get_root_ipaddr
                0x0000c4d4       0x1e build/sky/contiki-ng-sky.a(rpl-dag.o)
                0x0000c4d4                rpl_dag_get_root_ipaddr
 .text.rpl_dag_leave
                0x0000c4f2       0x4a build/sky/contiki-ng-sky.a(rpl-dag.o)
                0x0000c4f2                rpl_dag_leave
 .text.rpl_dag_poison_and_leave
                0x0000c53c        0xc build/sky/contiki-ng-sky.a(rpl-dag.o)
                0x0000c53c                rpl_dag_poison_and_leave
 .text.rpl_dag_periodic
                0x0000c548       0x6a build/sky/contiki-ng-sky.a(rpl-dag.o)
                0x0000c548                rpl_dag_periodic
 .text.rpl_is_addr_in_our_dag
                0x0000c5b2       0x34 build/sky/contiki-ng-sky.a(rpl-dag.o)
                0x0000c5b2                rpl_is_addr_in_our_dag
 .text.rpl_local_repair
                0x0000c5e6       0x2a build/sky/contiki-ng-sky.a(rpl-dag.o)
                0x0000c5e6                rpl_local_repair
 .text.rpl_global_repair
                0x0000c610       0x2e build/sky/contiki-ng-sky.a(rpl-dag.o)
                0x0000c610                rpl_global_repair
 .text.rpl_dag_ready_to_advertise
                0x0000c63e       0x22 build/sky/contiki-ng-sky.a(rpl-dag.o)
                0x0000c63e                rpl_dag_ready_to_advertise
 .text.rpl_dag_update_state
                0x0000c660      0x138 build/sky/contiki-ng-sky.a(rpl-dag.o)
                0x0000c660                rpl_dag_update_state
 .text.rpl_process_dio
                0x0000c798      0x1c8 build/sky/contiki-ng-sky.a(rpl-dag.o)
                0x0000c798                rpl_process_dio
 .text.rpl_process_dis
                0x0000c960       0x2a build/sky/contiki-ng-sky.a(rpl-dag.o)
                0x0000c960                rpl_process_dis
 .text.rpl_process_dao
                0x0000c98a       0x6c build/sky/contiki-ng-sky.a(rpl-dag.o)
                0x0000c98a                rpl_process_dao
 .text.rpl_process_dao_ack
                0x0000c9f6       0x54 build/sky/contiki-ng-sky.a(rpl-dag.o)
                0x0000c9f6                rpl_process_dao_ack
 .text.rpl_process_hbh
                0x0000ca4a       0x2e build/sky/contiki-ng-sky.a(rpl-dag.o)
                0x0000ca4a                rpl_process_hbh
 .text.rpl_dag_init_root
                0x0000ca78       0xbc build/sky/contiki-ng-sky.a(rpl-dag.o)
                0x0000ca78                rpl_dag_init_root
 .text.rpl_dag_init
                0x0000cb34       0x10 build/sky/contiki-ng-sky.a(rpl-dag.o)
                0x0000cb34                rpl_dag_init
 .text.handle_state_update
                0x0000cb44        0x6 build/sky/contiki-ng-sky.a(rpl-timers.o)
 .text.handle_leaving_timer
                0x0000cb4a        0xc build/sky/contiki-ng-sky.a(rpl-timers.o)
 .text.schedule_dao_retransmission
                0x0000cb56       0x34 build/sky/contiki-ng-sky.a(rpl-timers.o)
 .text.new_dio_interval
                0x0000cb8a       0x8a build/sky/contiki-ng-sky.a(rpl-timers.o)
 .text.handle_unicast_dio_timer
                0x0000cc14       0x12 build/sky/contiki-ng-sky.a(rpl-timers.o)
 .text.send_new_dao
                0x0000cc26       0x28 build/sky/contiki-ng-sky.a(rpl-timers.o)
 .text.resend_dao
                0x0000cc4e       0x24 build/sky/contiki-ng-sky.a(rpl-timers.o)
 .text.handle_dao_ack_timer
                0x0000cc72       0x12 build/sky/contiki-ng-sky.a(rpl-timers.o)
 .text.handle_dio_timer
                0x0000cc84       0x6e build/sky/contiki-ng-sky.a(rpl-timers.o)
 .text.rpl_timers_schedule_periodic_dis
                0x0000ccf2       0x40 build/sky/contiki-ng-sky.a(rpl-timers.o)
                0x0000ccf2                rpl_timers_schedule_periodic_dis
 .text.handle_periodic_timer
                0x0000cd32       0x3a build/sky/contiki-ng-sky.a(rpl-timers.o)
 .text.handle_dis_timer
                0x0000cd6c       0x26 build/sky/contiki-ng-sky.a(rpl-timers.o)
 .text.rpl_timers_dio_reset
                0x0000cd92       0x2e build/sky/contiki-ng-sky.a(rpl-timers.o)
                0x0000cd92                rpl_timers_dio_reset
 .text.rpl_timers_schedule_unicast_dio
                0x0000cdc0       0x20 build/sky/contiki-ng-sky.a(rpl-timers.o)
                0x0000cdc0                rpl_timers_schedule_unicast_dio
 .text.rpl_timers_schedule_dao
                0x0000cde0       0x3c build/sky/contiki-ng-sky.a(rpl-timers.o)
                0x0000cde0                rpl_timers_schedule_dao
 .text.rpl_timers_schedule_dao_ack
                0x0000ce1c       0x34 build/sky/contiki-ng-sky.a(rpl-timers.o)
                0x0000ce1c                rpl_timers_schedule_dao_ack
 .text.rpl_timers_notify_dao_ack
                0x0000ce50       0x82 build/sky/contiki-ng-sky.a(rpl-timers.o)
                0x0000ce50                rpl_timers_notify_dao_ack
 .text.get_probing_delay
                0x0000ced2       0x1c build/sky/contiki-ng-sky.a(rpl-timers.o)
                0x0000ced2                get_probing_delay
 .text.get_probing_target
                0x0000ceee       0xee build/sky/contiki-ng-sky.a(rpl-timers.o)
                0x0000ceee                get_probing_target
 .text.rpl_schedule_probing
                0x0000cfdc       0x20 build/sky/contiki-ng-sky.a(rpl-timers.o)
                0x0000cfdc                rpl_schedule_probing
 .text.handle_probing_timer
                0x0000cffc       0x2a build/sky/contiki-ng-sky.a(rpl-timers.o)
 .text.rpl_schedule_probing_now
                0x0000d026       0x24 build/sky/contiki-ng-sky.a(rpl-timers.o)
                0x0000d026                rpl_schedule_probing_now
 .text.rpl_timers_unschedule_leaving
                0x0000d04a       0x1c build/sky/contiki-ng-sky.a(rpl-timers.o)
                0x0000d04a                rpl_timers_unschedule_leaving
 .text.rpl_timers_schedule_leaving
                0x0000d066       0x2a build/sky/contiki-ng-sky.a(rpl-timers.o)
                0x0000d066                rpl_timers_schedule_leaving
 .text.rpl_timers_init
                0x0000d090       0x1c build/sky/contiki-ng-sky.a(rpl-timers.o)
                0x0000d090                rpl_timers_init
 .text.rpl_timers_stop_dag_timers
                0x0000d0ac       0x4c build/sky/contiki-ng-sky.a(rpl-timers.o)
                0x0000d0ac                rpl_timers_stop_dag_timers
 .text.rpl_timers_unschedule_state_update
                0x0000d0f8       0x10 build/sky/contiki-ng-sky.a(rpl-timers.o)
                0x0000d0f8                rpl_timers_unschedule_state_update
 .text.rpl_timers_schedule_state_update
                0x0000d108       0x1c build/sky/contiki-ng-sky.a(rpl-timers.o)
                0x0000d108                rpl_timers_schedule_state_update
 .text.update_hbh_header
                0x0000d124       0x4a build/sky/contiki-ng-sky.a(rpl-ext-header.)
 .text.rpl_ext_header_srh_get_next_hop
                0x0000d16e       0x84 build/sky/contiki-ng-sky.a(rpl-ext-header.)
                0x0000d16e                rpl_ext_header_srh_get_next_hop
 .text.rpl_ext_header_srh_update
                0x0000d1f2      0x106 build/sky/contiki-ng-sky.a(rpl-ext-header.)
                0x0000d1f2                rpl_ext_header_srh_update
 .text.rpl_ext_header_hbh_update
                0x0000d2f8       0x9e build/sky/contiki-ng-sky.a(rpl-ext-header.)
                0x0000d2f8                rpl_ext_header_hbh_update
 .text.rpl_ext_header_remove
                0x0000d396       0xcc build/sky/contiki-ng-sky.a(rpl-ext-header.)
                0x0000d396                rpl_ext_header_remove
 .text.rpl_ext_header_update
                0x0000d462      0x2aa build/sky/contiki-ng-sky.a(rpl-ext-header.)
                0x0000d462                rpl_ext_header_update
 .text.reset    0x0000d70c        0x2 build/sky/contiki-ng-sky.a(rpl-mrhof.o)
 .text.update_metric_container
                0x0000d70e        0x6 build/sky/contiki-ng-sky.a(rpl-mrhof.o)
 .text.nbr_link_metric
                0x0000d714       0x12 build/sky/contiki-ng-sky.a(rpl-mrhof.o)
 .text.nbr_has_usable_link
                0x0000d726       0x14 build/sky/contiki-ng-sky.a(rpl-mrhof.o)
 .text.nbr_path_cost
                0x0000d73a       0x38 build/sky/contiki-ng-sky.a(rpl-mrhof.o)
 .text.within_hysteresis
                0x0000d772       0x54 build/sky/contiki-ng-sky.a(rpl-mrhof.o)
 .text.nbr_is_acceptable_parent
                0x0000d7c6       0x2c build/sky/contiki-ng-sky.a(rpl-mrhof.o)
 .text.rank_via_nbr
                0x0000d7f2       0x48 build/sky/contiki-ng-sky.a(rpl-mrhof.o)
 .text.best_parent
                0x0000d83a       0x7c build/sky/contiki-ng-sky.a(rpl-mrhof.o)
 .text.spi_init
                0x0000d8b6       0x30 build/sky/contiki-ng-sky.a(spi-legacy.o)
                0x0000d8b6                spi_init
 .text.libgcc   0x0000d8e6       0x2c /usr/local/bin/../lib/gcc/msp430/4.7.2/mmpy-16/libgcc.a(_mulsi3.o)
                0x0000d8e6                __mulsi3
 .text.libgcc   0x0000d912       0x22 /usr/local/bin/../lib/gcc/msp430/4.7.2/mmpy-16/libgcc.a(_udivmod16.o)
                0x0000d912                __udivhi3
                0x0000d912                __ext_udivmod16
                0x0000d92c                __umodhi3
 .text.libgcc   0x0000d934       0x3a /usr/local/bin/../lib/gcc/msp430/4.7.2/mmpy-16/libgcc.a(_divmod16.o)
                0x0000d934                __ext_divmod16
                0x0000d934                __divhi3
                0x0000d966                __modhi3
 .text.libgcc   0x0000d96e       0x40 /usr/local/bin/../lib/gcc/msp430/4.7.2/mmpy-16/libgcc.a(_udivmod32.o)
                0x0000d96e                __udivsi3
                0x0000d96e                __ext_udivmod32
                0x0000d9a4                __umodsi3
 .text.libgcc   0x0000d9ae       0x4c /usr/local/bin/../lib/gcc/msp430/4.7.2/mmpy-16/libgcc.a(_divmod32.o)
                0x0000d9ae                __ext_divmod32
                0x0000d9ae                __divsi3
                0x0000d9f0                __modsi3
 .text.printf   0x0000d9fa       0x10 /usr/local/bin/../lib/gcc/msp430/4.7.2/../../../../msp430/lib/mmpy-16/libc.a(printf.o)
                0x0000d9fa                printf
 .text.append   0x0000da0a       0x22 /usr/local/bin/../lib/gcc/msp430/4.7.2/../../../../msp430/lib/mmpy-16/libc.a(sprintf.o)
 .text.call_vuprintf
                0x0000da2c       0x3a /usr/local/bin/../lib/gcc/msp430/4.7.2/../../../../msp430/lib/mmpy-16/libc.a(sprintf.o)
 .text.snprintf
                0x0000da66       0x1a /usr/local/bin/../lib/gcc/msp430/4.7.2/../../../../msp430/lib/mmpy-16/libc.a(sprintf.o)
                0x0000da66                snprintf
 .text.print_field
                0x0000da80      0x194 /usr/local/bin/../lib/gcc/msp430/4.7.2/../../../../msp430/lib/mmpy-16/libc.a(vuprintf.o)
 .text.vuprintf
                0x0000dc14      0x63e /usr/local/bin/../lib/gcc/msp430/4.7.2/../../../../msp430/lib/mmpy-16/libc.a(vuprintf.o)
                0x0000dc14                vuprintf
 .text.puts     0x0000e252       0x2c /usr/local/bin/../lib/gcc/msp430/4.7.2/../../../../msp430/lib/mmpy-16/libc.a(puts.o)
                0x0000e252                puts
 .text.rand     0x0000e27e       0x26 /usr/local/bin/../lib/gcc/msp430/4.7.2/../../../../msp430/lib/mmpy-16/libc.a(rand.o)
                0x0000e27e                rand
 .text.srand    0x0000e2a4        0xa /usr/local/bin/../lib/gcc/msp430/4.7.2/../../../../msp430/lib/mmpy-16/libc.a(rand.o)
                0x0000e2a4                srand
 .text.strncmp  0x0000e2ae       0x2a /usr/local/bin/../lib/gcc/msp430/4.7.2/../../../../msp430/lib/mmpy-16/libc.a(strncmp.o)
                0x0000e2ae                strncmp
 .text.memcmp   0x0000e2d8       0x30 /usr/local/bin/../lib/gcc/msp430/4.7.2/../../../../msp430/lib/mmpy-16/libc.a(memcmp.o)
                0x0000e2d8                memcmp
 .text.memcpy   0x0000e308       0xfa /usr/local/bin/../lib/gcc/msp430/4.7.2/../../../../msp430/lib/mmpy-16/libc.a(memcpy.o)
                0x0000e308                memcpy
 .text.memmove  0x0000e402       0xfa /usr/local/bin/../lib/gcc/msp430/4.7.2/../../../../msp430/lib/mmpy-16/libc.a(memmove.o)
                0x0000e402                memmove
 .text.memset   0x0000e4fc       0x6a /usr/local/bin/../lib/gcc/msp430/4.7.2/../../../../msp430/lib/mmpy-16/libc.a(memset.o)
                0x0000e4fc                memset
 .text.libgcc   0x0000e566       0xf0 /usr/local/bin/../lib/gcc/msp430/4.7.2/mmpy-16/libgcc.a(_udivmod64.o)
                0x0000e566                __xabi_udivmod64
                0x0000e5c4                __udivdi3
                0x0000e5ea                __umoddi3
                0x0000e618                __udivmoddi4
 .text.crt0     0x0000e656        0x2 /usr/local/bin/../lib/gcc/msp430/4.7.2/mmpy-16/libcrt0.a(_unexpected_.o)
                0x0000e656                _unexpected_
 *(.near.text .near.text.*)

.rodata         0x0000e658      0x4c9
                0x0000e658                . = ALIGN (0x2)
 *(.rodata .rodata.* .gnu.linkonce.r.*)
 .rodata        0x0000e658       0x34 server-node.o
                0x0000e67c                autostart_processes
 .rodata        0x0000e68c       0xf1 build/sky/obj/contiki-main.o
 .rodata        0x0000e77d       0x31 build/sky/contiki-ng-sky.a(platform.o)
 .rodata        0x0000e7ae       0x45 build/sky/contiki-ng-sky.a(simple-energest)
 *fill*         0x0000e7f3        0x1 00
 .rodata        0x0000e7f4       0xb6 build/sky/contiki-ng-sky.a(log.o)
 .rodata        0x0000e8aa        0xc build/sky/contiki-ng-sky.a(etimer.o)
 .rodata        0x0000e8b6        0xf build/sky/contiki-ng-sky.a(ctimer.o)
 *fill*         0x0000e8c5        0x1 00
 .rodata        0x0000e8c6        0x8 build/sky/contiki-ng-sky.a(linkaddr.o)
                0x0000e8c6                linkaddr_null
 .rodata        0x0000e8ce       0x14 build/sky/contiki-ng-sky.a(csma.o)
                0x0000e8d4                csma_driver
 .rodata        0x0000e8e2        0xd build/sky/contiki-ng-sky.a(tcpip.o)
 .rodata        0x0000e8ef       0x13 build/sky/contiki-ng-sky.a(simple-udp.o)
 .rodata        0x0000e902       0x26 build/sky/contiki-ng-sky.a(sicslowpan.o)
                0x0000e90e                sicslowpan_driver
                0x0000e916                llprefix
                0x0000e918                unc_mxconf
                0x0000e91c                unc_ctxconf
                0x0000e920                unc_llconf
 .rodata        0x0000e928       0x2d build/sky/contiki-ng-sky.a(uiplib.o)
 *fill*         0x0000e955        0x1 00
 .rodata        0x0000e956       0x34 build/sky/contiki-ng-sky.a(rpl.o)
                0x0000e960                rpl_lite_driver
 .rodata        0x0000e98a       0x10 build/sky/contiki-ng-sky.a(button-sensor.o)
                0x0000e992                button_sensor
 .rodata        0x0000e99a        0x8 build/sky/contiki-ng-sky.a(sensors.o)
 *fill*         0x0000e9a2        0x2 00
 .rodata.get_value
                0x0000e9a4       0x34 build/sky/contiki-ng-sky.a(cc2420.o)
 .rodata.set_value
                0x0000e9d8       0x10 build/sky/contiki-ng-sky.a(cc2420.o)
 .rodata        0x0000e9e8       0x3e build/sky/contiki-ng-sky.a(cc2420.o)
                0x0000e9e8                cc2420_aes_128_driver
                0x0000e9ec                cc2420_driver
 .rodata        0x0000ea26        0x6 build/sky/contiki-ng-sky.a(framer-802154.o)
                0x0000ea26                framer_802154
 .rodata        0x0000ea2c        0x2 build/sky/contiki-ng-sky.a(frame802154.o)
 .rodata        0x0000ea2e       0xe0 build/sky/contiki-ng-sky.a(rpl-dag.o)
 .rodata        0x0000eb0e        0xc build/sky/contiki-ng-sky.a(rpl-timers.o)
 .rodata.vuprintf
                0x0000eb1a        0x7 /usr/local/bin/../lib/gcc/msp430/4.7.2/../../../../msp430/lib/mmpy-16/libc.a(vuprintf.o)
 *(.near.rodata .near.rodata.*)
                0x0000eb22                . = ALIGN (0x2)
                0x0000eb22                _etext = .

.data           0x00001100      0x144 load address 0x0000eb22
                0x00001100                . = ALIGN (0x2)
                0x00001100                __data_start = .
 *(.data .data.* .gnu.linkonce.d.*)
 .data          0x00001100        0xa server-node.o
                0x00001100                udp_server_process
 .data          0x0000110a        0x2 build/sky/contiki-ng-sky.a(msp430.o)
 .data          0x0000110c        0xa build/sky/contiki-ng-sky.a(simple-energest)
                0x0000110c                simple_energest_process
 .data          0x00001116       0x50 build/sky/contiki-ng-sky.a(log.o)
                0x00001116                all_modules
                0x00001164                curr_log_level_main
 .data          0x00001166        0xa build/sky/contiki-ng-sky.a(etimer.o)
                0x00001166                etimer_process
 .data          0x00001170        0xa build/sky/contiki-ng-sky.a(ctimer.o)
                0x00001170                ctimer_process
 .data          0x0000117a       0x10 build/sky/contiki-ng-sky.a(queuebuf.o)
 .data          0x0000118a       0x18 build/sky/contiki-ng-sky.a(csma-output.o)
 .data          0x000011a2        0x8 build/sky/contiki-ng-sky.a(uip-ds6-route.o)
 .data          0x000011aa        0xa build/sky/contiki-ng-sky.a(tcpip.o)
                0x000011aa                tcpip_process
 .data          0x000011b4        0x8 build/sky/contiki-ng-sky.a(uip-ds6-nbr.o)
 .data          0x000011bc        0x6 build/sky/contiki-ng-sky.a(uip-nd6.o)
 .data          0x000011c2        0xa build/sky/contiki-ng-sky.a(simple-udp.o)
                0x000011c2                simple_udp_process
 .data          0x000011cc       0x18 build/sky/contiki-ng-sky.a(rpl-icmp6.o)
 .data          0x000011e4        0x4 build/sky/contiki-ng-sky.a(contiki-sky-pla)
                0x000011e4                sensors
 .data          0x000011e8        0xa build/sky/contiki-ng-sky.a(sensors.o)
                0x000011e8                sensors_process
 .data          0x000011f2        0xc build/sky/contiki-ng-sky.a(cc2420.o)
                0x000011f2                cc2420_process
 .data          0x000011fe        0x8 build/sky/contiki-ng-sky.a(nbr-table.o)
 .data          0x00001206        0x8 build/sky/contiki-ng-sky.a(link-stats.o)
 .data          0x0000120e        0x2 build/sky/contiki-ng-sky.a(frame802154.o)
 .data          0x00001210        0xc build/sky/contiki-ng-sky.a(uip-icmp6.o)
 .data          0x0000121c        0x8 build/sky/contiki-ng-sky.a(uip-sr.o)
 .data          0x00001224        0xa build/sky/contiki-ng-sky.a(rpl-neighbor.o)
                0x00001224                rpl_neighbors
 .data          0x0000122e       0x12 build/sky/contiki-ng-sky.a(rpl-mrhof.o)
                0x0000122e                rpl_mrhof
 .data.next     0x00001240        0x4 /usr/local/bin/../lib/gcc/msp430/4.7.2/../../../../msp430/lib/mmpy-16/libc.a(rand.o)
 *(.near.data .near.data.*)
                0x00001244                . = ALIGN (0x2)
                0x00001244                _edata = .
                0x0000eb22                __data_load_start = LOADADDR (.data)
                0x00000144                __data_size = SIZEOF (.data)

.bss            0x00001244     0x1bc8 load address 0x0000ec66
                0x00001244                __bss_start = .
 *(.bss .bss.*)
 .bss           0x00001244       0x1c server-node.o
 .bss           0x00001260        0x8 build/sky/contiki-ng-sky.a(platform.o)
 .bss           0x00001268        0xa build/sky/contiki-ng-sky.a(clock.o)
 .bss           0x00001272        0x2 build/sky/contiki-ng-sky.a(watchdog.o)
 .bss           0x00001274       0x54 build/sky/contiki-ng-sky.a(simple-energest)
 .bss           0x000012c8       0x16 build/sky/contiki-ng-sky.a(log.o)
                0x000012c8                curr_log_level_lwm2m
                0x000012ca                curr_log_level_snmp
                0x000012cc                curr_log_level_coap
                0x000012ce                curr_log_level_6top
                0x000012d0                curr_log_level_framer
                0x000012d2                curr_log_level_mac
                0x000012d4                curr_log_level_nullnet
                0x000012d6                curr_log_level_6lowpan
                0x000012d8                curr_log_level_ipv6
                0x000012da                curr_log_level_tcpip
                0x000012dc                curr_log_level_rpl
 .bss           0x000012de        0x6 build/sky/contiki-ng-sky.a(etimer.o)
 .bss           0x000012e4        0x2 build/sky/contiki-ng-sky.a(node-id.o)
                0x000012e4                node_id
 .bss           0x000012e6        0x4 build/sky/contiki-ng-sky.a(ctimer.o)
 .bss           0x000012ea       0xc8 build/sky/contiki-ng-sky.a(process.o)
                0x000012ea                process_current
                0x000012ec                process_list
 .bss           0x000013b2        0x2 build/sky/contiki-ng-sky.a(rtimer.o)
 .bss           0x000013b4      0x580 build/sky/contiki-ng-sky.a(queuebuf.o)
 .bss           0x00001934       0x86 build/sky/contiki-ng-sky.a(packetbuf.o)
 .bss           0x000019ba        0x2 build/sky/contiki-ng-sky.a(netstack.o)
 .bss           0x000019bc       0xbe build/sky/contiki-ng-sky.a(csma-output.o)
 .bss           0x00001a7a       0x28 build/sky/contiki-ng-sky.a(uip-ds6.o)
 .bss           0x00001aa2       0x3c build/sky/contiki-ng-sky.a(uip-ds6-route.o)
 .bss           0x00001ade        0xc build/sky/contiki-ng-sky.a(tcpip.o)
 .bss           0x00001aea        0x8 build/sky/contiki-ng-sky.a(uip6.o)
                0x00001aea                uip_last_proto
                0x00001aec                uip_ext_len
                0x00001aee                uip_ext_bitmap
 .bss           0x00001af2      0x120 build/sky/contiki-ng-sky.a(uip-ds6-nbr.o)
 .bss           0x00001c12        0x8 build/sky/contiki-ng-sky.a(uip-nd6.o)
 .bss           0x00001c1a       0xf1 build/sky/contiki-ng-sky.a(simple-udp.o)
 *fill*         0x00001d0b        0x1 00
 .bss           0x00001d0c      0x6e0 build/sky/contiki-ng-sky.a(sicslowpan.o)
 .bss           0x000023ec        0x1 build/sky/contiki-ng-sky.a(rpl.o)
 *fill*         0x000023ed        0x1 00
 .bss           0x000023ee       0x12 build/sky/contiki-ng-sky.a(rpl-dag-root.o)
 .bss           0x00002400        0x8 build/sky/contiki-ng-sky.a(button-sensor.o)
 .bss           0x00002408        0x6 build/sky/contiki-ng-sky.a(sensors.o)
 .bss           0x0000240e       0x10 build/sky/contiki-ng-sky.a(cc2420.o)
 .bss           0x0000241e       0x9a build/sky/contiki-ng-sky.a(uart1.o)
 .bss           0x000024b8       0xe4 build/sky/contiki-ng-sky.a(nbr-table.o)
 .bss           0x0000259c       0xa0 build/sky/contiki-ng-sky.a(link-stats.o)
 .bss           0x0000263c       0xe0 build/sky/contiki-ng-sky.a(mac-sequence.o)
 .bss           0x0000271c        0x2 build/sky/contiki-ng-sky.a(framer-802154.o)
 .bss           0x0000271e       0x18 build/sky/contiki-ng-sky.a(uipbuf.o)
 .bss           0x00002736       0x14 build/sky/contiki-ng-sky.a(uip-icmp6.o)
 .bss           0x0000274a      0x134 build/sky/contiki-ng-sky.a(uip-sr.o)
 .bss           0x0000287e        0x8 build/sky/contiki-ng-sky.a(rpl-nbr-policy.)
 .bss           0x00002886       0x80 build/sky/contiki-ng-sky.a(rpl-neighbor.o)
 .bss           0x00002906       0x28 build/sky/contiki-ng-sky.a(rpl-timers.o)
 .bss.destination_
                0x0000292e        0x2 /usr/local/bin/../lib/gcc/msp430/4.7.2/../../../../msp430/lib/mmpy-16/libc.a(sprintf.o)
 .bss.available_
                0x00002930        0x2 /usr/local/bin/../lib/gcc/msp430/4.7.2/../../../../msp430/lib/mmpy-16/libc.a(sprintf.o)
 *(.near.bss .near.bss.*)
 *(COMMON)
 COMMON         0x00002932        0x2 build/sky/contiki-ng-sky.a(msp430.o)
                0x00002932                msp430_dco_required
 COMMON         0x00002934       0x38 build/sky/contiki-ng-sky.a(energest.o)
                0x00002934                energest_total_time
                0x0000295c                energest_current_mode
                0x00002962                energest_current_time
 COMMON         0x0000296c       0x2a build/sky/contiki-ng-sky.a(packetbuf.o)
                0x0000296c                packetbuf_addrs
                0x0000297c                packetbuf_attrs
 COMMON         0x00002996        0x8 build/sky/contiki-ng-sky.a(linkaddr.o)
                0x00002996                linkaddr_node_addr
 COMMON         0x0000299e      0x15c build/sky/contiki-ng-sky.a(uip-ds6.o)
                0x0000299e                uip_ds6_timer_ra
                0x000029a6                uip_ds6_if
                0x00002a92                uip_ds6_netif_addr_list_offset
                0x00002a93                uip_ds6_addr_size
                0x00002a94                uip_ds6_prefix_list
                0x00002aee                uip_ds6_timer_periodic
 COMMON         0x00002afa        0x1 build/sky/contiki-ng-sky.a(tcpip.o)