Archive member included because of file (symbol)

build/z1/contiki-ng-z1.a(uart0-putchar.o)
                              build/z1/obj/contiki-main.o (putchar)
build/z1/contiki-ng-z1.a(platform.o)
                              build/z1/obj/contiki-main.o (platform_init_stage_one)
build/z1/contiki-ng-z1.a(msp430.o)
                              build/z1/contiki-ng-z1.a(platform.o) (msp430_dco_required)
build/z1/contiki-ng-z1.a(clock.o)
                              build/z1/obj/contiki-main.o (clock_init)
build/z1/contiki-ng-z1.a(watchdog.o)
                              build/z1/obj/contiki-main.o (watchdog_start)
build/z1/contiki-ng-z1.a(rtimer-arch.o)
                              build/z1/contiki-ng-z1.a(platform.o) (rtimer_arch_now)
build/z1/contiki-ng-z1.a(simple-energest)
                              build/z1/obj/contiki-main.o (simple_energest_init)
build/z1/contiki-ng-z1.a(autostart.o)
                              build/z1/obj/contiki-main.o (autostart_start)
build/z1/contiki-ng-z1.a(log.o)
                              build/z1/obj/contiki-main.o (log_6addr)
build/z1/contiki-ng-z1.a(energest.o)
                              build/z1/obj/contiki-main.o (energest_init)
build/z1/contiki-ng-z1.a(etimer.o)
                              build/z1/contiki-ng-z1.a(clock.o) (etimer_request_poll)
build/z1/contiki-ng-z1.a(node-id.o)
                              build/z1/obj/contiki-main.o (node_id_init)
build/z1/contiki-ng-z1.a(ctimer.o)
                              build/z1/obj/contiki-main.o (ctimer_init)
build/z1/contiki-ng-z1.a(process.o)
                              build/z1/contiki-ng-z1.a(etimer.o) (process_current)
build/z1/contiki-ng-z1.a(rtimer.o)
                              build/z1/obj/contiki-main.o (rtimer_init)
build/z1/contiki-ng-z1.a(timer.o)
                              build/z1/contiki-ng-z1.a(platform.o) (timer_set)
build/z1/contiki-ng-z1.a(stack-check.o)
                              build/z1/obj/contiki-main.o (stack_check_init)
build/z1/contiki-ng-z1.a(list.o)
                              build/z1/contiki-ng-z1.a(ctimer.o) (list_init)
build/z1/contiki-ng-z1.a(random.o)
                              build/z1/contiki-ng-z1.a(platform.o) (random_init)
build/z1/contiki-ng-z1.a(queuebuf.o)
                              build/z1/obj/contiki-main.o (queuebuf_init)
build/z1/contiki-ng-z1.a(packetbuf.o)
                              build/z1/contiki-ng-z1.a(queuebuf.o) (packetbuf_copyto)
build/z1/contiki-ng-z1.a(netstack.o)
                              build/z1/obj/contiki-main.o (netstack_init)
build/z1/contiki-ng-z1.a(linkaddr.o)
                              build/z1/contiki-ng-z1.a(platform.o) (linkaddr_copy)
build/z1/contiki-ng-z1.a(csma.o)
                              build/z1/obj/contiki-main.o (csma_driver)
build/z1/contiki-ng-z1.a(csma-output.o)
                              build/z1/contiki-ng-z1.a(csma.o) (csma_output_packet)
build/z1/contiki-ng-z1.a(uip-ds6.o)
                              build/z1/obj/contiki-main.o (uip_ds6_get_link_local)
build/z1/contiki-ng-z1.a(uip-ds6-route.o)
                              build/z1/contiki-ng-z1.a(uip-ds6.o) (uip_ds6_route_init)
build/z1/contiki-ng-z1.a(tcpip.o)
                              build/z1/obj/contiki-main.o (tcpip_process)
build/z1/contiki-ng-z1.a(uip6.o)
                              build/z1/contiki-ng-z1.a(tcpip.o) (uip_aligned_buf)
build/z1/contiki-ng-z1.a(uip-ds6-nbr.o)
                              build/z1/contiki-ng-z1.a(uip-ds6.o) (uip_ds6_neighbors_init)
build/z1/contiki-ng-z1.a(uip-nd6.o)
                              build/z1/contiki-ng-z1.a(uip6.o) (uip_nd6_init)
build/z1/contiki-ng-z1.a(simple-udp.o)
                              server-node.o (simple_udp_register)
build/z1/contiki-ng-z1.a(sicslowpan.o)
                              build/z1/obj/contiki-main.o (sicslowpan_driver)
build/z1/contiki-ng-z1.a(uiplib.o)
                              build/z1/contiki-ng-z1.a(log.o) (uiplib_ipaddr_snprint)
build/z1/contiki-ng-z1.a(rpl.o)
                              server-node.o (rpl_lite_driver)
build/z1/contiki-ng-z1.a(rpl-icmp6.o)
                              build/z1/contiki-ng-z1.a(rpl.o) (rpl_icmp6_init)
build/z1/contiki-ng-z1.a(rpl-dag-root.o)
                              build/z1/contiki-ng-z1.a(rpl.o) (rpl_dag_root_set_prefix)
build/z1/contiki-ng-z1.a(contiki-z1-plat)
                              build/z1/contiki-ng-z1.a(platform.o) (init_platform)
build/z1/contiki-ng-z1.a(leds.o)
                              build/z1/contiki-ng-z1.a(platform.o) (leds_init)
build/z1/contiki-ng-z1.a(xmem.o)
                              build/z1/contiki-ng-z1.a(platform.o) (xmem_init)
build/z1/contiki-ng-z1.a(spi-legacy.o)
                              build/z1/contiki-ng-z1.a(xmem.o) (spi_init)
build/z1/contiki-ng-z1.a(cc2420.o)
                              build/z1/contiki-ng-z1.a(platform.o) (cc2420_set_pan_addr)
build/z1/contiki-ng-z1.a(cc2420-arch.o)
[...]
Memory Configuration

Name             Origin             Length             Attributes
sfr              0x00000000         0x00000010
peripheral_8bit  0x00000010         0x000000f0
peripheral_16bit 0x00000100         0x00000100
ram_mirror       0x00000200         0x00000800         xw
infomem          0x00001000         0x00000100
infod            0x00001000         0x00000040
infoc            0x00001040         0x00000040
infob            0x00001080         0x00000040
infoa            0x000010c0         0x00000040
ram              0x00001100         0x00002000         xw
rom              0x00003100         0x0000cebe         xr
vectors          0x0000ffc0         0x00000040
far_rom          0x00010000         0x0000a000
bsl              0x00000000         0x00000000
ram2             0x00000000         0x00000000         xw
usbram           0x00000000         0x00000000         xw
*default*        0x00000000         0xffffffff

Linker script and memory map

LOAD /usr/local/bin/../lib/gcc/msp430/4.7.2/mcpu-430x/mmpy-16/msr20/mc20/crt0ivtbl32.o
                0x00000041                __P1SEL2 = 0x41
                0x00000045                __P5SEL2 = 0x45
                0x00002afa                _stack = _end
LOAD server-node.o
LOAD build/z1/obj/contiki-main.o
LOAD build/z1/contiki-ng-z1.a
LOAD /usr/local/bin/../lib/gcc/msp430/4.7.2/mcpu-430x/mmpy-16/msr20/mc20/libgcc.a
LOAD /usr/local/bin/../lib/gcc/msp430/4.7.2/../../../../msp430/lib/mcpu-430x/mmpy-16/msr20/mc20/libc.a
LOAD /usr/local/bin/../lib/gcc/msp430/4.7.2/mcpu-430x/mmpy-16/msr20/mc20/libgcc.a
LOAD /usr/local/bin/../lib/gcc/msp430/4.7.2/mcpu-430x/mmpy-16/msr20/mc20/libcrt0.a
                0x00000040                PROVIDE (__info_segment_size, 0x40)
                0x00001000                PROVIDE (__infod, 0x1000)
                0x00001040                PROVIDE (__infoc, 0x1040)
                0x00001080                PROVIDE (__infob, 0x1080)
                0x000010c0                PROVIDE (__infoa, 0x10c0)
                0x00000000                __IE1 = 0x0
                0x00000002                __IFG1 = 0x2
                0x00000001                __IE2 = 0x1
                0x00000003                __IFG2 = 0x3
                0x00000006                __UC1IE = 0x6
                0x00000007                __UC1IFG = 0x7
                0x000001a0                __ADC12CTL0 = 0x1a0
                0x000001a2                __ADC12CTL1 = 0x1a2
                0x000001a4                __ADC12IFG = 0x1a4
                0x000001a6                __ADC12IE = 0x1a6
                0x000001a8                __ADC12IV = 0x1a8
                0x00000140                __ADC12MEM0 = 0x140
                0x00000142                __ADC12MEM1 = 0x142
                0x00000144                __ADC12MEM2 = 0x144
                0x00000146                __ADC12MEM3 = 0x146
                0x00000148                __ADC12MEM4 = 0x148
                0x0000014a                __ADC12MEM5 = 0x14a
                0x0000014c                __ADC12MEM6 = 0x14c
                0x0000014e                __ADC12MEM7 = 0x14e
                0x00000150                __ADC12MEM8 = 0x150
                0x00000152                __ADC12MEM9 = 0x152
                0x00000154                __ADC12MEM10 = 0x154
                0x00000156                __ADC12MEM11 = 0x156
                0x00000158                __ADC12MEM12 = 0x158
                0x0000015a                __ADC12MEM13 = 0x15a
                0x0000015c                __ADC12MEM14 = 0x15c
                0x0000015e                __ADC12MEM15 = 0x15e
                0x00000080                __ADC12MCTL0 = 0x80
                0x00000081                __ADC12MCTL1 = 0x81
                0x00000082                __ADC12MCTL2 = 0x82
                0x00000083                __ADC12MCTL3 = 0x83
                0x00000084                __ADC12MCTL4 = 0x84
                0x00000085                __ADC12MCTL5 = 0x85
                0x00000086                __ADC12MCTL6 = 0x86
                0x00000087                __ADC12MCTL7 = 0x87
                0x00000088                __ADC12MCTL8 = 0x88
                0x00000089                __ADC12MCTL9 = 0x89
                0x0000008a                __ADC12MCTL10 = 0x8a
                0x0000008b                __ADC12MCTL11 = 0x8b
                0x0000008c                __ADC12MCTL12 = 0x8c
                0x0000008d                __ADC12MCTL13 = 0x8d
                0x0000008e                __ADC12MCTL14 = 0x8e
                0x0000008f                __ADC12MCTL15 = 0x8f
                0x00000056                __DCOCTL = 0x56
                0x00000057                __BCSCTL1 = 0x57
                0x00000058                __BCSCTL2 = 0x58
                0x00000053                __BCSCTL3 = 0x53
                0x00000059                __CACTL1 = 0x59
                0x0000005a                __CACTL2 = 0x5a
                0x0000005b                __CAPD = 0x5b
                0x000001c0                __DAC12_0CTL = 0x1c0
                0x000001c2                __DAC12_1CTL = 0x1c2
                0x000001c8                __DAC12_0DAT = 0x1c8
                0x000001ca                __DAC12_1DAT = 0x1ca
                0x00000122                __DMACTL0 = 0x122
                0x00000124                __DMACTL1 = 0x124
                0x00000126                __DMAIV = 0x126
                0x000001d0                __DMA0CTL = 0x1d0
                0x000001dc                __DMA1CTL = 0x1dc
                0x000001e8                __DMA2CTL = 0x1e8
                0x000001d2                __DMA0SA = 0x1d2
                0x000001d2                __DMA0SAL = 0x1d2
                0x000001d6                __DMA0DA = 0x1d6
                0x000001d6                __DMA0DAL = 0x1d6
                0x000001da                __DMA0SZ = 0x1da
                0x000001de                __DMA1SA = 0x1de
                0x000001de                __DMA1SAL = 0x1de
                0x000001e2                __DMA1DA = 0x1e2
                0x000001e2                __DMA1DAL = 0x1e2
                0x000001e6                __DMA1SZ = 0x1e6
                0x000001ea                __DMA2SA = 0x1ea
                0x000001ea                __DMA2SAL = 0x1ea
                0x000001ee                __DMA2DA = 0x1ee
                0x000001ee                __DMA2DAL = 0x1ee
                0x000001f2                __DMA2SZ = 0x1f2
                0x00000128                __FCTL1 = 0x128
                0x0000012a                __FCTL2 = 0x12a
                0x0000012c                __FCTL3 = 0x12c
                0x000001be                __FCTL4 = 0x1be
                0x00000130                __MPY = 0x130
                0x00000132                __MPYS = 0x132
                0x00000134                __MAC = 0x134
                0x00000136                __MACS = 0x136
                0x00000138                __OP2 = 0x138
                0x0000013a                __RESLO = 0x13a
                0x0000013c                __RESHI = 0x13c
                0x0000013e                __SUMEXT = 0x13e
                0x00000020                __P1IN = 0x20
                0x00000021                __P1OUT = 0x21
                0x00000022                __P1DIR = 0x22
                0x00000023                __P1IFG = 0x23
                0x00000024                __P1IES = 0x24
                0x00000025                __P1IE = 0x25
                0x00000026                __P1SEL = 0x26
                0x00000027                __P1REN = 0x27
                0x00000028                __P2IN = 0x28
                0x00000029                __P2OUT = 0x29
                0x0000002a                __P2DIR = 0x2a
                0x0000002b                __P2IFG = 0x2b
                0x0000002c                __P2IES = 0x2c
                0x0000002d                __P2IE = 0x2d
                0x0000002e                __P2SEL = 0x2e
                0x0000002f                __P2REN = 0x2f
                0x00000018                __P3IN = 0x18
                0x00000019                __P3OUT = 0x19
                0x0000001a                __P3DIR = 0x1a
                0x0000001b                __P3SEL = 0x1b
                0x00000010                __P3REN = 0x10
                0x0000001c                __P4IN = 0x1c
                0x0000001d                __P4OUT = 0x1d
                0x0000001e                __P4DIR = 0x1e
                0x0000001f                __P4SEL = 0x1f
                0x00000011                __P4REN = 0x11
                0x00000030                __P5IN = 0x30
                0x00000031                __P5OUT = 0x31
                0x00000032                __P5DIR = 0x32
                0x00000033                __P5SEL = 0x33
                0x00000012                __P5REN = 0x12
                0x00000034                __P6IN = 0x34
                0x00000035                __P6OUT = 0x35
                0x00000036                __P6DIR = 0x36
                0x00000037                __P6SEL = 0x37
                0x00000013                __P6REN = 0x13
                0x00000038                __P7IN = 0x38
                0x0000003a                __P7OUT = 0x3a
                0x0000003c                __P7DIR = 0x3c
                0x0000003e                __P7SEL = 0x3e
                0x00000014                __P7REN = 0x14
                0x00000039                __P8IN = 0x39
                0x0000003b                __P8OUT = 0x3b
                0x0000003d                __P8DIR = 0x3d
                0x0000003f                __P8SEL = 0x3f
                0x00000015                __P8REN = 0x15
                0x00000038                __PAIN = 0x38
                0x0000003a                __PAOUT = 0x3a
                0x0000003c                __PADIR = 0x3c
                0x0000003e                __PASEL = 0x3e
                0x00000014                __PAREN = 0x14
                0x00000055                __SVSCTL = 0x55
                0x0000012e                __TAIV = 0x12e
                0x00000160                __TACTL = 0x160
                0x00000162                __TACCTL0 = 0x162
                0x00000164                __TACCTL1 = 0x164
                0x00000166                __TACCTL2 = 0x166
                0x00000170                __TAR = 0x170
                0x00000172                __TACCR0 = 0x172
                0x00000174                __TACCR1 = 0x174
                0x00000176                __TACCR2 = 0x176
                0x0000011e                __TBIV = 0x11e
                0x00000180                __TBCTL = 0x180
                0x00000182                __TBCCTL0 = 0x182
                0x00000184                __TBCCTL1 = 0x184
                0x00000186                __TBCCTL2 = 0x186
                0x00000188                __TBCCTL3 = 0x188
                0x0000018a                __TBCCTL4 = 0x18a
                0x0000018c                __TBCCTL5 = 0x18c
                0x0000018e                __TBCCTL6 = 0x18e
                0x00000190                __TBR = 0x190
                0x00000192                __TBCCR0 = 0x192
                0x00000194                __TBCCR1 = 0x194
                0x00000196                __TBCCR2 = 0x196
                0x00000198                __TBCCR3 = 0x198
                0x0000019a                __TBCCR4 = 0x19a
                0x0000019c                __TBCCR5 = 0x19c
                0x0000019e                __TBCCR6 = 0x19e
                0x00000060                __UCA0CTL0 = 0x60
                0x00000061                __UCA0CTL1 = 0x61
                0x00000062                __UCA0BR0 = 0x62
                0x00000063                __UCA0BR1 = 0x63
                0x00000064                __UCA0MCTL = 0x64
                0x00000065                __UCA0STAT = 0x65
                0x00000066                __UCA0RXBUF = 0x66
                0x00000067                __UCA0TXBUF = 0x67
                0x0000005d                __UCA0ABCTL = 0x5d
                0x0000005e                __UCA0IRTCTL = 0x5e
                0x0000005f                __UCA0IRRCTL = 0x5f
                0x00000068                __UCB0CTL0 = 0x68
                0x00000069                __UCB0CTL1 = 0x69
                0x0000006a                __UCB0BR0 = 0x6a
                0x0000006b                __UCB0BR1 = 0x6b
                0x0000006c                __UCB0I2CIE = 0x6c
                0x0000006d                __UCB0STAT = 0x6d
                0x0000006e                __UCB0RXBUF = 0x6e
                0x0000006f                __UCB0TXBUF = 0x6f
                0x00000118                __UCB0I2COA = 0x118
                0x0000011a                __UCB0I2CSA = 0x11a
                0x000000d0                __UCA1CTL0 = 0xd0
                0x000000d1                __UCA1CTL1 = 0xd1
                0x000000d2                __UCA1BR0 = 0xd2
                0x000000d3                __UCA1BR1 = 0xd3
                0x000000d4                __UCA1MCTL = 0xd4
                0x000000d5                __UCA1STAT = 0xd5
                0x000000d6                __UCA1RXBUF = 0xd6
                0x000000d7                __UCA1TXBUF = 0xd7
                0x000000cd                __UCA1ABCTL = 0xcd
                0x000000ce                __UCA1IRTCTL = 0xce
                0x000000cf                __UCA1IRRCTL = 0xcf
                0x000000d8                __UCB1CTL0 = 0xd8
                0x000000d9                __UCB1CTL1 = 0xd9
                0x000000da                __UCB1BR0 = 0xda
                0x000000db                __UCB1BR1 = 0xdb
                0x000000dc                __UCB1I2CIE = 0xdc
                0x000000dd                __UCB1STAT = 0xdd
                0x000000de                __UCB1RXBUF = 0xde
                0x000000df                __UCB1TXBUF = 0xdf
                0x0000017c                __UCB1I2COA = 0x17c
                0x0000017e                __UCB1I2CSA = 0x17e
                0x00000120                __WDTCTL = 0x120
                0x000010c0                __TLV_CHECKSUM = 0x10c0
                0x000010f6                __TLV_DCO_30_TAG = 0x10f6
                0x000010f7                __TLV_DCO_30_LEN = 0x10f7
                0x000010da                __TLV_ADC12_1_TAG = 0x10da
                0x000010db                __TLV_ADC12_1_LEN = 0x10db
                0x000010f8                __CALDCO_16MHZ = 0x10f8
                0x000010f9                __CALBC1_16MHZ = 0x10f9
                0x000010fa                __CALDCO_12MHZ = 0x10fa
                0x000010fb                __CALBC1_12MHZ = 0x10fb
                0x000010fc                __CALDCO_8MHZ = 0x10fc
                0x000010fd                __CALBC1_8MHZ = 0x10fd
                0x000010fe                __CALDCO_1MHZ = 0x10fe
                0x000010ff                __CALBC1_1MHZ = 0x10ff

.hash
 *(.hash)

.dynsym
 *(.dynsym)

.dynstr
 *(.dynstr)

.gnu.version
 *(.gnu.version)

.gnu.version_d
 *(.gnu.version_d)

.gnu.version_r
 *(.gnu.version_r)

.rel.init
 *(.rel.init)

.rela.init
 *(.rela.init)

.rel.fini
 *(.rel.fini)

.rela.fini
 *(.rela.fini)

.rel.text
 *(.rel.text .rel.text.* .rel.gnu.linkonce.t.*)

.rela.text
 *(.rela.text .rela.text.* .rela.gnu.linkonce.t.*)

.rel.rodata
 *(.rel.rodata .rel.rodata.* .rel.gnu.linkonce.r.*)

.rela.rodata
 *(.rela.rodata .rela.rodata.* .rela.gnu.linkonce.r.*)

.rel.data
 *(.rel.data .rel.data.* .rel.gnu.linkonce.d.*)

.rela.data
 *(.rela.data .rela.data.* .rela.gnu.linkonce.d.*)

.rel.bss
 *(.rel.bss .rel.bss.* .rel.gnu.linkonce.b.*)

.rela.bss
 *(.rela.bss .rela.bss.* .rela.gnu.linkonce.b.*)

.rel.ctors
 *(.rel.ctors)

.rela.ctors
 *(.rela.ctors)

.rel.dtors
 *(.rel.dtors)

.rela.dtors
 *(.rela.dtors)

.rel.got
 *(.rel.got)

.rela.got
 *(.rela.got)

.rel.plt
 *(.rel.plt)

.rela.plt
 *(.rela.plt)

.text           0x00003100     0xa322
                0x00003100                . = ALIGN (0x2)
 *(.init .init.*)
 *(.init0)
 .init0         0x00003100        0x0 /usr/local/bin/../lib/gcc/msp430/4.7.2/mcpu-430x/mmpy-16/msr20/mc20/libcrt0.a(_reset_vector__.o)
                0x00003100                _reset_vector__
 *(.init1)
 .init1         0x00003100        0xc /usr/local/bin/../lib/gcc/msp430/4.7.2/mcpu-430x/mmpy-16/msr20/mc20/libcrt0.a(__watchdog_support.o)
                0x00003100                __watchdog_support
 *(.init2)
 .init2         0x0000310c        0x4 /usr/local/bin/../lib/gcc/msp430/4.7.2/mcpu-430x/mmpy-16/msr20/mc20/libcrt0.a(__init_stack.o)
                0x0000310c                __init_stack
 *(.init3)
 .init3         0x00003110        0x0 /usr/local/bin/../lib/gcc/msp430/4.7.2/mcpu-430x/mmpy-16/msr20/mc20/libcrt0.a(__low_level_init.o)
                0x00003110                __low_level_init
 *(.init4)
 .init4         0x00003110       0x18 /usr/local/bin/../lib/gcc/msp430/4.7.2/mcpu-430x/mmpy-16/msr20/mc20/libcrt0.a(_copy_data.o)
                0x00003110                __do_copy_data
 .init4         0x00003128       0x16 /usr/local/bin/../lib/gcc/msp430/4.7.2/mcpu-430x/mmpy-16/msr20/mc20/libcrt0.a(_clear_bss.o)
                0x00003128                __do_clear_bss
 *(.init5)
 *(.init6)
 *(.init7)
 *(.init8)
 *(.init9)
 .init9         0x0000313e      0x236 build/z1/obj/contiki-main.o
                0x0000313e                main
 *(.fini9)
 .fini9         0x00003374        0x0 /usr/local/bin/../lib/gcc/msp430/4.7.2/mcpu-430x/mmpy-16/msr20/mc20/libcrt0.a(__stop_progExec__.o)
                0x00003374                __stop_progExec__
 *(.fini8)
 *(.fini7)
 *(.fini6)
 *(.fini5)
 *(.fini4)
 *(.fini3)
 *(.fini2)
 *(.fini1)
 *(.fini0)
 .fini0         0x00003374        0x6 /usr/local/bin/../lib/gcc/msp430/4.7.2/mcpu-430x/mmpy-16/msr20/mc20/libcrt0.a(_endless_loop__.o)
                0x00003374                _endless_loop__
 *(.fini .fini.*)
                0x0000337a                . = ALIGN (0x2)
                0x0000337a                __ctors_start = .
 *(.ctors)
                0x0000337a                __ctors_end = .
                0x0000337a                __dtors_start = .
 *(.dtors)
                0x0000337a                __dtors_end = .
                0x0000337a                . = ALIGN (0x2)
 *(.text .text.* .gnu.linkonce.t.*)
 .text          0x0000337a        0x4 /usr/local/bin/../lib/gcc/msp430/4.7.2/mcpu-430x/mmpy-16/msr20/mc20/crt0ivtbl32.o
                0x0000337a                __isr_14
                0x0000337a                __isr_4
                0x0000337a                __isr_29
                0x0000337a                __isr_11
                0x0000337a                __isr_5
                0x0000337a                __isr_2
                0x0000337a                __isr_10
                0x0000337a                __isr_7
                0x0000337a                __isr_0
                0x0000337a                __isr_28
                0x0000337a                __isr_8
                0x0000337a                __isr_20
                0x0000337a                __isr_3
                0x0000337a                __isr_12
                0x0000337a                __isr_13
                0x0000337a                __isr_27
                0x0000337a                __isr_9
                0x0000337a                __isr_30
                0x0000337a                __isr_6
                0x0000337a                __isr_22
                0x0000337a                __isr_1
                0x0000337a                __isr_15
                0x0000337a                __isr_21
 .text.libgcc   0x0000337e       0x26 /usr/local/bin/../lib/gcc/msp430/4.7.2/mcpu-430x/mmpy-16/msr20/mc20/libgcc.a(_mulsi3.o)
                0x0000337e                __mulsi3
 .text.libgcc   0x000033a4       0x22 /usr/local/bin/../lib/gcc/msp430/4.7.2/mcpu-430x/mmpy-16/msr20/mc20/libgcc.a(_udivmod16.o)
                0x000033a4                __udivhi3
                0x000033a4                __ext_udivmod16
                0x000033be                __umodhi3
 .text.libgcc   0x000033c6       0x3a /usr/local/bin/../lib/gcc/msp430/4.7.2/mcpu-430x/mmpy-16/msr20/mc20/libgcc.a(_divmod16.o)
                0x000033c6                __ext_divmod16
                0x000033c6                __divhi3
                0x000033f8                __modhi3
 .text.libgcc   0x00003400       0x38 /usr/local/bin/../lib/gcc/msp430/4.7.2/mcpu-430x/mmpy-16/msr20/mc20/libgcc.a(_udivmod32.o)
                0x00003400                __udivsi3
                0x00003400                __ext_udivmod32
                0x0000342e                __umodsi3
 .text.libgcc   0x00003438       0x4c /usr/local/bin/../lib/gcc/msp430/4.7.2/mcpu-430x/mmpy-16/msr20/mc20/libgcc.a(_divmod32.o)
                0x00003438                __ext_divmod32
                0x00003438                __divsi3
                0x0000347a                __modsi3
 .text.libgcc   0x00003484       0xbc /usr/local/bin/../lib/gcc/msp430/4.7.2/mcpu-430x/mmpy-16/msr20/mc20/libgcc.a(_udivmod64.o)
                0x00003484                __xabi_udivmod64
                0x000034d6                __udivdi3
                0x000034f0                __umoddi3
                0x00003512                __udivmoddi4
 .text.crt0     0x00003540        0x2 /usr/local/bin/../lib/gcc/msp430/4.7.2/mcpu-430x/mmpy-16/msr20/mc20/libcrt0.a(_unexpected_.o)
                0x00003540                _unexpected_
 *(.near.text .near.text.*)
 .near.text.timera1
                0x00003542       0xd0 build/z1/contiki-ng-z1.a(clock.o)
                0x00003542                __isr_24
                0x00003542                timera1
 .near.text.watchdog_interrupt
                0x00003612        0x6 build/z1/contiki-ng-z1.a(watchdog.o)
                0x00003612                __isr_26
                0x00003612                watchdog_interrupt
 .near.text.timera0
                0x00003618       0x22 build/z1/contiki-ng-z1.a(rtimer-arch.o)
                0x00003618                __isr_25
                0x00003618                timera0
 .near.text.uart0_rx_interrupt
                0x0000363a       0x2a build/z1/contiki-ng-z1.a(uart0.o)
                0x0000363a                __isr_23
                0x0000363a                uart0_rx_interrupt
 .near.text.port1_isr
                0x00003664       0x84 build/z1/contiki-ng-z1.a(adxl345.o)
                0x00003664                port1_isr
                0x00003664                __isr_18
 .near.text.i2c_tx_interrupt
                0x000036e8       0x84 build/z1/contiki-ng-z1.a(i2cmaster.o)
                0x000036e8                __isr_16
                0x000036e8                i2c_tx_interrupt
 .near.text.i2c_rx_interrupt
                0x0000376c       0x14 build/z1/contiki-ng-z1.a(i2cmaster.o)
                0x0000376c                i2c_rx_interrupt
                0x0000376c                __isr_17
 .near.text.irq_p2
                0x00003780       0x3c build/z1/contiki-ng-z1.a(button-sensor.o)
                0x00003780                irq_p2
                0x00003780                __isr_19
 .any.text.process_thread_udp_server_process
                0x000037bc       0x34 server-node.o
 .any.text.udp_rx_callback
                0x000037f0       0x3e server-node.o
 .any.text.putchar
                0x0000382e       0x10 build/z1/contiki-ng-z1.a(uart0-putchar.o)
                0x0000382e                putchar
 .any.text.energest_switch
                0x0000383e       0x58 build/z1/contiki-ng-z1.a(platform.o)
 .any.text.platform_init_stage_one
                0x00003896       0x12 build/z1/contiki-ng-z1.a(platform.o)
                0x00003896                platform_init_stage_one
 .any.text.platform_init_stage_two
                0x000038a8       0xba build/z1/contiki-ng-z1.a(platform.o)
                0x000038a8                platform_init_stage_two
 .any.text.platform_init_stage_three
                0x00003962       0x72 build/z1/contiki-ng-z1.a(platform.o)
                0x00003962                platform_init_stage_three
 .any.text.platform_idle
                0x000039d4       0x64 build/z1/contiki-ng-z1.a(platform.o)
                0x000039d4                platform_idle
 .any.text.msp430_init_dco
                0x00003a38       0x28 build/z1/contiki-ng-z1.a(msp430.o)
                0x00003a38                msp430_init_dco
 .any.text.splhigh_
                0x00003a60        0x8 build/z1/contiki-ng-z1.a(msp430.o)
                0x00003a60                splhigh_
 .any.text.msp430_sync_dco
                0x00003a68       0x6e build/z1/contiki-ng-z1.a(msp430.o)
                0x00003a68                msp430_sync_dco
 .any.text.msp430_cpu_init
                0x00003ad6       0x2e build/z1/contiki-ng-z1.a(msp430.o)
                0x00003ad6                msp430_cpu_init
 .any.text.clock_time
                0x00003b04       0x1a build/z1/contiki-ng-z1.a(clock.o)
                0x00003b04                clock_time
 .any.text.clock_init
                0x00003b1e       0x28 build/z1/contiki-ng-z1.a(clock.o)
                0x00003b1e                clock_init
 .any.text.clock_delay
                0x00003b46        0xc build/z1/contiki-ng-z1.a(clock.o)
                0x00003b46                clock_delay
 .any.text.clock_wait
                0x00003b52       0x24 build/z1/contiki-ng-z1.a(clock.o)
                0x00003b52                clock_wait
 .any.text.clock_seconds
                0x00003b76       0x1a build/z1/contiki-ng-z1.a(clock.o)
                0x00003b76                clock_seconds
 .any.text.watchdog_start
                0x00003b90       0x14 build/z1/contiki-ng-z1.a(watchdog.o)
                0x00003b90                watchdog_start
 .any.text.watchdog_periodic
                0x00003ba4       0x12 build/z1/contiki-ng-z1.a(watchdog.o)
                0x00003ba4                watchdog_periodic
 .any.text.watchdog_stop
                0x00003bb6       0x16 build/z1/contiki-ng-z1.a(watchdog.o)
                0x00003bb6                watchdog_stop
 .any.text.watchdog_init
                0x00003bcc       0x12 build/z1/contiki-ng-z1.a(watchdog.o)
                0x00003bcc                watchdog_init
 .any.text.rtimer_arch_init
                0x00003bde        0xe build/z1/contiki-ng-z1.a(rtimer-arch.o)
                0x00003bde                rtimer_arch_init
 .any.text.rtimer_arch_now
                0x00003bec        0xe build/z1/contiki-ng-z1.a(rtimer-arch.o)
                0x00003bec                rtimer_arch_now
 .any.text.rtimer_arch_schedule
                0x00003bfa        0x6 build/z1/contiki-ng-z1.a(rtimer-arch.o)
                0x00003bfa                rtimer_arch_schedule
 .any.text.process_thread_simple_energest_process
                0x00003c00      0x212 build/z1/contiki-ng-z1.a(simple-energest)
 .any.text.simple_energest_init
                0x00003e12       0x68 build/z1/contiki-ng-z1.a(simple-energest)
                0x00003e12                simple_energest_init
 .any.text.autostart_start
                0x00003e7a       0x16 build/z1/contiki-ng-z1.a(autostart.o)
                0x00003e7a                autostart_start
 .any.text.log_6addr
                0x00003e90       0x32 build/z1/contiki-ng-z1.a(log.o)
                0x00003e90                log_6addr
 .any.text.log_lladdr
                0x00003ec2       0x40 build/z1/contiki-ng-z1.a(log.o)
                0x00003ec2                log_lladdr
 .any.text.energest_init
                0x00003f02       0x3e build/z1/contiki-ng-z1.a(energest.o)
                0x00003f02                energest_init
 .any.text.energest_flush
                0x00003f40       0x44 build/z1/contiki-ng-z1.a(energest.o)
                0x00003f40                energest_flush
 .any.text.energest_get_total_time
                0x00003f84       0x38 build/z1/contiki-ng-z1.a(energest.o)
                0x00003f84                energest_get_total_time
 .any.text.update_time
                0x00003fbc       0x70 build/z1/contiki-ng-z1.a(etimer.o)
 .any.text.etimer_request_poll
                0x0000402c        0xa build/z1/contiki-ng-z1.a(etimer.o)
                0x0000402c                etimer_request_poll
 .any.text.process_thread_etimer_process
                0x00004036       0xc4 build/z1/contiki-ng-z1.a(etimer.o)
 .any.text.add_timer
                0x000040fa       0x40 build/z1/contiki-ng-z1.a(etimer.o)
 .any.text.etimer_set
                0x0000413a       0x12 build/z1/contiki-ng-z1.a(etimer.o)
                0x0000413a                etimer_set
 .any.text.etimer_reset
                0x0000414c       0x12 build/z1/contiki-ng-z1.a(etimer.o)
                0x0000414c                etimer_reset
 .any.text.etimer_expired
                0x0000415e        0xe build/z1/contiki-ng-z1.a(etimer.o)
                0x0000415e                etimer_expired
 .any.text.etimer_pending
                0x0000416c        0xc build/z1/contiki-ng-z1.a(etimer.o)
                0x0000416c                etimer_pending
 .any.text.etimer_next_expiration_time
                0x00004178       0x16 build/z1/contiki-ng-z1.a(etimer.o)
                0x00004178                etimer_next_expiration_time
 .any.text.etimer_stop
                0x0000418e       0x3e build/z1/contiki-ng-z1.a(etimer.o)
                0x0000418e                etimer_stop
 .any.text.node_id_init
                0x000041cc       0x14 build/z1/contiki-ng-z1.a(node-id.o)
                0x000041cc                node_id_init
 .any.text.process_thread_ctimer_process
                0x000041e0       0xa0 build/z1/contiki-ng-z1.a(ctimer.o)
 .any.text.ctimer_init
                0x00004280       0x18 build/z1/contiki-ng-z1.a(ctimer.o)
                0x00004280                ctimer_init
 .any.text.ctimer_set_with_process
                0x00004298       0x4a build/z1/contiki-ng-z1.a(ctimer.o)
                0x00004298                ctimer_set_with_process
 .any.text.ctimer_set
                0x000042e2       0x10 build/z1/contiki-ng-z1.a(ctimer.o)
                0x000042e2                ctimer_set
 .any.text.ctimer_reset
                0x000042f2       0x2c build/z1/contiki-ng-z1.a(ctimer.o)
                0x000042f2                ctimer_reset
 .any.text.ctimer_stop
                0x0000431e       0x28 build/z1/contiki-ng-z1.a(ctimer.o)
                0x0000431e                ctimer_stop
 .any.text.ctimer_expired
                0x00004346       0x30 build/z1/contiki-ng-z1.a(ctimer.o)
                0x00004346                ctimer_expired
 .any.text.call_process
                0x00004376       0x40 build/z1/contiki-ng-z1.a(process.o)
 .any.text.exit_process
                0x000043b6       0x88 build/z1/contiki-ng-z1.a(process.o)
 .any.text.do_poll
                0x0000443e       0x30 build/z1/contiki-ng-z1.a(process.o)
 .any.text.process_alloc_event
                0x0000446e        0xe build/z1/contiki-ng-z1.a(process.o)
                0x0000446e                process_alloc_event
 .any.text.process_init
                0x0000447c       0x1c build/z1/contiki-ng-z1.a(process.o)
                0x0000447c                process_init
 .any.text.process_run
                0x00004498       0x8c build/z1/contiki-ng-z1.a(process.o)
                0x00004498                process_run
 .any.text.process_nevents
                0x00004524        0xe build/z1/contiki-ng-z1.a(process.o)
                0x00004524                process_nevents
 .any.text.process_post
                0x00004532       0x4a build/z1/contiki-ng-z1.a(process.o)
                0x00004532                process_post
 .any.text.process_post_synch
                0x0000457c       0x12 build/z1/contiki-ng-z1.a(process.o)
                0x0000457c                process_post_synch
 .any.text.process_start
                0x0000458e       0x36 build/z1/contiki-ng-z1.a(process.o)
                0x0000458e                process_start
 .any.text.process_poll
                0x000045c4       0x18 build/z1/contiki-ng-z1.a(process.o)
                0x000045c4                process_poll
 .any.text.rtimer_init
                0x000045dc        0x6 build/z1/contiki-ng-z1.a(rtimer.o)
                0x000045dc                rtimer_init
 .any.text.rtimer_run_next
                0x000045e2       0x26 build/z1/contiki-ng-z1.a(rtimer.o)
                0x000045e2                rtimer_run_next
 .any.text.timer_set
                0x00004608       0x1c build/z1/contiki-ng-z1.a(timer.o)
                0x00004608                timer_set
 .any.text.timer_expired
                0x00004624       0x2a build/z1/contiki-ng-z1.a(timer.o)
                0x00004624                timer_expired
 .any.text.timer_reset
                0x0000464e       0x1c build/z1/contiki-ng-z1.a(timer.o)
                0x0000464e                timer_reset
 .any.text.stack_check_init
                0x0000466a       0x2e build/z1/contiki-ng-z1.a(stack-check.o)
                0x0000466a                stack_check_init
 .any.text.stack_check_get_usage
                0x00004698       0x54 build/z1/contiki-ng-z1.a(stack-check.o)
                0x00004698                stack_check_get_usage
 .any.text.process_thread_stack_check_process
                0x000046ec       0xd2 build/z1/contiki-ng-z1.a(stack-check.o)
 .any.text.list_init
                0x000047be        0x6 build/z1/contiki-ng-z1.a(list.o)
                0x000047be                list_init
 .any.text.list_head
                0x000047c4        0x4 build/z1/contiki-ng-z1.a(list.o)
                0x000047c4                list_head
 .any.text.list_tail
                0x000047c8       0x12 build/z1/contiki-ng-z1.a(list.o)
                0x000047c8                list_tail
 .any.text.list_remove
                0x000047da       0x34 build/z1/contiki-ng-z1.a(list.o)
                0x000047da                list_remove
 .any.text.list_push
                0x0000480e       0x16 build/z1/contiki-ng-z1.a(list.o)
                0x0000480e                list_push
 .any.text.list_add
                0x00004824       0x26 build/z1/contiki-ng-z1.a(list.o)
                0x00004824                list_add
 .any.text.list_length
                0x0000484a       0x10 build/z1/contiki-ng-z1.a(list.o)
                0x0000484a                list_length
 .any.text.list_item_next
                0x0000485a        0xc build/z1/contiki-ng-z1.a(list.o)
                0x0000485a                list_item_next
 .any.text.random_init
                0x00004866        0x6 build/z1/contiki-ng-z1.a(random.o)
                0x00004866                random_init
 .any.text.random_rand
                0x0000486c        0x6 build/z1/contiki-ng-z1.a(random.o)
                0x0000486c                random_rand
 .any.text.queuebuf_init
                0x00004872       0x12 build/z1/contiki-ng-z1.a(queuebuf.o)
                0x00004872                queuebuf_init
 .any.text.queuebuf_numfree
                0x00004884        0xa build/z1/contiki-ng-z1.a(queuebuf.o)
                0x00004884                queuebuf_numfree
 .any.text.queuebuf_new_from_packetbuf
                0x0000488e       0x4e build/z1/contiki-ng-z1.a(queuebuf.o)
                0x0000488e                queuebuf_new_from_packetbuf
 .any.text.queuebuf_update_attr_from_packetbuf
                0x000048dc       0x12 build/z1/contiki-ng-z1.a(queuebuf.o)
                0x000048dc                queuebuf_update_attr_from_packetbuf
 .any.text.queuebuf_free
                0x000048ee       0x2a build/z1/contiki-ng-z1.a(queuebuf.o)
                0x000048ee                queuebuf_free
 .any.text.queuebuf_to_packetbuf
                0x00004918       0x32 build/z1/contiki-ng-z1.a(queuebuf.o)
                0x00004918                queuebuf_to_packetbuf
 .any.text.packetbuf_hdrreduce
                0x0000494a       0x1a build/z1/contiki-ng-z1.a(packetbuf.o)
                0x0000494a                packetbuf_hdrreduce
 .any.text.packetbuf_set_datalen
                0x00004964        0x6 build/z1/contiki-ng-z1.a(packetbuf.o)
                0x00004964                packetbuf_set_datalen
 .any.text.packetbuf_hdrptr
                0x0000496a        0x6 build/z1/contiki-ng-z1.a(packetbuf.o)
                0x0000496a                packetbuf_hdrptr
 .any.text.packetbuf_datalen
                0x00004970        0x6 build/z1/contiki-ng-z1.a(packetbuf.o)
                0x00004970                packetbuf_datalen
 .any.text.packetbuf_hdrlen
                0x00004976        0xa build/z1/contiki-ng-z1.a(packetbuf.o)
                0x00004976                packetbuf_hdrlen
 .any.text.packetbuf_dataptr
                0x00004980        0xc build/z1/contiki-ng-z1.a(packetbuf.o)
                0x00004980                packetbuf_dataptr
 .any.text.packetbuf_copyto
                0x0000498c       0x3a build/z1/contiki-ng-z1.a(packetbuf.o)
                0x0000498c                packetbuf_copyto
 .any.text.packetbuf_totlen
                0x000049c6        0xc build/z1/contiki-ng-z1.a(packetbuf.o)
                0x000049c6                packetbuf_totlen
 .any.text.packetbuf_hdralloc
                0x000049d2       0x3c build/z1/contiki-ng-z1.a(packetbuf.o)
                0x000049d2                packetbuf_hdralloc
 .any.text.packetbuf_attr_clear
                0x00004a0e       0x28 build/z1/contiki-ng-z1.a(packetbuf.o)
                0x00004a0e                packetbuf_attr_clear
 .any.text.packetbuf_clear
                0x00004a36       0x12 build/z1/contiki-ng-z1.a(packetbuf.o)
                0x00004a36                packetbuf_clear
 .any.text.packetbuf_copyfrom
                0x00004a48       0x2a build/z1/contiki-ng-z1.a(packetbuf.o)
                0x00004a48                packetbuf_copyfrom
 .any.text.packetbuf_attr_copyto
                0x00004a72       0x22 build/z1/contiki-ng-z1.a(packetbuf.o)
                0x00004a72                packetbuf_attr_copyto
 .any.text.packetbuf_attr_copyfrom
                0x00004a94       0x24 build/z1/contiki-ng-z1.a(packetbuf.o)
                0x00004a94                packetbuf_attr_copyfrom
 .any.text.packetbuf_set_attr
                0x00004ab8        0xc build/z1/contiki-ng-z1.a(packetbuf.o)
                0x00004ab8                packetbuf_set_attr
 .any.text.packetbuf_attr
                0x00004ac4        0xa build/z1/contiki-ng-z1.a(packetbuf.o)
                0x00004ac4                packetbuf_attr
 .any.text.packetbuf_set_addr
                0x00004ace       0x14 build/z1/contiki-ng-z1.a(packetbuf.o)
                0x00004ace                packetbuf_set_addr
 .any.text.packetbuf_addr
                0x00004ae2        0xe build/z1/contiki-ng-z1.a(packetbuf.o)
                0x00004ae2                packetbuf_addr
 .any.text.packetbuf_holds_broadcast
                0x00004af0        0xe build/z1/contiki-ng-z1.a(packetbuf.o)
                0x00004af0                packetbuf_holds_broadcast
 .any.text.netstack_process_ip_callback
                0x00004afe       0x46 build/z1/contiki-ng-z1.a(netstack.o)
                0x00004afe                netstack_process_ip_callback
 .any.text.netstack_init
                0x00004b44        0xe build/z1/contiki-ng-z1.a(netstack.o)
                0x00004b44                netstack_init
 .any.text.linkaddr_copy
                0x00004b52        0x8 build/z1/contiki-ng-z1.a(linkaddr.o)
                0x00004b52                linkaddr_copy
 .any.text.linkaddr_cmp
                0x00004b5a       0x12 build/z1/contiki-ng-z1.a(linkaddr.o)
                0x00004b5a                linkaddr_cmp
 .any.text.linkaddr_set_node_addr
                0x00004b6c        0xc build/z1/contiki-ng-z1.a(linkaddr.o)
                0x00004b6c                linkaddr_set_node_addr
 .any.text.on   0x00004b78        0x6 build/z1/contiki-ng-z1.a(csma.o)
 .any.text.off  0x00004b7e        0x6 build/z1/contiki-ng-z1.a(csma.o)
 .any.text.max_payload
                0x00004b84       0x38 build/z1/contiki-ng-z1.a(csma.o)
 .any.text.send_packet
                0x00004bbc        0x6 build/z1/contiki-ng-z1.a(csma.o)
 .any.text.init
                0x00004bc2       0x1c build/z1/contiki-ng-z1.a(csma.o)
 .any.text.input_packet
                0x00004bde       0x58 build/z1/contiki-ng-z1.a(csma.o)
 .any.text.schedule_transmission
                0x00004c36       0x66 build/z1/contiki-ng-z1.a(csma-output.o)
 .any.text.tx_done
                0x00004c9c       0x86 build/z1/contiki-ng-z1.a(csma-output.o)
 .any.text.transmit_from_queue
                0x00004d22      0x1ac build/z1/contiki-ng-z1.a(csma-output.o)
 .any.text.csma_output_packet
                0x00004ece      0x174 build/z1/contiki-ng-z1.a(csma-output.o)
                0x00004ece                csma_output_packet
 .any.text.csma_output_init
                0x00005042       0x1a build/z1/contiki-ng-z1.a(csma-output.o)
                0x00005042                csma_output_init
 .any.text.uip_ds6_default_prefix
                0x0000505c        0x6 build/z1/contiki-ng-z1.a(uip-ds6.o)
                0x0000505c                uip_ds6_default_prefix
 .any.text.uip_ds6_list_loop
                0x00005062       0x72 build/z1/contiki-ng-z1.a(uip-ds6.o)
                0x00005062                uip_ds6_list_loop
 .any.text.uip_ds6_prefix_add
                0x000050d4       0x70 build/z1/contiki-ng-z1.a(uip-ds6.o)
                0x000050d4                uip_ds6_prefix_add
 .any.text.uip_ds6_is_addr_onlink
                0x00005144       0x42 build/z1/contiki-ng-z1.a(uip-ds6.o)
                0x00005144                uip_ds6_is_addr_onlink
 .any.text.uip_ds6_addr_lookup
                0x00005186       0x2a build/z1/contiki-ng-z1.a(uip-ds6.o)
                0x00005186                uip_ds6_addr_lookup
 .any.text.uip_ds6_get_link_local
                0x000051b0       0x3e build/z1/contiki-ng-z1.a(uip-ds6.o)
                0x000051b0                uip_ds6_get_link_local
 .any.text.uip_ds6_maddr_add
                0x000051ee       0x48 build/z1/contiki-ng-z1.a(uip-ds6.o)
                0x000051ee                uip_ds6_maddr_add
 .any.text.uip_ds6_addr_add
                0x00005236       0xb4 build/z1/contiki-ng-z1.a(uip-ds6.o)
                0x00005236                uip_ds6_addr_add
 .any.text.uip_ds6_maddr_rm
                0x000052ea        0xa build/z1/contiki-ng-z1.a(uip-ds6.o)
                0x000052ea                uip_ds6_maddr_rm
 .any.text.uip_ds6_maddr_lookup
                0x000052f4       0x2a build/z1/contiki-ng-z1.a(uip-ds6.o)
                0x000052f4                uip_ds6_maddr_lookup
 .any.text.uip_ds6_addr_rm
                0x0000531e       0x54 build/z1/contiki-ng-z1.a(uip-ds6.o)
                0x0000531e                uip_ds6_addr_rm
 .any.text.uip_ds6_periodic
                0x00005372       0x46 build/z1/contiki-ng-z1.a(uip-ds6.o)
                0x00005372                uip_ds6_periodic
 .any.text.uip_ds6_set_addr_iid
                0x000053b8       0x14 build/z1/contiki-ng-z1.a(uip-ds6.o)
                0x000053b8                uip_ds6_set_addr_iid
 .any.text.uip_ds6_set_lladdr_from_iid
                0x000053cc       0x14 build/z1/contiki-ng-z1.a(uip-ds6.o)
                0x000053cc                uip_ds6_set_lladdr_from_iid
 .any.text.get_match_length
                0x000053e0       0x3c build/z1/contiki-ng-z1.a(uip-ds6.o)
                0x000053e0                get_match_length
 .any.text.uip_ds6_select_src
                0x0000541c       0x9a build/z1/contiki-ng-z1.a(uip-ds6.o)
                0x0000541c                uip_ds6_select_src
 .any.text.uip_ds6_compute_reachable_time
                0x000054b6       0x36 build/z1/contiki-ng-z1.a(uip-ds6.o)
                0x000054b6                uip_ds6_compute_reachable_time
 .any.text.uip_ds6_init
                0x000054ec      0x164 build/z1/contiki-ng-z1.a(uip-ds6.o)
                0x000054ec                uip_ds6_init
 .any.text.uip_ds6_route_init
                0x00005650       0x12 build/z1/contiki-ng-z1.a(uip-ds6-route.o)
                0x00005650                uip_ds6_route_init
 .any.text.uip_ds6_route_nexthop
                0x00005662        0x4 build/z1/contiki-ng-z1.a(uip-ds6-route.o)
                0x00005662                uip_ds6_route_nexthop
 .any.text.uip_ds6_route_lookup
                0x00005666        0x4 build/z1/contiki-ng-z1.a(uip-ds6-route.o)
                0x00005666                uip_ds6_route_lookup
 .any.text.uip_ds6_route_rm
                0x0000566a        0x2 build/z1/contiki-ng-z1.a(uip-ds6-route.o)
                0x0000566a                uip_ds6_route_rm
 .any.text.uip_ds6_defrt_rm
                0x0000566c       0x38 build/z1/contiki-ng-z1.a(uip-ds6-route.o)
                0x0000566c                uip_ds6_defrt_rm
 .any.text.uip_ds6_defrt_lookup
                0x000056a4       0x3c build/z1/contiki-ng-z1.a(uip-ds6-route.o)
                0x000056a4                uip_ds6_defrt_lookup
 .any.text.uip_ds6_defrt_add
                0x000056e0       0x66 build/z1/contiki-ng-z1.a(uip-ds6-route.o)
                0x000056e0                uip_ds6_defrt_add
 .any.text.uip_ds6_defrt_choose
                0x00005746       0x36 build/z1/contiki-ng-z1.a(uip-ds6-route.o)
                0x00005746                uip_ds6_defrt_choose
 .any.text.uip_ds6_defrt_periodic
                0x0000577c       0x38 build/z1/contiki-ng-z1.a(uip-ds6-route.o)
                0x0000577c                uip_ds6_defrt_periodic
 .any.text.tcpip_output
                0x000057b4       0x22 build/z1/contiki-ng-z1.a(tcpip.o)
                0x000057b4                tcpip_output
 .any.text.udp_new
                0x000057d6       0x1a build/z1/contiki-ng-z1.a(tcpip.o)
                0x000057d6                udp_new
 .any.text.tcpip_input
                0x000057f0       0x1e build/z1/contiki-ng-z1.a(tcpip.o)
                0x000057f0                tcpip_input
 .any.text.tcpip_ipv6_output
                0x0000580e      0x10c build/z1/contiki-ng-z1.a(tcpip.o)
                0x0000580e                tcpip_ipv6_output
 .any.text.packet_input.part.3
                0x0000591a       0x12 build/z1/contiki-ng-z1.a(tcpip.o)
 .any.text.process_thread_tcpip_process
                0x0000592c       0xc8 build/z1/contiki-ng-z1.a(tcpip.o)
 .any.text.tcpip_uipcall
                0x000059f4       0x2a build/z1/contiki-ng-z1.a(tcpip.o)
                0x000059f4                tcpip_uipcall
 .any.text.chksum
                0x00005a1e       0x32 build/z1/contiki-ng-z1.a(uip6.o)
 .any.text.upper_layer_chksum
                0x00005a50       0x54 build/z1/contiki-ng-z1.a(uip6.o)
 .any.text.ext_hdr_options_process
                0x00005aa4       0x92 build/z1/contiki-ng-z1.a(uip6.o)
 .any.text.uip_check_mtu
                0x00005b36       0x1e build/z1/contiki-ng-z1.a(uip6.o)
 .any.text.uip_update_ttl
                0x00005b54       0x24 build/z1/contiki-ng-z1.a(uip6.o)
 .any.text.uip_icmp6chksum
                0x00005b78        0xa build/z1/contiki-ng-z1.a(uip6.o)
                0x00005b78                uip_icmp6chksum
 .any.text.uip_udpchksum
                0x00005b82        0xa build/z1/contiki-ng-z1.a(uip6.o)
                0x00005b82                uip_udpchksum
 .any.text.uip_init
                0x00005b8c       0x3c build/z1/contiki-ng-z1.a(uip6.o)
                0x00005b8c                uip_init
 .any.text.uip_remove_ext_hdr
                0x00005bc8       0x5e build/z1/contiki-ng-z1.a(uip6.o)
                0x00005bc8                uip_remove_ext_hdr
 .any.text.uip_udp_new
                0x00005c26       0xa0 build/z1/contiki-ng-z1.a(uip6.o)
                0x00005c26                uip_udp_new
 .any.text.uip_process
                0x00005cc6      0x4b6 build/z1/contiki-ng-z1.a(uip6.o)
                0x00005cc6                uip_process
 .any.text.uip_htonl
                0x0000617c       0x2a build/z1/contiki-ng-z1.a(uip6.o)
                0x0000617c                uip_htonl
 .any.text.uip_ds6_nbr_rm
                0x000061a6       0x1e build/z1/contiki-ng-z1.a(uip-ds6-nbr.o)
                0x000061a6                uip_ds6_nbr_rm
 .any.text.uip_ds6_neighbors_init
                0x000061c4       0x12 build/z1/contiki-ng-z1.a(uip-ds6-nbr.o)
                0x000061c4                uip_ds6_neighbors_init
 .any.text.uip_ds6_nbr_add
                0x000061d6       0x36 build/z1/contiki-ng-z1.a(uip-ds6-nbr.o)
                0x000061d6                uip_ds6_nbr_add
 .any.text.uip_ds6_nbr_get_ll
                0x0000620c        0xc build/z1/contiki-ng-z1.a(uip-ds6-nbr.o)
                0x0000620c                uip_ds6_nbr_get_ll
 .any.text.uip_ds6_nbr_head
                0x00006218        0xa build/z1/contiki-ng-z1.a(uip-ds6-nbr.o)
                0x00006218                uip_ds6_nbr_head
 .any.text.uip_ds6_nbr_next
                0x00006222        0xc build/z1/contiki-ng-z1.a(uip-ds6-nbr.o)
                0x00006222                uip_ds6_nbr_next
 .any.text.uip_ds6_nbr_lookup
                0x0000622e       0x36 build/z1/contiki-ng-z1.a(uip-ds6-nbr.o)
                0x0000622e                uip_ds6_nbr_lookup
 .any.text.uip_ds6_nbr_ll_lookup
                0x00006264        0xc build/z1/contiki-ng-z1.a(uip-ds6-nbr.o)
                0x00006264                uip_ds6_nbr_ll_lookup
 .any.text.uip_ds6_nbr_update_ll
                0x00006270       0x6e build/z1/contiki-ng-z1.a(uip-ds6-nbr.o)
                0x00006270                uip_ds6_nbr_update_ll
 .any.text.uip_ds6_nbr_ipaddr_from_lladdr
                0x000062de        0x6 build/z1/contiki-ng-z1.a(uip-ds6-nbr.o)
                0x000062de                uip_ds6_nbr_ipaddr_from_lladdr
 .any.text.uip_ds6_nbr_lladdr_from_ipaddr
                0x000062e4       0x12 build/z1/contiki-ng-z1.a(uip-ds6-nbr.o)
                0x000062e4                uip_ds6_nbr_lladdr_from_ipaddr
 .any.text.uip_ds6_link_callback
                0x000062f6        0x2 build/z1/contiki-ng-z1.a(uip-ds6-nbr.o)
                0x000062f6                uip_ds6_link_callback
 .any.text.ns_input
                0x000062f8      0x27e build/z1/contiki-ng-z1.a(uip-nd6.o)
 .any.text.uip_nd6_init
                0x00006576        0xa build/z1/contiki-ng-z1.a(uip-nd6.o)
                0x00006576                uip_nd6_init
 .any.text.process_thread_simple_udp_process
                0x00006580       0xa8 build/z1/contiki-ng-z1.a(simple-udp.o)
 .any.text.simple_udp_register
                0x00006628       0x88 build/z1/contiki-ng-z1.a(simple-udp.o)
                0x00006628                simple_udp_register
 .any.text.clear_fragments
                0x000066b0       0x38 build/z1/contiki-ng-z1.a(sicslowpan.o)
 .any.text.addr_context_lookup_by_number
                0x000066e8       0x16 build/z1/contiki-ng-z1.a(sicslowpan.o)
 .any.text.sicslowpan_init
                0x000066fe       0x18 build/z1/contiki-ng-z1.a(sicslowpan.o)
                0x000066fe                sicslowpan_init
 .any.text.set_packet_attrs
                0x00006716       0x66 build/z1/contiki-ng-z1.a(sicslowpan.o)
 .any.text.compress_addr_64
                0x0000677c       0x9a build/z1/contiki-ng-z1.a(sicslowpan.o)
 .any.text.addr_context_lookup_by_prefix
                0x00006816       0x20 build/z1/contiki-ng-z1.a(sicslowpan.o)
 .any.text.send_packet
                0x00006836       0x1a build/z1/contiki-ng-z1.a(sicslowpan.o)
 .any.text.fragment_copy_payload_and_send
                0x00006850       0x5e build/z1/contiki-ng-z1.a(sicslowpan.o)
 .any.text.output
                0x000068ae      0x772 build/z1/contiki-ng-z1.a(sicslowpan.o)
 .any.text.packet_sent
                0x00007020       0x4e build/z1/contiki-ng-z1.a(sicslowpan.o)
 .any.text.store_fragment
                0x0000706e       0x6e build/z1/contiki-ng-z1.a(sicslowpan.o)
 .any.text.add_fragment
                0x000070dc      0x16a build/z1/contiki-ng-z1.a(sicslowpan.o)
 .any.text.uncompress_addr
                0x00007246       0x96 build/z1/contiki-ng-z1.a(sicslowpan.o)
 .any.text.input
                0x000072dc      0x7b8 build/z1/contiki-ng-z1.a(sicslowpan.o)
 .any.text.uiplib_ipaddr_snprint
                0x00007a94      0x114 build/z1/contiki-ng-z1.a(uiplib.o)
                0x00007a94                uiplib_ipaddr_snprint
 .any.text.rpl_has_joined
                0x00007ba8       0x12 build/z1/contiki-ng-z1.a(rpl.o)
                0x00007ba8                rpl_has_joined
 .any.text.rpl_is_reachable
                0x00007bba       0x12 build/z1/contiki-ng-z1.a(rpl.o)
                0x00007bba                rpl_is_reachable
 .any.text.neighbor_state_changed
                0x00007bcc        0x2 build/z1/contiki-ng-z1.a(rpl.o)
 .any.text.drop_route
                0x00007bce        0x2 build/z1/contiki-ng-z1.a(rpl.o)
 .any.text.rpl_get_leaf_only
                0x00007bd0        0x6 build/z1/contiki-ng-z1.a(rpl.o)
                0x00007bd0                rpl_get_leaf_only
 .any.text.get_sr_node_ipaddr
                0x00007bd6       0x30 build/z1/contiki-ng-z1.a(rpl.o)
 .any.text.init
                0x00007c06       0x42 build/z1/contiki-ng-z1.a(rpl.o)
 .any.text.set_ip_from_prefix
                0x00007c48       0x30 build/z1/contiki-ng-z1.a(rpl.o)
 .any.text.rpl_link_callback
                0x00007c78       0x1e build/z1/contiki-ng-z1.a(rpl.o)
                0x00007c78                rpl_link_callback
 .any.text.rpl_lollipop_greater_than
                0x00007c96       0x3c build/z1/contiki-ng-z1.a(rpl.o)
                0x00007c96                rpl_lollipop_greater_than
 .any.text.rpl_get_global_address
                0x00007cd2       0x8c build/z1/contiki-ng-z1.a(rpl.o)
                0x00007cd2                rpl_get_global_address
 .any.text.rpl_reset_prefix
                0x00007d5e       0x24 build/z1/contiki-ng-z1.a(rpl.o)
                0x00007d5e                rpl_reset_prefix
 .any.text.rpl_set_prefix_from_addr
                0x00007d82       0x80 build/z1/contiki-ng-z1.a(rpl.o)
                0x00007d82                rpl_set_prefix_from_addr
 .any.text.get32
                0x00007e02       0x3e build/z1/contiki-ng-z1.a(rpl-icmp6.o)
 .any.text.set32
                0x00007e40       0x2a build/z1/contiki-ng-z1.a(rpl-icmp6.o)
 .any.text.get16
                0x00007e6a        0xe build/z1/contiki-ng-z1.a(rpl-icmp6.o)
 .any.text.set16
                0x00007e78       0x10 build/z1/contiki-ng-z1.a(rpl-icmp6.o)
 .any.text.dao_ack_input
                0x00007e88       0x30 build/z1/contiki-ng-z1.a(rpl-icmp6.o)
 .any.text.dao_input
                0x00007eb8      0x128 build/z1/contiki-ng-z1.a(rpl-icmp6.o)
 .any.text.dio_input
                0x00007fe0      0x274 build/z1/contiki-ng-z1.a(rpl-icmp6.o)
 .any.text.dis_input
                0x00008254       0x1e build/z1/contiki-ng-z1.a(rpl-icmp6.o)
 .any.text.rpl_icmp6_update_nbr_table
                0x00008272       0x2e build/z1/contiki-ng-z1.a(rpl-icmp6.o)
                0x00008272                rpl_icmp6_update_nbr_table
 .any.text.rpl_icmp6_dis_output
                0x000082a0       0x34 build/z1/contiki-ng-z1.a(rpl-icmp6.o)
                0x000082a0                rpl_icmp6_dis_output
 .any.text.rpl_icmp6_dio_output
                0x000082d4      0x218 build/z1/contiki-ng-z1.a(rpl-icmp6.o)
                0x000082d4                rpl_icmp6_dio_output
 .any.text.rpl_icmp6_dao_output
                0x000084ec       0xd6 build/z1/contiki-ng-z1.a(rpl-icmp6.o)
                0x000084ec                rpl_icmp6_dao_output
 .any.text.rpl_icmp6_dao_ack_output
                0x000085c2       0x46 build/z1/contiki-ng-z1.a(rpl-icmp6.o)
                0x000085c2                rpl_icmp6_dao_ack_output
 .any.text.rpl_icmp6_init
                0x00008608       0x22 build/z1/contiki-ng-z1.a(rpl-icmp6.o)
                0x00008608                rpl_icmp6_init
 .any.text.rpl_dag_root_set_prefix
                0x0000862a       0x5e build/z1/contiki-ng-z1.a(rpl-dag-root.o)
                0x0000862a                rpl_dag_root_set_prefix
 .any.text.rpl_dag_root_start
                0x00008688       0x82 build/z1/contiki-ng-z1.a(rpl-dag-root.o)
                0x00008688                rpl_dag_root_start
 .any.text.rpl_dag_root_is_root
                0x0000870a       0x14 build/z1/contiki-ng-z1.a(rpl-dag-root.o)
                0x0000870a                rpl_dag_root_is_root
 .any.text.init_platform
                0x0000871e        0xc build/z1/contiki-ng-z1.a(contiki-z1-plat)
                0x0000871e                init_platform
 .any.text.leds_init
                0x0000872a        0x6 build/z1/contiki-ng-z1.a(leds.o)
                0x0000872a                leds_init
 .any.text.leds_on
                0x00008730       0x12 build/z1/contiki-ng-z1.a(leds.o)
                0x00008730                leds_on
 .any.text.leds_off
                0x00008742       0x12 build/z1/contiki-ng-z1.a(leds.o)
                0x00008742                leds_off
 .any.text.wait_ready
                0x00008754       0x46 build/z1/contiki-ng-z1.a(xmem.o)
 .any.text.xmem_init
                0x0000879a       0x1e build/z1/contiki-ng-z1.a(xmem.o)
                0x0000879a                xmem_init
 .any.text.xmem_pread
                0x000087b8       0x88 build/z1/contiki-ng-z1.a(xmem.o)
                0x000087b8                xmem_pread
 .any.text.spi_init
                0x00008840       0x32 build/z1/contiki-ng-z1.a(spi-legacy.o)
                0x00008840                spi_init
 .any.text.get_object
                0x00008872        0x4 build/z1/contiki-ng-z1.a(cc2420.o)
 .any.text.set_object
                0x00008876        0x4 build/z1/contiki-ng-z1.a(cc2420.o)
 .any.text.strobe
                0x0000887a       0x1a build/z1/contiki-ng-z1.a(cc2420.o)
 .any.text.getreg
                0x00008894       0x46 build/z1/contiki-ng-z1.a(cc2420.o)
 .any.text.setreg
                0x000088da       0x44 build/z1/contiki-ng-z1.a(cc2420.o)
 .any.text.write_ram
                0x0000891e       0x72 build/z1/contiki-ng-z1.a(cc2420.o)
 .any.text.write_fifo_buf
                0x00008990       0x38 build/z1/contiki-ng-z1.a(cc2420.o)
 .any.text.get_status
                0x000089c8       0x1e build/z1/contiki-ng-z1.a(cc2420.o)
 .any.text.cc2420_receiving_packet
                0x000089e6        0xa build/z1/contiki-ng-z1.a(cc2420.o)
 .any.text.pending_packet
                0x000089f0        0xa build/z1/contiki-ng-z1.a(cc2420.o)
 .any.text.wait_for_transmission
                0x000089fa       0x22 build/z1/contiki-ng-z1.a(cc2420.o)
 .any.text.wait_for_status
                0x00008a1c       0x24 build/z1/contiki-ng-z1.a(cc2420.o)
 .any.text.getrxdata
                0x00008a40       0x4c build/z1/contiki-ng-z1.a(cc2420.o)
 .any.text.flushrx
                0x00008a8c       0x1a build/z1/contiki-ng-z1.a(cc2420.o)
 .any.text.energest_on
                0x00008aa6       0x22 build/z1/contiki-ng-z1.a(cc2420.o)
 .any.text.on   0x00008ac8       0x20 build/z1/contiki-ng-z1.a(cc2420.o)
 .any.text.energest_off
                0x00008ae8       0x88 build/z1/contiki-ng-z1.a(cc2420.o)
 .any.text.off  0x00008b70       0x2e build/z1/contiki-ng-z1.a(cc2420.o)
 .any.text.RELEASE_LOCK
                0x00008b9e       0x28 build/z1/contiki-ng-z1.a(cc2420.o)
 .any.text.set_frame_filtering
                0x00008bc6       0x30 build/z1/contiki-ng-z1.a(cc2420.o)
 .any.text.set_auto_ack
                0x00008bf6       0x30 build/z1/contiki-ng-z1.a(cc2420.o)
 .any.text.set_poll_mode
                0x00008c26       0x2c build/z1/contiki-ng-z1.a(cc2420.o)
 .any.text.cc2420_prepare
                0x00008c52       0x42 build/z1/contiki-ng-z1.a(cc2420.o)
 .any.text.cc2420_on
                0x00008c94       0x22 build/z1/contiki-ng-z1.a(cc2420.o)
                0x00008c94                cc2420_on
 .any.text.cc2420_transmit
                0x00008cb6       0x8a build/z1/contiki-ng-z1.a(cc2420.o)
 .any.text.cc2420_send
                0x00008d40       0x12 build/z1/contiki-ng-z1.a(cc2420.o)
 .any.text.cc2420_off
                0x00008d52       0x30 build/z1/contiki-ng-z1.a(cc2420.o)
                0x00008d52                cc2420_off
 .any.text.cc2420_cca
                0x00008d82       0x54 build/z1/contiki-ng-z1.a(cc2420.o)
 .any.text.cc2420_read
                0x00008dd6       0xba build/z1/contiki-ng-z1.a(cc2420.o)
 .any.text.process_thread_cc2420_process
                0x00008e90       0x62 build/z1/contiki-ng-z1.a(cc2420.o)
 .any.text.cc2420_set_channel
                0x00008ef2       0x3a build/z1/contiki-ng-z1.a(cc2420.o)
                0x00008ef2                cc2420_set_channel
 .any.text.cc2420_set_pan_addr
                0x00008f2c       0x4c build/z1/contiki-ng-z1.a(cc2420.o)
                0x00008f2c                cc2420_set_pan_addr
 .any.text.cc2420_interrupt
                0x00008f78       0x16 build/z1/contiki-ng-z1.a(cc2420.o)
                0x00008f78                cc2420_interrupt
 .any.text.cc2420_set_txpower
                0x00008f8e       0x2c build/z1/contiki-ng-z1.a(cc2420.o)
                0x00008f8e                cc2420_set_txpower
 .any.text.cc2420_get_txpower
                0x00008fba       0x1e build/z1/contiki-ng-z1.a(cc2420.o)
                0x00008fba                cc2420_get_txpower
 .any.text.cc2420_rssi
                0x00008fd8       0x48 build/z1/contiki-ng-z1.a(cc2420.o)
                0x00008fd8                cc2420_rssi
 .any.text.get_value
                0x00009020      0x11e build/z1/contiki-ng-z1.a(cc2420.o)
 .any.text.cc2420_set_cca_threshold
                0x0000913e       0x16 build/z1/contiki-ng-z1.a(cc2420.o)
                0x0000913e                cc2420_set_cca_threshold
 .any.text.set_value
                0x00009154      0x14a build/z1/contiki-ng-z1.a(cc2420.o)
 .any.text.cc2420_init
                0x0000929e       0xea build/z1/contiki-ng-z1.a(cc2420.o)
                0x0000929e                cc2420_init
 .any.text.cc2420_arch_init
                0x00009388       0x1a build/z1/contiki-ng-z1.a(cc2420-arch.o)
                0x00009388                cc2420_arch_init
 .any.text.node_id_z1_restore
                0x000093a2       0x4c build/z1/contiki-ng-z1.a(node-id-z1.o)
                0x000093a2                node_id_z1_restore
 .any.text.process_thread_sensors_process
                0x000093ee       0xc2 build/z1/contiki-ng-z1.a(sensors.o)
 .any.text.sensors_changed
                0x000094b0       0x2a build/z1/contiki-ng-z1.a(sensors.o)
                0x000094b0                sensors_changed
 .any.text.uart0_active
                0x000094da        0xe build/z1/contiki-ng-z1.a(uart0.o)
                0x000094da                uart0_active
 .any.text.uart0_writeb
                0x000094e8       0x16 build/z1/contiki-ng-z1.a(uart0.o)
                0x000094e8                uart0_writeb
 .any.text.uart0_init
                0x000094fe       0x4e build/z1/contiki-ng-z1.a(uart0.o)
                0x000094fe                uart0_init
 .any.text.status
                0x0000954c       0x12 build/z1/contiki-ng-z1.a(adxl345.o)
 .any.text.accm_write_reg
                0x0000955e       0x2e build/z1/contiki-ng-z1.a(adxl345.o)
 .any.text.accm_write_stream
                0x0000958c       0x2a build/z1/contiki-ng-z1.a(adxl345.o)
 .any.text.accm_read_reg
                0x000095b6       0x54 build/z1/contiki-ng-z1.a(adxl345.o)
 .any.text.process_thread_accmeter_process
                0x0000960a       0x56 build/z1/contiki-ng-z1.a(adxl345.o)
 .any.text.accm_read_axis.part.0
                0x00009660       0x5a build/z1/contiki-ng-z1.a(adxl345.o)
 .any.text.value
                0x000096ba       0x1e build/z1/contiki-ng-z1.a(adxl345.o)
 .any.text.accm_init
                0x000096d8       0x78 build/z1/contiki-ng-z1.a(adxl345.o)
                0x000096d8                accm_init
 .any.text.accm_stop
                0x00009750       0x32 build/z1/contiki-ng-z1.a(adxl345.o)
                0x00009750                accm_stop
 .any.text.configure
                0x00009782       0x26 build/z1/contiki-ng-z1.a(adxl345.o)
 .any.text.status
                0x000097a8       0x12 build/z1/contiki-ng-z1.a(tmp102.o)
 .any.text.tmp102_init
                0x000097ba       0x24 build/z1/contiki-ng-z1.a(tmp102.o)
                0x000097ba                tmp102_init
 .any.text.tmp102_stop
                0x000097de        0xa build/z1/contiki-ng-z1.a(tmp102.o)
                0x000097de                tmp102_stop
 .any.text.configure
                0x000097e8       0x26 build/z1/contiki-ng-z1.a(tmp102.o)
 .any.text.tmp102_read_reg
                0x0000980e       0x5e build/z1/contiki-ng-z1.a(tmp102.o)
                0x0000980e                tmp102_read_reg
 .any.text.tmp102_read_temp_x100
                0x0000986c       0x58 build/z1/contiki-ng-z1.a(tmp102.o)
                0x0000986c                tmp102_read_temp_x100
 .any.text.value
                0x000098c4        0x6 build/z1/contiki-ng-z1.a(tmp102.o)
 .any.text.leds_arch_init
                0x000098ca        0xe build/z1/contiki-ng-z1.a(leds-arch.o)
                0x000098ca                leds_arch_init
 .any.text.leds_arch_get
                0x000098d8       0x34 build/z1/contiki-ng-z1.a(leds-arch.o)
                0x000098d8                leds_arch_get
 .any.text.leds_arch_set
                0x0000990c       0x3e build/z1/contiki-ng-z1.a(leds-arch.o)
                0x0000990c                leds_arch_set
 .any.text.stimer_set
                0x0000994a       0x1c build/z1/contiki-ng-z1.a(stimer.o)
                0x0000994a                stimer_set
 .any.text.stimer_expired
                0x00009966       0x30 build/z1/contiki-ng-z1.a(stimer.o)
                0x00009966                stimer_expired
 .any.text.memb_init
                0x00009996       0x36 build/z1/contiki-ng-z1.a(memb.o)
                0x00009996                memb_init
 .any.text.memb_alloc
                0x000099cc       0x3e build/z1/contiki-ng-z1.a(memb.o)
                0x000099cc                memb_alloc
 .any.text.memb_free
                0x00009a0a       0x32 build/z1/contiki-ng-z1.a(memb.o)
                0x00009a0a                memb_free
 .any.text.memb_inmemb
                0x00009a3c       0x2a build/z1/contiki-ng-z1.a(memb.o)
                0x00009a3c                memb_inmemb
 .any.text.memb_numfree
                0x00009a66       0x26 build/z1/contiki-ng-z1.a(memb.o)
                0x00009a66                memb_numfree
 .any.text.item_from_index
                0x00009a8c       0x2a build/z1/contiki-ng-z1.a(nbr-table.o)
 .any.text.index_from_key
                0x00009ab6       0x26 build/z1/contiki-ng-z1.a(nbr-table.o)
 .any.text.index_from_item
                0x00009adc       0x1e build/z1/contiki-ng-z1.a(nbr-table.o)
 .any.text.nbr_set_bit
                0x00009afa       0x50 build/z1/contiki-ng-z1.a(nbr-table.o)
 .any.text.index_from_lladdr
                0x00009b4a       0x3e build/z1/contiki-ng-z1.a(nbr-table.o)
 .any.text.nbr_get_bit.constprop.0
                0x00009b88       0x2c build/z1/contiki-ng-z1.a(nbr-table.o)
 .any.text.nbr_table_is_registered
                0x00009bb4       0x22 build/z1/contiki-ng-z1.a(nbr-table.o)
                0x00009bb4                nbr_table_is_registered
 .any.text.nbr_table_register
                0x00009bd6       0x3c build/z1/contiki-ng-z1.a(nbr-table.o)
                0x00009bd6                nbr_table_register
 .any.text.nbr_table_next
                0x00009c12       0x4c build/z1/contiki-ng-z1.a(nbr-table.o)
                0x00009c12                nbr_table_next
 .any.text.nbr_table_head
                0x00009c5e       0x36 build/z1/contiki-ng-z1.a(nbr-table.o)
                0x00009c5e                nbr_table_head
 .any.text.nbr_table_add_lladdr
                0x00009c94      0x14e build/z1/contiki-ng-z1.a(nbr-table.o)
                0x00009c94                nbr_table_add_lladdr
 .any.text.nbr_table_get_from_lladdr
                0x00009de2       0x28 build/z1/contiki-ng-z1.a(nbr-table.o)
                0x00009de2                nbr_table_get_from_lladdr
 .any.text.nbr_table_remove
                0x00009e0a       0x2a build/z1/contiki-ng-z1.a(nbr-table.o)
                0x00009e0a                nbr_table_remove
 .any.text.nbr_table_lock
                0x00009e34       0x10 build/z1/contiki-ng-z1.a(nbr-table.o)
                0x00009e34                nbr_table_lock
 .any.text.nbr_table_unlock
                0x00009e44       0x10 build/z1/contiki-ng-z1.a(nbr-table.o)
                0x00009e44                nbr_table_unlock
 .any.text.nbr_table_get_lladdr
                0x00009e54       0x20 build/z1/contiki-ng-z1.a(nbr-table.o)
                0x00009e54                nbr_table_get_lladdr
 .any.text.periodic
                0x00009e74       0x2c build/z1/contiki-ng-z1.a(link-stats.o)
 .any.text.link_stats_from_lladdr
                0x00009ea0        0xc build/z1/contiki-ng-z1.a(link-stats.o)
                0x00009ea0                link_stats_from_lladdr
 .any.text.link_stats_is_fresh
                0x00009eac       0x30 build/z1/contiki-ng-z1.a(link-stats.o)
                0x00009eac                link_stats_is_fresh
 .any.text.guess_etx_from_rssi
                0x00009edc       0x42 build/z1/contiki-ng-z1.a(link-stats.o)
                0x00009edc                guess_etx_from_rssi
 .any.text.link_stats_packet_sent
                0x00009f1e       0xc8 build/z1/contiki-ng-z1.a(link-stats.o)
                0x00009f1e                link_stats_packet_sent
 .any.text.link_stats_input_callback
                0x00009fe6       0xaa build/z1/contiki-ng-z1.a(link-stats.o)
                0x00009fe6                link_stats_input_callback
 .any.text.link_stats_reset
                0x0000a090       0x2a build/z1/contiki-ng-z1.a(link-stats.o)
                0x0000a090                link_stats_reset
 .any.text.link_stats_init
                0x0000a0ba       0x22 build/z1/contiki-ng-z1.a(link-stats.o)
                0x0000a0ba                link_stats_init
 .any.text.mac_sequence_is_duplicate
                0x0000a0dc       0x6e build/z1/contiki-ng-z1.a(mac-sequence.o)
                0x0000a0dc                mac_sequence_is_duplicate
 .any.text.mac_sequence_register_seqno
                0x0000a14a       0x86 build/z1/contiki-ng-z1.a(mac-sequence.o)
                0x0000a14a                mac_sequence_register_seqno
 .any.text.mac_call_sent_callback
                0x0000a1d0       0x14 build/z1/contiki-ng-z1.a(mac.o)
                0x0000a1d0                mac_call_sent_callback
 .any.text.parse
                0x0000a1e4       0x9c build/z1/contiki-ng-z1.a(framer-802154.o)
 .any.text.framer_802154_setup_params
                0x0000a280       0xb0 build/z1/contiki-ng-z1.a(framer-802154.o)
                0x0000a280                framer_802154_setup_params
 .any.text.create_frame
                0x0000a330       0xda build/z1/contiki-ng-z1.a(framer-802154.o)
 .any.text.create
                0x0000a40a        0x8 build/z1/contiki-ng-z1.a(framer-802154.o)
 .any.text.hdr_length
                0x0000a412        0x8 build/z1/contiki-ng-z1.a(framer-802154.o)
 .any.text.frame802154_get_pan_id
                0x0000a41a        0x6 build/z1/contiki-ng-z1.a(frame802154.o)
                0x0000a41a                frame802154_get_pan_id
 .any.text.frame802154_has_panid
                0x0000a420       0xe0 build/z1/contiki-ng-z1.a(frame802154.o)
                0x0000a420                frame802154_has_panid
 .any.text.field_len
                0x0000a500       0xa8 build/z1/contiki-ng-z1.a(frame802154.o)
 .any.text.frame802154_is_broadcast_addr
                0x0000a5a8       0x28 build/z1/contiki-ng-z1.a(frame802154.o)
                0x0000a5a8                frame802154_is_broadcast_addr
 .any.text.frame802154_hdrlen
                0x0000a5d0       0x32 build/z1/contiki-ng-z1.a(frame802154.o)
                0x0000a5d0                frame802154_hdrlen
 .any.text.frame802154_create_fcf
                0x0000a602       0x6e build/z1/contiki-ng-z1.a(frame802154.o)
                0x0000a602                frame802154_create_fcf
 .any.text.frame802154_create
                0x0000a670       0xd4 build/z1/contiki-ng-z1.a(frame802154.o)
                0x0000a670                frame802154_create
 .any.text.frame802154_parse_fcf
                0x0000a744       0x8c build/z1/contiki-ng-z1.a(frame802154.o)
                0x0000a744                frame802154_parse_fcf
 .any.text.frame802154_parse
                0x0000a7d0      0x15c build/z1/contiki-ng-z1.a(frame802154.o)
                0x0000a7d0                frame802154_parse
 .any.text.csma_security_create_frame
                0x0000a92c       0x10 build/z1/contiki-ng-z1.a(csma-security.o)
                0x0000a92c                csma_security_create_frame
 .any.text.csma_security_parse_frame
                0x0000a93c        0x6 build/z1/contiki-ng-z1.a(csma-security.o)
                0x0000a93c                csma_security_parse_frame
 .any.text.uipbuf_add_ext_hdr
                0x0000a942       0x1c build/z1/contiki-ng-z1.a(uipbuf.o)
                0x0000a942                uipbuf_add_ext_hdr
 .any.text.uipbuf_set_len
                0x0000a95e       0x12 build/z1/contiki-ng-z1.a(uipbuf.o)
                0x0000a95e                uipbuf_set_len
 .any.text.uipbuf_set_len_field
                0x0000a970        0xe build/z1/contiki-ng-z1.a(uipbuf.o)
                0x0000a970                uipbuf_set_len_field
 .any.text.uipbuf_get_len_field
                0x0000a97e        0xe build/z1/contiki-ng-z1.a(uipbuf.o)
                0x0000a97e                uipbuf_get_len_field
 .any.text.uipbuf_get_next_header
                0x0000a98c       0x5a build/z1/contiki-ng-z1.a(uipbuf.o)
                0x0000a98c                uipbuf_get_next_header
 .any.text.uipbuf_get_last_header
                0x0000a9e6       0x36 build/z1/contiki-ng-z1.a(uipbuf.o)
                0x0000a9e6                uipbuf_get_last_header
 .any.text.uipbuf_search_header
                0x0000aa1c       0x46 build/z1/contiki-ng-z1.a(uipbuf.o)
                0x0000aa1c                uipbuf_search_header
 .any.text.uipbuf_get_attr
                0x0000aa62       0x14 build/z1/contiki-ng-z1.a(uipbuf.o)
                0x0000aa62                uipbuf_get_attr
 .any.text.uipbuf_clear_attr
                0x0000aa76       0x12 build/z1/contiki-ng-z1.a(uipbuf.o)
                0x0000aa76                uipbuf_clear_attr
 .any.text.uipbuf_clear
                0x0000aa88       0x12 build/z1/contiki-ng-z1.a(uipbuf.o)
                0x0000aa88                uipbuf_clear
 .any.text.uipbuf_init
                0x0000aa9a       0x1a build/z1/contiki-ng-z1.a(uipbuf.o)
                0x0000aa9a                uipbuf_init
 .any.text.echo_reply_input
                0x0000aab4       0x60 build/z1/contiki-ng-z1.a(uip-icmp6.o)
 .any.text.echo_request_input
                0x0000ab14       0x86 build/z1/contiki-ng-z1.a(uip-icmp6.o)
 .any.text.uip_icmp6_input
                0x0000ab9a       0x44 build/z1/contiki-ng-z1.a(uip-icmp6.o)
                0x0000ab9a                uip_icmp6_input
 .any.text.uip_icmp6_register_input_handler
                0x0000abde        0xc build/z1/contiki-ng-z1.a(uip-icmp6.o)
                0x0000abde                uip_icmp6_register_input_handler
 .any.text.uip_icmp6_error_output
                0x0000abea      0x136 build/z1/contiki-ng-z1.a(uip-icmp6.o)
                0x0000abea                uip_icmp6_error_output
 .any.text.uip_icmp6_send
                0x0000ad20       0x80 build/z1/contiki-ng-z1.a(uip-icmp6.o)
                0x0000ad20                uip_icmp6_send
 .any.text.uip_icmp6_init
                0x0000ada0       0x12 build/z1/contiki-ng-z1.a(uip-icmp6.o)
                0x0000ada0                uip_icmp6_init
 .any.text.node_matches_address.part.0
                0x0000adb2       0x2e build/z1/contiki-ng-z1.a(uip-sr.o)
 .any.text.uip_sr_get_node
                0x0000ade0       0x3c build/z1/contiki-ng-z1.a(uip-sr.o)
                0x0000ade0                uip_sr_get_node
 .any.text.uip_sr_is_addr_reachable
                0x0000ae1c       0x4a build/z1/contiki-ng-z1.a(uip-sr.o)
                0x0000ae1c                uip_sr_is_addr_reachable
 .any.text.uip_sr_expire_parent
                0x0000ae66       0x3a build/z1/contiki-ng-z1.a(uip-sr.o)
                0x0000ae66                uip_sr_expire_parent
 .any.text.uip_sr_update_node
                0x0000aea0       0xac build/z1/contiki-ng-z1.a(uip-sr.o)
                0x0000aea0                uip_sr_update_node
 .any.text.uip_sr_init
                0x0000af4c       0x16 build/z1/contiki-ng-z1.a(uip-sr.o)
                0x0000af4c                uip_sr_init
 .any.text.uip_sr_periodic
                0x0000af62       0x8a build/z1/contiki-ng-z1.a(uip-sr.o)
                0x0000af62                uip_sr_periodic
 .any.text.uip_sr_free_all
                0x0000afec       0x38 build/z1/contiki-ng-z1.a(uip-sr.o)
                0x0000afec                uip_sr_free_all
 .any.text.update_state
                0x0000b024       0x6c build/z1/contiki-ng-z1.a(rpl-nbr-policy.)
 .any.text.rpl_nbr_policy_find_removable
                0x0000b090       0x4e build/z1/contiki-ng-z1.a(rpl-nbr-policy.)
                0x0000b090                rpl_nbr_policy_find_removable
 .any.text.remove_neighbor
                0x0000b0de       0x24 build/z1/contiki-ng-z1.a(rpl-neighbor.o)
 .any.text.rpl_neighbor_get_from_lladdr
                0x0000b102        0xc build/z1/contiki-ng-z1.a(rpl-neighbor.o)
                0x0000b102                rpl_neighbor_get_from_lladdr
 .any.text.rpl_neighbor_rank_via_nbr
                0x0000b10e       0x18 build/z1/contiki-ng-z1.a(rpl-neighbor.o)
                0x0000b10e                rpl_neighbor_rank_via_nbr
 .any.text.rpl_neighbor_get_lladdr
                0x0000b126        0xc build/z1/contiki-ng-z1.a(rpl-neighbor.o)
                0x0000b126                rpl_neighbor_get_lladdr
 .any.text.rpl_neighbor_get_ipaddr
                0x0000b132        0xa build/z1/contiki-ng-z1.a(rpl-neighbor.o)
                0x0000b132                rpl_neighbor_get_ipaddr
 .any.text.rpl_neighbor_get_link_stats
                0x0000b13c        0xa build/z1/contiki-ng-z1.a(rpl-neighbor.o)
                0x0000b13c                rpl_neighbor_get_link_stats
 .any.text.rpl_neighbor_is_fresh
                0x0000b146        0xa build/z1/contiki-ng-z1.a(rpl-neighbor.o)
                0x0000b146                rpl_neighbor_is_fresh
 .any.text.best_parent
                0x0000b150       0x9c build/z1/contiki-ng-z1.a(rpl-neighbor.o)
 .any.text.rpl_neighbor_is_parent
                0x0000b1ec       0x18 build/z1/contiki-ng-z1.a(rpl-neighbor.o)
                0x0000b1ec                rpl_neighbor_is_parent
 .any.text.rpl_neighbor_set_preferred_parent
                0x0000b204       0x44 build/z1/contiki-ng-z1.a(rpl-neighbor.o)
                0x0000b204                rpl_neighbor_set_preferred_parent
 .any.text.rpl_neighbor_remove_all
                0x0000b248       0x2a build/z1/contiki-ng-z1.a(rpl-neighbor.o)
                0x0000b248                rpl_neighbor_remove_all
 .any.text.rpl_neighbor_get_from_ipaddr
                0x0000b272       0x14 build/z1/contiki-ng-z1.a(rpl-neighbor.o)
                0x0000b272                rpl_neighbor_get_from_ipaddr
 .any.text.rpl_neighbor_select_best
                0x0000b286       0x54 build/z1/contiki-ng-z1.a(rpl-neighbor.o)
                0x0000b286                rpl_neighbor_select_best
 .any.text.rpl_neighbor_init
                0x0000b2da        0xe build/z1/contiki-ng-z1.a(rpl-neighbor.o)
                0x0000b2da                rpl_neighbor_init
 .any.text.init_dag
                0x0000b2e8       0x78 build/z1/contiki-ng-z1.a(rpl-dag.o)
 .any.text.init_dag_from_dio
                0x0000b360       0x94 build/z1/contiki-ng-z1.a(rpl-dag.o)
 .any.text.rpl_dag_get_root_ipaddr
                0x0000b3f4       0x1e build/z1/contiki-ng-z1.a(rpl-dag.o)
                0x0000b3f4                rpl_dag_get_root_ipaddr
 .any.text.rpl_dag_leave
                0x0000b412       0x4a build/z1/contiki-ng-z1.a(rpl-dag.o)
                0x0000b412                rpl_dag_leave
 .any.text.rpl_dag_poison_and_leave
                0x0000b45c        0xc build/z1/contiki-ng-z1.a(rpl-dag.o)
                0x0000b45c                rpl_dag_poison_and_leave
 .any.text.rpl_dag_periodic
                0x0000b468       0x6a build/z1/contiki-ng-z1.a(rpl-dag.o)
                0x0000b468                rpl_dag_periodic
 .any.text.rpl_is_addr_in_our_dag
                0x0000b4d2       0x26 build/z1/contiki-ng-z1.a(rpl-dag.o)
                0x0000b4d2                rpl_is_addr_in_our_dag
 .any.text.rpl_local_repair
                0x0000b4f8       0x2a build/z1/contiki-ng-z1.a(rpl-dag.o)
                0x0000b4f8                rpl_local_repair
 .any.text.rpl_global_repair
                0x0000b522       0x2e build/z1/contiki-ng-z1.a(rpl-dag.o)
                0x0000b522                rpl_global_repair
 .any.text.rpl_dag_ready_to_advertise
                0x0000b550       0x22 build/z1/contiki-ng-z1.a(rpl-dag.o)
                0x0000b550                rpl_dag_ready_to_advertise
 .any.text.rpl_dag_update_state
                0x0000b572      0x130 build/z1/contiki-ng-z1.a(rpl-dag.o)
                0x0000b572                rpl_dag_update_state
 .any.text.rpl_process_dio
                0x0000b6a2      0x1b0 build/z1/contiki-ng-z1.a(rpl-dag.o)
                0x0000b6a2                rpl_process_dio
 .any.text.rpl_process_dis
                0x0000b852       0x2a build/z1/contiki-ng-z1.a(rpl-dag.o)
                0x0000b852                rpl_process_dis
 .any.text.rpl_process_dao
                0x0000b87c       0x66 build/z1/contiki-ng-z1.a(rpl-dag.o)
                0x0000b87c                rpl_process_dao
 .any.text.rpl_process_dao_ack
                0x0000b8e2       0x50 build/z1/contiki-ng-z1.a(rpl-dag.o)
                0x0000b8e2                rpl_process_dao_ack
 .any.text.rpl_process_hbh
                0x0000b932       0x26 build/z1/contiki-ng-z1.a(rpl-dag.o)
                0x0000b932                rpl_process_hbh
 .any.text.rpl_dag_init_root
                0x0000b958       0xac build/z1/contiki-ng-z1.a(rpl-dag.o)
                0x0000b958                rpl_dag_init_root
 .any.text.rpl_dag_init
                0x0000ba04       0x10 build/z1/contiki-ng-z1.a(rpl-dag.o)
                0x0000ba04                rpl_dag_init
 .any.text.handle_state_update
                0x0000ba14        0x6 build/z1/contiki-ng-z1.a(rpl-timers.o)
 .any.text.handle_leaving_timer
                0x0000ba1a        0xc build/z1/contiki-ng-z1.a(rpl-timers.o)
 .any.text.schedule_dao_retransmission
                0x0000ba26       0x30 build/z1/contiki-ng-z1.a(rpl-timers.o)
 .any.text.new_dio_interval
                0x0000ba56       0x86 build/z1/contiki-ng-z1.a(rpl-timers.o)
 .any.text.handle_unicast_dio_timer
                0x0000badc       0x12 build/z1/contiki-ng-z1.a(rpl-timers.o)
 .any.text.send_new_dao
                0x0000baee       0x28 build/z1/contiki-ng-z1.a(rpl-timers.o)
 .any.text.resend_dao
                0x0000bb16       0x24 build/z1/contiki-ng-z1.a(rpl-timers.o)
 .any.text.handle_dao_ack_timer
                0x0000bb3a       0x12 build/z1/contiki-ng-z1.a(rpl-timers.o)
 .any.text.handle_dio_timer
                0x0000bb4c       0x6e build/z1/contiki-ng-z1.a(rpl-timers.o)
 .any.text.rpl_timers_schedule_periodic_dis
                0x0000bbba       0x3c build/z1/contiki-ng-z1.a(rpl-timers.o)
                0x0000bbba                rpl_timers_schedule_periodic_dis
 .any.text.handle_periodic_timer
                0x0000bbf6       0x3a build/z1/contiki-ng-z1.a(rpl-timers.o)
 .any.text.handle_dis_timer
                0x0000bc30       0x26 build/z1/contiki-ng-z1.a(rpl-timers.o)
 .any.text.rpl_timers_dio_reset
                0x0000bc56       0x2e build/z1/contiki-ng-z1.a(rpl-timers.o)
                0x0000bc56                rpl_timers_dio_reset
 .any.text.rpl_timers_schedule_unicast_dio
                0x0000bc84       0x20 build/z1/contiki-ng-z1.a(rpl-timers.o)
                0x0000bc84                rpl_timers_schedule_unicast_dio
 .any.text.rpl_timers_schedule_dao
                0x0000bca4       0x38 build/z1/contiki-ng-z1.a(rpl-timers.o)
                0x0000bca4                rpl_timers_schedule_dao
 .any.text.rpl_timers_schedule_dao_ack
                0x0000bcdc       0x34 build/z1/contiki-ng-z1.a(rpl-timers.o)
                0x0000bcdc                rpl_timers_schedule_dao_ack
 .any.text.rpl_timers_notify_dao_ack
                0x0000bd10       0x7e build/z1/contiki-ng-z1.a(rpl-timers.o)
                0x0000bd10                rpl_timers_notify_dao_ack
 .any.text.get_probing_delay
                0x0000bd8e       0x1c build/z1/contiki-ng-z1.a(rpl-timers.o)
                0x0000bd8e                get_probing_delay
 .any.text.get_probing_target
                0x0000bdaa       0xda build/z1/contiki-ng-z1.a(rpl-timers.o)
                0x0000bdaa                get_probing_target
 .any.text.rpl_schedule_probing
                0x0000be84       0x20 build/z1/contiki-ng-z1.a(rpl-timers.o)
                0x0000be84                rpl_schedule_probing
 .any.text.handle_probing_timer
                0x0000bea4       0x26 build/z1/contiki-ng-z1.a(rpl-timers.o)
 .any.text.rpl_schedule_probing_now
                0x0000beca       0x24 build/z1/contiki-ng-z1.a(rpl-timers.o)
                0x0000beca                rpl_schedule_probing_now
 .any.text.rpl_timers_unschedule_leaving
                0x0000beee       0x1c build/z1/contiki-ng-z1.a(rpl-timers.o)
                0x0000beee                rpl_timers_unschedule_leaving
 .any.text.rpl_timers_schedule_leaving
                0x0000bf0a       0x2a build/z1/contiki-ng-z1.a(rpl-timers.o)
                0x0000bf0a                rpl_timers_schedule_leaving
 .any.text.rpl_timers_init
                0x0000bf34       0x1c build/z1/contiki-ng-z1.a(rpl-timers.o)
                0x0000bf34                rpl_timers_init
 .any.text.rpl_timers_stop_dag_timers
                0x0000bf50       0x4c build/z1/contiki-ng-z1.a(rpl-timers.o)
                0x0000bf50                rpl_timers_stop_dag_timers
 .any.text.rpl_timers_unschedule_state_update
                0x0000bf9c       0x10 build/z1/contiki-ng-z1.a(rpl-timers.o)
                0x0000bf9c                rpl_timers_unschedule_state_update
 .any.text.rpl_timers_schedule_state_update
                0x0000bfac       0x1c build/z1/contiki-ng-z1.a(rpl-timers.o)
                0x0000bfac                rpl_timers_schedule_state_update
 .any.text.update_hbh_header
                0x0000bfc8       0x4a build/z1/contiki-ng-z1.a(rpl-ext-header.)
 .any.text.rpl_ext_header_srh_get_next_hop
                0x0000c012       0x7c build/z1/contiki-ng-z1.a(rpl-ext-header.)
                0x0000c012                rpl_ext_header_srh_get_next_hop
 .any.text.rpl_ext_header_srh_update
                0x0000c08e       0xd2 build/z1/contiki-ng-z1.a(rpl-ext-header.)
                0x0000c08e                rpl_ext_header_srh_update
 .any.text.rpl_ext_header_hbh_update
                0x0000c160       0x8e build/z1/contiki-ng-z1.a(rpl-ext-header.)
                0x0000c160                rpl_ext_header_hbh_update
 .any.text.rpl_ext_header_remove
                0x0000c1ee       0xc0 build/z1/contiki-ng-z1.a(rpl-ext-header.)
                0x0000c1ee                rpl_ext_header_remove
 .any.text.rpl_ext_header_update
                0x0000c2ae      0x266 build/z1/contiki-ng-z1.a(rpl-ext-header.)
                0x0000c2ae                rpl_ext_header_update
 .any.text.reset
                0x0000c514        0x2 build/z1/contiki-ng-z1.a(rpl-mrhof.o)
 .any.text.update_metric_container
                0x0000c516        0x6 build/z1/contiki-ng-z1.a(rpl-mrhof.o)
 .any.text.nbr_link_metric
                0x0000c51c       0x12 build/z1/contiki-ng-z1.a(rpl-mrhof.o)
 .any.text.nbr_has_usable_link
                0x0000c52e       0x14 build/z1/contiki-ng-z1.a(rpl-mrhof.o)
 .any.text.nbr_path_cost
                0x0000c542       0x34 build/z1/contiki-ng-z1.a(rpl-mrhof.o)
 .any.text.within_hysteresis
                0x0000c576       0x4c build/z1/contiki-ng-z1.a(rpl-mrhof.o)
 .any.text.nbr_is_acceptable_parent
                0x0000c5c2       0x28 build/z1/contiki-ng-z1.a(rpl-mrhof.o)
 .any.text.rank_via_nbr
                0x0000c5ea       0x40 build/z1/contiki-ng-z1.a(rpl-mrhof.o)
 .any.text.best_parent
                0x0000c62a       0x74 build/z1/contiki-ng-z1.a(rpl-mrhof.o)
 .any.text.i2c_receiveinit
                0x0000c69e       0x36 build/z1/contiki-ng-z1.a(i2cmaster.o)
                0x0000c69e                i2c_receiveinit
 .any.text.i2c_transmitinit
                0x0000c6d4       0x30 build/z1/contiki-ng-z1.a(i2cmaster.o)
                0x0000c6d4                i2c_transmitinit
 .any.text.i2c_receive_n
                0x0000c704       0x3e build/z1/contiki-ng-z1.a(i2cmaster.o)
                0x0000c704                i2c_receive_n
 .any.text.i2c_busy
                0x0000c742        0xa build/z1/contiki-ng-z1.a(i2cmaster.o)
                0x0000c742                i2c_busy
 .any.text.i2c_enable
                0x0000c74c       0x22 build/z1/contiki-ng-z1.a(i2cmaster.o)
                0x0000c74c                i2c_enable
 .any.text.i2c_transmit_n
                0x0000c76e       0x14 build/z1/contiki-ng-z1.a(i2cmaster.o)
                0x0000c76e                i2c_transmit_n
 .any.text.status
                0x0000c782       0x18 build/z1/contiki-ng-z1.a(button-sensor.o)
 .any.text.value
                0x0000c79a       0x20 build/z1/contiki-ng-z1.a(button-sensor.o)
 .any.text.configure
                0x0000c7ba       0x4e build/z1/contiki-ng-z1.a(button-sensor.o)
 .any.text.printf
                0x0000c808       0x10 /usr/local/bin/../lib/gcc/msp430/4.7.2/../../../../msp430/lib/mcpu-430x/mmpy-16/msr20/mc20/libc.a(printf.o)
                0x0000c808                printf
 .any.text.append
                0x0000c818       0x22 /usr/local/bin/../lib/gcc/msp430/4.7.2/../../../../msp430/lib/mcpu-430x/mmpy-16/msr20/mc20/libc.a(sprintf.o)
 .any.text.call_vuprintf
                0x0000c83a       0x36 /usr/local/bin/../lib/gcc/msp430/4.7.2/../../../../msp430/lib/mcpu-430x/mmpy-16/msr20/mc20/libc.a(sprintf.o)
 .any.text.snprintf
                0x0000c870       0x1c /usr/local/bin/../lib/gcc/msp430/4.7.2/../../../../msp430/lib/mcpu-430x/mmpy-16/msr20/mc20/libc.a(sprintf.o)
                0x0000c870                snprintf
 .any.text.print_field
                0x0000c88c      0x176 /usr/local/bin/../lib/gcc/msp430/4.7.2/../../../../msp430/lib/mcpu-430x/mmpy-16/msr20/mc20/libc.a(vuprintf.o)
 .any.text.vuprintf
                0x0000ca02      0x742 /usr/local/bin/../lib/gcc/msp430/4.7.2/../../../../msp430/lib/mcpu-430x/mmpy-16/msr20/mc20/libc.a(vuprintf.o)
                0x0000ca02                vuprintf
 .any.text.puts
                0x0000d144       0x2c /usr/local/bin/../lib/gcc/msp430/4.7.2/../../../../msp430/lib/mcpu-430x/mmpy-16/msr20/mc20/libc.a(puts.o)
                0x0000d144                puts
 .any.text.rand
                0x0000d170       0x26 /usr/local/bin/../lib/gcc/msp430/4.7.2/../../../../msp430/lib/mcpu-430x/mmpy-16/msr20/mc20/libc.a(rand.o)
                0x0000d170                rand
 .any.text.srand
                0x0000d196        0xa /usr/local/bin/../lib/gcc/msp430/4.7.2/../../../../msp430/lib/mcpu-430x/mmpy-16/msr20/mc20/libc.a(rand.o)
                0x0000d196                srand
 .any.text.strncmp
                0x0000d1a0       0x2a /usr/local/bin/../lib/gcc/msp430/4.7.2/../../../../msp430/lib/mcpu-430x/mmpy-16/msr20/mc20/libc.a(strncmp.o)
                0x0000d1a0                strncmp
 .any.text.memcmp
                0x0000d1ca       0x2c /usr/local/bin/../lib/gcc/msp430/4.7.2/../../../../msp430/lib/mcpu-430x/mmpy-16/msr20/mc20/libc.a(memcmp.o)
                0x0000d1ca                memcmp
 .any.text.memcpy
                0x0000d1f6       0xe8 /usr/local/bin/../lib/gcc/msp430/4.7.2/../../../../msp430/lib/mcpu-430x/mmpy-16/msr20/mc20/libc.a(memcpy.o)
                0x0000d1f6                memcpy
 .any.text.memmove
                0x0000d2de       0xe8 /usr/local/bin/../lib/gcc/msp430/4.7.2/../../../../msp430/lib/mcpu-430x/mmpy-16/msr20/mc20/libc.a(memmove.o)
                0x0000d2de                memmove
 .any.text.memset
                0x0000d3c6       0x5c /usr/local/bin/../lib/gcc/msp430/4.7.2/../../../../msp430/lib/mcpu-430x/mmpy-16/msr20/mc20/libc.a(memset.o)
                0x0000d3c6                memset

.rodata         0x0000d424      0x545
                0x0000d424                . = ALIGN (0x2)
 *(.rodata .rodata.* .gnu.linkonce.r.*)
 .rodata.udp_rx_callback
                0x0000d424       0x24 server-node.o
 .rodata.autostart_processes
                0x0000d448        0x4 server-node.o
                0x0000d448                autostart_processes
 .rodata        0x0000d44c        0xb server-node.o
 .rodata        0x0000d457       0xf1 build/z1/obj/contiki-main.o
 .rodata.platform_init_stage_three
                0x0000d548       0x30 build/z1/contiki-ng-z1.a(platform.o)
 .rodata.process_thread_simple_energest_process
                0x0000d578       0x25 build/z1/contiki-ng-z1.a(simple-energest)
 .rodata.simple_energest_init
                0x0000d59d       0x14 build/z1/contiki-ng-z1.a(simple-energest)
 .rodata        0x0000d5b1       0x10 build/z1/contiki-ng-z1.a(simple-energest)
 .rodata.log_6addr
                0x0000d5c1        0x3 build/z1/contiki-ng-z1.a(log.o)
 .rodata.log_lladdr
                0x0000d5c4       0x14 build/z1/contiki-ng-z1.a(log.o)
 .rodata        0x0000d5d8        0xc build/z1/contiki-ng-z1.a(etimer.o)
 .rodata        0x0000d5e4        0xf build/z1/contiki-ng-z1.a(ctimer.o)
 .rodata.process_thread_stack_check_process
                0x0000d5f3       0x5e build/z1/contiki-ng-z1.a(stack-check.o)
 .rodata        0x0000d651        0xc build/z1/contiki-ng-z1.a(stack-check.o)
 *fill*         0x0000d65d        0x1 00
 .rodata.linkaddr_null
                0x0000d65e        0x8 build/z1/contiki-ng-z1.a(linkaddr.o)